11-10 13:08:28.637 12835 12991 V LynxModule: retransmitting: mod=2 cmd=0x100f msg#=6 ref#=0 
11-10 13:08:28.839 12835 12981 E LynxModule: unable to find originating LynxRespondable for mod=2 msg#=6 ref#=6
11-10 13:08:28.940 12835 12991 V LynxModule: retransmitting: mod=2 cmd=0x100a msg#=7 ref#=0 
11-10 13:08:29.143 12835 12981 E LynxModule: unable to find originating LynxRespondable for mod=2 msg#=7 ref#=7
11-10 13:08:29.244 12835 12991 V LynxModule: retransmitting: mod=2 cmd=0x1017 msg#=8 ref#=0 
11-10 13:08:29.447 12835 12981 E LynxModule: unable to find originating LynxRespondable for mod=2 msg#=8 ref#=8
11-10 13:08:29.548 12835 12991 V LynxModule: retransmitting: mod=2 cmd=0x1017 msg#=9 ref#=0 
11-10 13:08:29.751 12835 12981 E LynxModule: unable to find originating LynxRespondable for mod=2 msg#=9 ref#=9
11-10 13:08:29.852 12835 12991 V LynxModule: retransmitting: mod=2 cmd=0x1017 msg#=10 ref#=0 
11-10 13:08:30.055 12835 12981 E LynxModule: unable to find originating LynxRespondable for mod=2 msg#=10 ref#=10
11-10 13:08:30.156 12835 12991 V LynxModule: retransmitting: mod=2 cmd=0x1017 msg#=11 ref#=0 
11-10 13:08:30.359 12835 12981 E LynxModule: unable to find originating LynxRespondable for mod=2 msg#=11 ref#=11
11-10 13:08:30.460 12835 12991 V LynxModule: retransmitting: mod=2 cmd=0x1017 msg#=12 ref#=0 
11-10 13:08:30.663 12835 12981 E LynxModule: unable to find originating LynxRespondable for mod=2 msg#=12 ref#=12
11-10 13:08:30.764 12835 12991 V LynxModule: retransmitting: mod=2 cmd=0x1017 msg#=13 ref#=0 
11-10 13:08:30.967 12835 12981 E LynxModule: unable to find originating LynxRespondable for mod=2 msg#=13 ref#=13
11-10 13:08:31.068 12835 12991 V LynxModule: retransmitting: mod=2 cmd=0x1018 msg#=14 ref#=0 
11-10 13:08:31.271 12835 12981 E LynxModule: unable to find originating command for packetid=0x9018 msg#=14 ref#=14
11-10 13:08:31.371 12835 12991 V LynxModule: retransmitting: mod=2 cmd=0x1018 msg#=15 ref#=0 
11-10 13:08:31.574 12835 12981 E LynxModule: unable to find originating command for packetid=0x9018 msg#=15 ref#=15
11-10 13:08:31.675 12835 12991 V LynxModule: retransmitting: mod=2 cmd=0x1018 msg#=16 ref#=0 
11-10 13:08:31.878 12835 12981 E LynxModule: unable to find originating command for packetid=0x9018 msg#=16 ref#=16
11-10 13:08:32.181 12835 12991 V LynxModule: retransmitting: mod=2 cmd=0x1018 msg#=18 ref#=0 
11-10 13:08:32.383 12835 12981 E LynxModule: unable to find originating command for packetid=0x9018 msg#=18 ref#=18
11-10 13:08:32.484 12835 12991 V LynxModule: retransmitting: mod=2 cmd=0x1018 msg#=19 ref#=0 
11-10 13:08:32.687 12835 12981 E LynxModule: unable to find originating command for packetid=0x9018 msg#=19 ref#=19
11-10 13:08:32.788 12835 12991 V LynxModule: retransmitting: mod=2 cmd=0x1018 msg#=20 ref#=0 
11-10 13:08:32.991 12835 12981 E LynxModule: unable to find originating command for packetid=0x9018 msg#=20 ref#=20
11-10 13:08:33.092 12835 12991 V LynxModule: retransmitting: mod=2 cmd=0x1018 msg#=21 ref#=0 
11-10 13:08:33.194 12835 12991 V ThreadPool: container(0x07ac7c1d: LinearOpMode) added id=920 TID=0 count=1
11-10 13:08:33.199 12835 13012 V RobotCore: thread: 'LinearOpMode main' starting...
11-10 13:08:33.199 12835 12903 I BatteryChecker: percent remaining: 14 is charging: false
11-10 13:08:33.221 12835 12907 V Robocol : sending CMD_NOTIFY_INIT_OP_MODE(1352), attempt: 0
11-10 13:08:33.295 12835 12981 E LynxModule: unable to find originating command for packetid=0x9018 msg#=21 ref#=21
11-10 13:08:33.396 12835 13012 V LynxModule: retransmitting: mod=2 cmd=0x1009 msg#=22 ref#=0 
11-10 13:08:33.599 12835 12981 E LynxModule: unable to find originating command for packetid=0x9009 msg#=22 ref#=22
11-10 13:08:33.700 12835 13012 V LynxModule: retransmitting: mod=2 cmd=0x1008 msg#=23 ref#=0 
11-10 13:08:33.902 12835 12981 E LynxModule: unable to find originating LynxRespondable for mod=2 msg#=23 ref#=23
11-10 13:08:34.004 12835 13012 V LynxModule: retransmitting: mod=2 cmd=0x1009 msg#=24 ref#=0 
11-10 13:08:34.207 12835 12981 E LynxModule: unable to find originating command for packetid=0x9009 msg#=24 ref#=24
11-10 13:08:34.308 12835 13012 V LynxModule: retransmitting: mod=2 cmd=0x1008 msg#=25 ref#=0 
11-10 13:08:34.511 12835 12981 E LynxModule: unable to find originating LynxRespondable for mod=2 msg#=25 ref#=25
11-10 13:08:34.612 12835 13012 V LynxModule: retransmitting: mod=2 cmd=0x1007 msg#=26 ref#=0 
11-10 13:08:34.814 12835 12981 E LynxModule: unable to find originating command for packetid=0x9007 msg#=26 ref#=26
11-10 13:08:34.915 12835 12903 V LynxModule: retransmitting: mod=2 cmd=0x1007 msg#=27 ref#=0 
11-10 13:08:35.017 12835 12903 E Robocol : command processing took 25.217 s: command=CMD_INIT_OP_MODE
11-10 13:08:35.019 12835 12991 V ThreadPool: waiting for service user linear op mode
11-10 13:08:35.019 12835 13012 V RobotCore: thread: ...terminating 'LinearOpMode main'
11-10 13:08:35.019 12835 12991 V ThreadPool: awaitTermination returned, isTerminated=true
11-10 13:08:35.019 12835 12991 V ThreadPool: executive service user linear op mode(0x07ac7c1d) is terminated
11-10 13:08:35.019 12835 13012 V ThreadPool: container(0x07ac7c1d: LinearOpMode) removed id=920 TID=13012 count=1
11-10 13:08:35.019 12835 12991 I RobotCore: Attempting to switch to op mode LoaderBot
11-10 13:08:35.118 12835 12981 E LynxModule: unable to find originating command for packetid=0x9007 msg#=27 ref#=27
11-10 13:08:35.219 12835 12991 V LynxModule: retransmitting: mod=2 cmd=0x101d msg#=28 ref#=0 
11-10 13:08:35.321 12835 12991 W LynxPwmOutputController: LynxSetPWMEnableCommand not implemented by lynx hw; ignoring
11-10 13:08:35.422 12835 12981 E LynxModule: unable to find originating LynxRespondable for mod=2 msg#=28 ref#=28
11-10 13:08:35.523 12835 12991 V LynxModule: retransmitting: mod=2 cmd=0x1019 msg#=29 ref#=0 
11-10 13:08:35.625 12835 12991 W LynxPwmOutputController: LynxSetPWMConfigurationCommand not implemented by lynx hw; ignoring
11-10 13:08:35.726 12835 12981 E LynxModule: unable to find originating LynxRespondable for mod=2 msg#=29 ref#=29
11-10 13:08:35.827 12835 12991 V LynxModule: retransmitting: mod=2 cmd=0x101d msg#=30 ref#=0 
11-10 13:08:35.929 12835 12991 W LynxPwmOutputController: LynxSetPWMEnableCommand not implemented by lynx hw; ignoring
11-10 13:08:36.029 12835 12981 E LynxModule: unable to find originating LynxRespondable for mod=2 msg#=30 ref#=30
11-10 13:08:36.130 12835 12991 V LynxModule: retransmitting: mod=2 cmd=0x1019 msg#=31 ref#=0 
11-10 13:08:36.232 12835 12991 W LynxPwmOutputController: LynxSetPWMConfigurationCommand not implemented by lynx hw; ignoring
11-10 13:08:36.333 12835 12981 E LynxModule: unable to find originating LynxRespondable for mod=2 msg#=31 ref#=31
11-10 13:08:36.434 12835 12991 V LynxModule: retransmitting: mod=2 cmd=0x101d msg#=32 ref#=0 
11-10 13:08:36.537 12835 12991 W LynxPwmOutputController: LynxSetPWMEnableCommand not implemented by lynx hw; ignoring
11-10 13:08:36.637 12835 12981 E LynxModule: unable to find originating LynxRespondable for mod=2 msg#=32 ref#=32
11-10 13:08:36.738 12835 12991 V LynxModule: retransmitting: mod=2 cmd=0x1019 msg#=33 ref#=0 
11-10 13:08:36.841 12835 12991 W LynxPwmOutputController: LynxSetPWMConfigurationCommand not implemented by lynx hw; ignoring
11-10 13:08:36.941 12835 12981 E LynxModule: unable to find originating LynxRespondable for mod=2 msg#=33 ref#=33
11-10 13:08:37.042 12835 12991 V LynxModule: retransmitting: mod=2 cmd=0x101d msg#=34 ref#=0 
11-10 13:08:37.145 12835 12991 W LynxPwmOutputController: LynxSetPWMEnableCommand not implemented by lynx hw; ignoring
11-10 13:08:37.245 12835 12981 E LynxModule: unable to find originating LynxRespondable for mod=2 msg#=34 ref#=34
11-10 13:08:37.346 12835 12991 V LynxModule: retransmitting: mod=2 cmd=0x1019 msg#=35 ref#=0 
11-10 13:08:37.449 12835 12991 W LynxPwmOutputController: LynxSetPWMConfigurationCommand not implemented by lynx hw; ignoring
11-10 13:08:37.550 12835 12981 E LynxModule: unable to find originating LynxRespondable for mod=2 msg#=35 ref#=35
11-10 13:08:37.651 12835 12991 V LynxModule: retransmitting: mod=2 cmd=0x101f msg#=36 ref#=0 
11-10 13:08:37.853 12835 12981 E LynxModule: unable to find originating LynxRespondable for mod=2 msg#=36 ref#=36
11-10 13:08:37.955 12835 12991 V LynxModule: retransmitting: mod=2 cmd=0x101f msg#=37 ref#=0 
11-10 13:08:38.158 12835 12981 E LynxModule: unable to find originating LynxRespondable for mod=2 msg#=37 ref#=37
11-10 13:08:38.258 12835 12991 V LynxModule: retransmitting: mod=2 cmd=0x101f msg#=38 ref#=0 
11-10 13:08:38.462 12835 12981 E LynxModule: unable to find originating LynxRespondable for mod=2 msg#=38 ref#=38
11-10 13:08:38.562 12835 12991 V LynxModule: retransmitting: mod=2 cmd=0x101f msg#=39 ref#=0 
11-10 13:08:38.765 12835 12981 E LynxModule: unable to find originating LynxRespondable for mod=2 msg#=39 ref#=39
11-10 13:08:38.866 12835 12991 V LynxModule: retransmitting: mod=2 cmd=0x101f msg#=40 ref#=0 
11-10 13:08:39.069 12835 12981 E LynxModule: unable to find originating LynxRespondable for mod=2 msg#=40 ref#=40
11-10 13:08:39.371 12835 12991 V LynxModule: retransmitting: mod=2 cmd=0x1023 msg#=42 ref#=0 
11-10 13:08:39.575 12835 12981 E LynxModule: unable to find originating LynxRespondable for mod=2 msg#=42 ref#=42
11-10 13:08:39.621 12835 12904 V Robocol : received command: CMD_RUN_OP_MODE(11269) LoaderBot
11-10 13:08:39.676 12835 12991 V LynxModule: retransmitting: mod=2 cmd=0x1023 msg#=43 ref#=0 
11-10 13:08:39.878 12835 12981 E LynxModule: unable to find originating LynxRespondable for mod=2 msg#=43 ref#=43
11-10 13:08:39.980 12835 12991 V LynxModule: retransmitting: mod=2 cmd=0x1023 msg#=44 ref#=0 
11-10 13:08:40.183 12835 12981 E LynxModule: unable to find originating LynxRespondable for mod=2 msg#=44 ref#=44
11-10 13:08:40.284 12835 12991 V LynxModule: retransmitting: mod=2 cmd=0x1023 msg#=45 ref#=0 
11-10 13:08:40.487 12835 12981 E LynxModule: unable to find originating LynxRespondable for mod=2 msg#=45 ref#=45
11-10 13:08:40.588 12835 12991 V LynxModule: retransmitting: mod=2 cmd=0x1023 msg#=46 ref#=0 
11-10 13:08:40.791 12835 12981 E LynxModule: unable to find originating LynxRespondable for mod=2 msg#=46 ref#=46
11-10 13:08:40.892 12835 12991 V LynxModule: retransmitting: mod=2 cmd=0x1023 msg#=47 ref#=0 
11-10 13:08:41.094 12835 12981 E LynxModule: unable to find originating LynxRespondable for mod=2 msg#=47 ref#=47
11-10 13:08:41.194 12835 12991 V LynxModule: retransmitting: mod=2 cmd=0x1003 msg#=48 ref#=0 
11-10 13:08:41.397 12835 12981 E LynxModule: unable to find originating LynxRespondable for mod=2 msg#=48 ref#=48
11-10 13:08:41.498 12835 12991 V LynxModule: retransmitting: mod=2 cmd=0x1003 msg#=49 ref#=0 
11-10 13:08:41.700 12835 12981 E LynxModule: unable to find originating LynxRespondable for mod=2 msg#=49 ref#=49
11-10 13:08:41.801 12835 12991 V LynxModule: retransmitting: mod=2 cmd=0x1003 msg#=50 ref#=0 
11-10 13:08:42.004 12835 12981 E LynxModule: unable to find originating LynxRespondable for mod=2 msg#=50 ref#=50
11-10 13:08:42.105 12835 12991 V LynxModule: retransmitting: mod=2 cmd=0x1003 msg#=51 ref#=0 
11-10 13:08:42.307 12835 12981 E LynxModule: unable to find originating LynxRespondable for mod=2 msg#=51 ref#=51
11-10 13:08:42.408 12835 12991 V LynxModule: retransmitting: mod=2 cmd=0x1003 msg#=52 ref#=0 
11-10 13:08:42.611 12835 12981 E LynxModule: unable to find originating LynxRespondable for mod=2 msg#=52 ref#=52
11-10 13:08:42.712 12835 12991 V LynxModule: retransmitting: mod=2 cmd=0x1003 msg#=53 ref#=0 
11-10 13:08:42.915 12835 12981 E LynxModule: unable to find originating LynxRespondable for mod=2 msg#=53 ref#=53
11-10 13:08:43.016 12835 12991 V LynxModule: retransmitting: mod=2 cmd=0x1003 msg#=54 ref#=0 
11-10 13:08:43.219 12835 12981 E LynxModule: unable to find originating LynxRespondable for mod=2 msg#=54 ref#=54
11-10 13:08:43.320 12835 12991 V LynxModule: retransmitting: mod=2 cmd=0x1003 msg#=55 ref#=0 
11-10 13:08:43.523 12835 12981 E LynxModule: unable to find originating LynxRespondable for mod=2 msg#=55 ref#=55
11-10 13:08:43.624 12835 12991 V LynxModule: retransmitting: mod=2 cmd=0x1009 msg#=56 ref#=0 
11-10 13:08:43.826 12835 12981 E LynxModule: unable to find originating command for packetid=0x9009 msg#=56 ref#=56
11-10 13:08:43.927 12835 12991 V LynxModule: retransmitting: mod=2 cmd=0x1008 msg#=57 ref#=0 
11-10 13:08:44.130 12835 12981 E LynxModule: unable to find originating LynxRespondable for mod=2 msg#=57 ref#=57
11-10 13:08:44.231 12835 12991 V LynxModule: retransmitting: mod=2 cmd=0x1009 msg#=58 ref#=0 
11-10 13:08:44.434 12835 12981 E LynxModule: unable to find originating command for packetid=0x9009 msg#=58 ref#=58
11-10 13:08:44.535 12835 12991 V LynxModule: retransmitting: mod=2 cmd=0x100f msg#=59 ref#=0 
11-10 13:08:44.738 12835 12981 E LynxModule: unable to find originating LynxRespondable for mod=2 msg#=59 ref#=59
11-10 13:08:44.839 12835 12991 V LynxModule: retransmitting: mod=2 cmd=0x100a msg#=60 ref#=0 
11-10 13:08:45.042 12835 12981 E LynxModule: unable to find originating LynxRespondable for mod=2 msg#=60 ref#=60
11-10 13:08:45.143 12835 12991 V LynxModule: retransmitting: mod=2 cmd=0x1009 msg#=61 ref#=0 
11-10 13:08:45.346 12835 12981 E LynxModule: unable to find originating command for packetid=0x9009 msg#=61 ref#=61
11-10 13:08:45.447 12835 12991 V LynxModule: retransmitting: mod=2 cmd=0x1008 msg#=62 ref#=0 
11-10 13:08:45.650 12835 12981 E LynxModule: unable to find originating LynxRespondable for mod=2 msg#=62 ref#=62
11-10 13:08:45.751 12835 12991 V LynxModule: retransmitting: mod=2 cmd=0x1009 msg#=63 ref#=0 
11-10 13:08:45.954 12835 12981 E LynxModule: unable to find originating command for packetid=0x9009 msg#=63 ref#=63
11-10 13:08:46.055 12835 12991 V LynxModule: retransmitting: mod=2 cmd=0x100f msg#=64 ref#=0 
11-10 13:08:46.055 12835 12991 F Assert  : assertion failed
11-10 13:08:46.056 12835 12991 E Assert  : java.lang.RuntimeException: assertion failed
11-10 13:08:46.056 12835 12991 E Assert  : 	at org.firstinspires.ftc.robotcore.internal.system.Assert.assertFailed(Assert.java:127)
11-10 13:08:46.057 12835 12991 E Assert  : 	at org.firstinspires.ftc.robotcore.internal.system.Assert.assertTrue(Assert.java:52)
11-10 13:08:46.058 12835 12991 E Assert  : 	at com.qualcomm.hardware.lynx.LynxUsbDeviceImpl.transmit(LynxUsbDeviceImpl.java:743)
11-10 13:08:46.058 12835 12991 E Assert  : 	at com.qualcomm.hardware.lynx.LynxUsbDeviceDelegate.transmit(LynxUsbDeviceDelegate.java:186)
11-10 13:08:46.058 12835 12991 E Assert  : 	at com.qualcomm.hardware.lynx.LynxModule.retransmit(LynxModule.java:1161)
11-10 13:08:46.058 12835 12991 E Assert  : 	at com.qualcomm.hardware.lynx.commands.LynxRespondable.awaitAndRetransmit(LynxRespondable.java:364)
11-10 13:08:46.059 12835 12991 E Assert  : 	at com.qualcomm.hardware.lynx.commands.LynxRespondable.awaitAckResponseOrNack(LynxRespondable.java:376)
11-10 13:08:46.059 12835 12991 E Assert  : 	at com.qualcomm.hardware.lynx.commands.LynxRespondable.send(LynxRespondable.java:238)
11-10 13:08:46.059 12835 12991 E Assert  : 	at com.qualcomm.hardware.lynx.LynxDcMotorController.internalSetMotorPower(LynxDcMotorController.java:499)
11-10 13:08:46.060 12835 12991 E Assert  : 	at com.qualcomm.hardware.lynx.LynxDcMotorController.internalSetMotorPower(LynxDcMotorController.java:458)
11-10 13:08:46.060 12835 12991 E Assert  : 	at com.qualcomm.hardware.lynx.LynxDcMotorController.setMotorPowerFloat(LynxDcMotorController.java:592)
11-10 13:08:46.061 12835 12991 E Assert  : 	at com.qualcomm.hardware.lynx.LynxDcMotorController.floatHardware(LynxDcMotorController.java:758)
11-10 13:08:46.061 12835 12991 E Assert  : 	at com.qualcomm.hardware.lynx.LynxDcMotorController.initializeHardware(LynxDcMotorController.java:141)
11-10 13:08:46.061 12835 12991 E Assert  : 	at com.qualcomm.hardware.lynx.LynxController.resetDeviceConfigurationForOpMode(LynxController.java:201)
11-10 13:08:46.062 12835 12991 E Assert  : 	at org.firstinspires.ftc.robotcore.internal.opmode.OpModeManagerImpl.resetHardwareForOpMode(OpModeManagerImpl.java:340)
11-10 13:08:46.062 12835 12991 E Assert  : 	at org.firstinspires.ftc.robotcore.internal.opmode.OpModeManagerImpl.runActiveOpMode(OpModeManagerImpl.java:314)
11-10 13:08:46.062 12835 12991 E Assert  : 	at com.qualcomm.ftccommon.FtcEventLoop.loop(FtcEventLoop.java:207)
11-10 13:08:46.062 12835 12991 E Assert  : 	at com.qualcomm.robotcore.eventloop.EventLoopManager$EventLoopRunnable$1.run(EventLoopManager.java:298)
11-10 13:08:46.063 12835 12991 E Assert  : 	at com.qualcomm.robotcore.util.ThreadPool.logThreadLifeCycle(ThreadPool.java:709)
11-10 13:08:46.063 12835 12991 E Assert  : 	at com.qualcomm.robotcore.eventloop.EventLoopManager$EventLoopRunnable.run(EventLoopManager.java:241)
11-10 13:08:46.063 12835 12991 E Assert  : 	at com.qualcomm.robotcore.eventloop.EventLoopManager$1.run(EventLoopManager.java:562)
11-10 13:08:46.063 12835 12991 E Assert  : 	at java.util.concurrent.ThreadPoolExecutor.runWorker(ThreadPoolExecutor.java:1113)
11-10 13:08:46.064 12835 12991 E Assert  : 	at java.util.concurrent.ThreadPoolExecutor$Worker.run(ThreadPoolExecutor.java:588)
11-10 13:08:46.064 12835 12991 E Assert  : 	at com.qualcomm.robotcore.util.ThreadPool$ThreadFactoryImpl$1.run(ThreadPool.java:764)
11-10 13:08:46.064 12835 12991 E Assert  : 	at java.lang.Thread.run(Thread.java:818)
11-10 13:08:46.065 12835 12991 E LynxMotor: exception thrown during lynx communication
11-10 13:08:46.066 12835 12991 E LynxMotor: java.lang.NullPointerException: Attempt to invoke virtual method 'byte[] com.qualcomm.hardware.lynx.commands.LynxDatagram.toByteArray()' on a null object reference
11-10 13:08:46.066 12835 12991 E LynxMotor: 	at com.qualcomm.hardware.lynx.LynxUsbDeviceImpl.transmit(LynxUsbDeviceImpl.java:745)
11-10 13:08:46.067 12835 12991 E LynxMotor: 	at com.qualcomm.hardware.lynx.LynxUsbDeviceDelegate.transmit(LynxUsbDeviceDelegate.java:186)
11-10 13:08:46.067 12835 12991 E LynxMotor: 	at com.qualcomm.hardware.lynx.LynxModule.retransmit(LynxModule.java:1161)
11-10 13:08:46.068 12835 12991 E LynxMotor: 	at com.qualcomm.hardware.lynx.commands.LynxRespondable.awaitAndRetransmit(LynxRespondable.java:364)
11-10 13:08:46.068 12835 12991 E LynxMotor: 	at com.qualcomm.hardware.lynx.commands.LynxRespondable.awaitAckResponseOrNack(LynxRespondable.java:376)
11-10 13:08:46.068 12835 12991 E LynxMotor: 	at com.qualcomm.hardware.lynx.commands.LynxRespondable.send(LynxRespondable.java:238)
11-10 13:08:46.069 12835 12991 E LynxMotor: 	at com.qualcomm.hardware.lynx.LynxDcMotorController.internalSetMotorPower(LynxDcMotorController.java:499)
11-10 13:08:46.069 12835 12991 E LynxMotor: 	at com.qualcomm.hardware.lynx.LynxDcMotorController.internalSetMotorPower(LynxDcMotorController.java:458)
11-10 13:08:46.069 12835 12991 E LynxMotor: 	at com.qualcomm.hardware.lynx.LynxDcMotorController.setMotorPowerFloat(LynxDcMotorController.java:592)
11-10 13:08:46.069 12835 12991 E LynxMotor: 	at com.qualcomm.hardware.lynx.LynxDcMotorController.floatHardware(LynxDcMotorController.java:758)
11-10 13:08:46.070 12835 12991 E LynxMotor: 	at com.qualcomm.hardware.lynx.LynxDcMotorController.initializeHardware(LynxDcMotorController.java:141)
11-10 13:08:46.070 12835 12991 E LynxMotor: 	at com.qualcomm.hardware.lynx.LynxController.resetDeviceConfigurationForOpMode(LynxController.java:201)
11-10 13:08:46.070 12835 12991 E LynxMotor: 	at org.firstinspires.ftc.robotcore.internal.opmode.OpModeManagerImpl.resetHardwareForOpMode(OpModeManagerImpl.java:340)
11-10 13:08:46.071 12835 12991 E LynxMotor: 	at org.firstinspires.ftc.robotcore.internal.opmode.OpModeManagerImpl.runActiveOpMode(OpModeManagerImpl.java:314)
11-10 13:08:46.071 12835 12991 E LynxMotor: 	at com.qualcomm.ftccommon.FtcEventLoop.loop(FtcEventLoop.java:207)
11-10 13:08:46.071 12835 12991 E LynxMotor: 	at com.qualcomm.robotcore.eventloop.EventLoopManager$EventLoopRunnable$1.run(EventLoopManager.java:298)
11-10 13:08:46.072 12835 12991 E LynxMotor: 	at com.qualcomm.robotcore.util.ThreadPool.logThreadLifeCycle(ThreadPool.java:709)
11-10 13:08:46.072 12835 12991 E LynxMotor: 	at com.qualcomm.robotcore.eventloop.EventLoopManager$EventLoopRunnable.run(EventLoopManager.java:241)
11-10 13:08:46.072 12835 12991 E LynxMotor: 	at com.qualcomm.robotcore.eventloop.EventLoopManager$1.run(EventLoopManager.java:562)
11-10 13:08:46.072 12835 12991 E LynxMotor: 	at java.util.concurrent.ThreadPoolExecutor.runWorker(ThreadPoolExecutor.java:1113)
11-10 13:08:46.073 12835 12991 E LynxMotor: 	at java.util.concurrent.ThreadPoolExecutor$Worker.run(ThreadPoolExecutor.java:588)
11-10 13:08:46.073 12835 12991 E LynxMotor: 	at com.qualcomm.robotcore.util.ThreadPool$ThreadFactoryImpl$1.run(ThreadPool.java:764)
11-10 13:08:46.073 12835 12991 E LynxMotor: 	at java.lang.Thread.run(Thread.java:818)
11-10 13:08:47.269 12835 12991 V LynxModule: retransmitting: mod=2 cmd=0x1009 msg#=70 ref#=0 
11-10 13:08:47.472 12835 12981 E LynxModule: unable to find originating command for packetid=0x9009 msg#=70 ref#=70
11-10 13:08:47.573 12835 12991 V LynxModule: retransmitting: mod=2 cmd=0x1008 msg#=71 ref#=0 
11-10 13:08:47.776 12835 12981 E LynxModule: unable to find originating LynxRespondable for mod=2 msg#=71 ref#=71
11-10 13:08:47.877 12835 12991 V LynxModule: retransmitting: mod=2 cmd=0x1009 msg#=72 ref#=0 
11-10 13:08:48.080 12835 12981 E LynxModule: unable to find originating command for packetid=0x9009 msg#=72 ref#=72
11-10 13:08:48.382 12835 12991 V LynxModule: retransmitting: mod=2 cmd=0x100a msg#=74 ref#=0 
11-10 13:08:48.585 12835 12981 E LynxModule: unable to find originating LynxRespondable for mod=2 msg#=74 ref#=74
11-10 13:08:48.686 12835 12991 V LynxModule: retransmitting: mod=2 cmd=0x1009 msg#=75 ref#=0 
11-10 13:08:48.889 12835 12981 E LynxModule: unable to find originating command for packetid=0x9009 msg#=75 ref#=75
11-10 13:08:48.990 12835 12991 V LynxModule: retransmitting: mod=2 cmd=0x1008 msg#=76 ref#=0 
11-10 13:08:49.193 12835 12981 E LynxModule: unable to find originating LynxRespondable for mod=2 msg#=76 ref#=76
11-10 13:08:49.294 12835 12991 V LynxModule: retransmitting: mod=2 cmd=0x100f msg#=77 ref#=0 
11-10 13:08:49.498 12835 12981 E LynxModule: unable to find originating LynxRespondable for mod=2 msg#=77 ref#=77
11-10 13:08:50.002 12835 12991 V LynxModule: retransmitting: mod=2 cmd=0x1008 msg#=80 ref#=0 
11-10 13:08:50.205 12835 12981 E LynxModule: unable to find originating LynxRespondable for mod=2 msg#=80 ref#=80
11-10 13:08:50.306 12835 12991 V LynxModule: retransmitting: mod=2 cmd=0x100f msg#=81 ref#=0 
11-10 13:08:50.509 12835 12981 E LynxModule: unable to find originating LynxRespondable for mod=2 msg#=81 ref#=81
11-10 13:08:50.610 12835 12991 V LynxModule: retransmitting: mod=2 cmd=0x100a msg#=82 ref#=0 
11-10 13:08:50.813 12835 12981 E LynxModule: unable to find originating LynxRespondable for mod=2 msg#=82 ref#=82
11-10 13:08:50.914 12835 12991 V LynxModule: retransmitting: mod=2 cmd=0x1009 msg#=83 ref#=0 
11-10 13:08:51.117 12835 12981 E LynxModule: unable to find originating command for packetid=0x9009 msg#=83 ref#=83
11-10 13:08:51.218 12835 12991 V LynxModule: retransmitting: mod=2 cmd=0x1008 msg#=84 ref#=0 
11-10 13:08:51.420 12835 12981 E LynxModule: unable to find originating LynxRespondable for mod=2 msg#=84 ref#=84
11-10 13:08:51.521 12835 12991 V LynxModule: retransmitting: mod=2 cmd=0x100f msg#=85 ref#=0 
11-10 13:08:51.724 12835 12981 E LynxModule: unable to find originating LynxRespondable for mod=2 msg#=85 ref#=85
11-10 13:08:51.825 12835 12991 V LynxModule: retransmitting: mod=2 cmd=0x100a msg#=86 ref#=0 
11-10 13:08:52.028 12835 12981 E LynxModule: unable to find originating LynxRespondable for mod=2 msg#=86 ref#=86
11-10 13:08:52.129 12835 12991 V LynxModule: retransmitting: mod=2 cmd=0x1009 msg#=87 ref#=0 
11-10 13:08:52.332 12835 12981 E LynxModule: unable to find originating command for packetid=0x9009 msg#=87 ref#=87
11-10 13:08:52.433 12835 12991 V LynxModule: retransmitting: mod=2 cmd=0x1008 msg#=88 ref#=0 
11-10 13:08:52.636 12835 12981 E LynxModule: unable to find originating LynxRespondable for mod=2 msg#=88 ref#=88
11-10 13:08:52.737 12835 12991 V LynxModule: retransmitting: mod=2 cmd=0x100f msg#=89 ref#=0 
11-10 13:08:52.940 12835 12981 E LynxModule: unable to find originating LynxRespondable for mod=2 msg#=89 ref#=89
11-10 13:08:53.041 12835 12991 V LynxModule: retransmitting: mod=2 cmd=0x100a msg#=90 ref#=0 
11-10 13:08:53.244 12835 12981 E LynxModule: unable to find originating LynxRespondable for mod=2 msg#=90 ref#=90
11-10 13:08:53.345 12835 12991 V LynxModule: retransmitting: mod=2 cmd=0x1017 msg#=91 ref#=0 
11-10 13:08:53.548 12835 12981 E LynxModule: unable to find originating LynxRespondable for mod=2 msg#=91 ref#=91
11-10 13:08:53.649 12835 12991 V LynxModule: retransmitting: mod=2 cmd=0x1017 msg#=92 ref#=0 
11-10 13:08:53.852 12835 12981 E LynxModule: unable to find originating LynxRespondable for mod=2 msg#=92 ref#=92
11-10 13:08:53.953 12835 12991 V LynxModule: retransmitting: mod=2 cmd=0x1017 msg#=93 ref#=0 
11-10 13:08:54.157 12835 12981 E LynxModule: unable to find originating LynxRespondable for mod=2 msg#=93 ref#=93
11-10 13:08:54.257 12835 12991 V LynxModule: retransmitting: mod=2 cmd=0x1017 msg#=94 ref#=0 
11-10 13:08:54.459 12835 12981 E LynxModule: unable to find originating LynxRespondable for mod=2 msg#=94 ref#=94
11-10 13:08:55.167 12835 12991 V LynxModule: retransmitting: mod=2 cmd=0x1018 msg#=98 ref#=0 
11-10 13:08:55.370 12835 12981 E LynxModule: unable to find originating command for packetid=0x9018 msg#=98 ref#=98
11-10 13:08:55.471 12835 12991 V LynxModule: retransmitting: mod=2 cmd=0x1018 msg#=99 ref#=0 
11-10 13:08:55.674 12835 12981 E LynxModule: unable to find originating command for packetid=0x9018 msg#=99 ref#=99
11-10 13:08:55.775 12835 12991 V LynxModule: retransmitting: mod=2 cmd=0x1018 msg#=100 ref#=0 
11-10 13:08:55.978 12835 12981 E LynxModule: unable to find originating command for packetid=0x9018 msg#=100 ref#=100
11-10 13:08:56.079 12835 12991 V LynxModule: retransmitting: mod=2 cmd=0x1018 msg#=101 ref#=0 
11-10 13:08:56.281 12835 12981 E LynxModule: unable to find originating command for packetid=0x9018 msg#=101 ref#=101
11-10 13:08:56.382 12835 12991 V LynxModule: retransmitting: mod=2 cmd=0x1018 msg#=102 ref#=0 
11-10 13:08:56.586 12835 12981 E LynxModule: unable to find originating command for packetid=0x9018 msg#=102 ref#=102
11-10 13:08:56.687 12835 12991 V LynxModule: retransmitting: mod=2 cmd=0x1018 msg#=103 ref#=0 
11-10 13:08:56.889 12835 12981 E LynxModule: unable to find originating command for packetid=0x9018 msg#=103 ref#=103
11-10 13:08:56.990 12835 12991 V LynxModule: retransmitting: mod=2 cmd=0x1018 msg#=104 ref#=0 
11-10 13:08:57.092 12835 12991 V ThreadPool: container(0x009e7063: LinearOpMode) added id=921 TID=0 count=1
11-10 13:08:57.095 12835 13019 V RobotCore: thread: 'LinearOpMode main' starting...
11-10 13:08:57.098 12835 12903 I BatteryChecker: percent remaining: 14 is charging: false
11-10 13:08:57.099 12835 12907 V Robocol : sending CMD_NOTIFY_INIT_OP_MODE(1585), attempt: 0
11-10 13:08:57.193 12835 12981 E LynxModule: unable to find originating command for packetid=0x9018 msg#=104 ref#=104
11-10 13:08:57.496 12835 13019 V LynxModule: retransmitting: mod=2 cmd=0x1008 msg#=106 ref#=0 
11-10 13:08:57.700 12835 12981 E LynxModule: unable to find originating LynxRespondable for mod=2 msg#=106 ref#=106
11-10 13:08:57.801 12835 13019 V LynxModule: retransmitting: mod=2 cmd=0x1009 msg#=107 ref#=0 
11-10 13:08:58.003 12835 12981 E LynxModule: unable to find originating command for packetid=0x9009 msg#=107 ref#=107
11-10 13:08:58.104 12835 13019 V LynxModule: retransmitting: mod=2 cmd=0x1008 msg#=108 ref#=0 
11-10 13:08:58.307 12835 12981 E LynxModule: unable to find originating LynxRespondable for mod=2 msg#=108 ref#=108
11-10 13:08:58.408 12835 13019 V LynxModule: retransmitting: mod=2 cmd=0x1007 msg#=109 ref#=0 
11-10 13:08:58.611 12835 12981 E LynxModule: unable to find originating command for packetid=0x9007 msg#=109 ref#=109
11-10 13:08:58.712 12835 12903 V LynxModule: retransmitting: mod=2 cmd=0x1007 msg#=110 ref#=0 
11-10 13:08:58.815 12835 12903 E Robocol : command processing took 23.797 s: command=CMD_INIT_OP_MODE
11-10 13:08:58.816 12835 12991 V ThreadPool: waiting for service user linear op mode
11-10 13:08:58.816 12835 13019 V RobotCore: thread: ...terminating 'LinearOpMode main'
11-10 13:08:58.816 12835 13019 V ThreadPool: container(0x009e7063: LinearOpMode) removed id=921 TID=13019 count=1
11-10 13:08:58.817 12835 12991 V ThreadPool: awaitTermination returned, isTerminated=true
11-10 13:08:58.818 12835 12991 V ThreadPool: executive service user linear op mode(0x009e7063) is terminated
11-10 13:08:58.818 12835 12991 I RobotCore: Attempting to switch to op mode LoaderBot
11-10 13:08:58.915 12835 12981 E LynxModule: unable to find originating command for packetid=0x9007 msg#=110 ref#=110
11-10 13:08:59.016 12835 12991 V LynxModule: retransmitting: mod=2 cmd=0x101d msg#=111 ref#=0 
11-10 13:08:59.117 12835 12991 W LynxPwmOutputController: LynxSetPWMEnableCommand not implemented by lynx hw; ignoring
11-10 13:08:59.218 12835 12981 E LynxModule: unable to find originating LynxRespondable for mod=2 msg#=111 ref#=111
11-10 13:08:59.319 12835 12991 V LynxModule: retransmitting: mod=2 cmd=0x1019 msg#=112 ref#=0 
11-10 13:08:59.421 12835 12991 W LynxPwmOutputController: LynxSetPWMConfigurationCommand not implemented by lynx hw; ignoring
11-10 13:08:59.522 12835 12981 E LynxModule: unable to find originating LynxRespondable for mod=2 msg#=112 ref#=112
11-10 13:08:59.623 12835 12991 V LynxModule: retransmitting: mod=2 cmd=0x101d msg#=113 ref#=0 
11-10 13:08:59.725 12835 12991 W LynxPwmOutputController: LynxSetPWMEnableCommand not implemented by lynx hw; ignoring
11-10 13:08:59.826 12835 12981 E LynxModule: unable to find originating LynxRespondable for mod=2 msg#=113 ref#=113
11-10 13:08:59.926 12835 12991 V LynxModule: retransmitting: mod=2 cmd=0x1019 msg#=114 ref#=0 
11-10 13:09:00.031 12835 12991 W LynxPwmOutputController: LynxSetPWMConfigurationCommand not implemented by lynx hw; ignoring
11-10 13:09:00.129 12835 12981 E LynxModule: unable to find originating LynxRespondable for mod=2 msg#=114 ref#=114
11-10 13:09:00.230 12835 12991 V LynxModule: retransmitting: mod=2 cmd=0x101d msg#=115 ref#=0 
11-10 13:09:00.333 12835 12991 W LynxPwmOutputController: LynxSetPWMEnableCommand not implemented by lynx hw; ignoring
11-10 13:09:00.433 12835 12981 E LynxModule: unable to find originating LynxRespondable for mod=2 msg#=115 ref#=115
11-10 13:09:00.534 12835 12991 V LynxModule: retransmitting: mod=2 cmd=0x1019 msg#=116 ref#=0 
11-10 13:09:00.637 12835 12991 W LynxPwmOutputController: LynxSetPWMConfigurationCommand not implemented by lynx hw; ignoring
11-10 13:09:00.738 12835 12981 E LynxModule: unable to find originating LynxRespondable for mod=2 msg#=116 ref#=116
11-10 13:09:00.838 12835 12991 V LynxModule: retransmitting: mod=2 cmd=0x101d msg#=117 ref#=0 
11-10 13:09:00.941 12835 12991 W LynxPwmOutputController: LynxSetPWMEnableCommand not implemented by lynx hw; ignoring
11-10 13:09:01.042 12835 12981 E LynxModule: unable to find originating LynxRespondable for mod=2 msg#=117 ref#=117
11-10 13:09:01.142 12835 12991 V LynxModule: retransmitting: mod=2 cmd=0x1019 msg#=118 ref#=0 
11-10 13:09:01.245 12835 12991 W LynxPwmOutputController: LynxSetPWMConfigurationCommand not implemented by lynx hw; ignoring
11-10 13:09:01.345 12835 12981 E LynxModule: unable to find originating LynxRespondable for mod=2 msg#=118 ref#=118
11-10 13:09:01.446 12835 12991 V LynxModule: retransmitting: mod=2 cmd=0x101f msg#=119 ref#=0 
11-10 13:09:01.650 12835 12981 E LynxModule: unable to find originating LynxRespondable for mod=2 msg#=119 ref#=119
11-10 13:09:01.750 12835 12991 V LynxModule: retransmitting: mod=2 cmd=0x101f msg#=120 ref#=0 
11-10 13:09:01.953 12835 12981 E LynxModule: unable to find originating LynxRespondable for mod=2 msg#=120 ref#=120
11-10 13:09:02.055 12835 12991 V LynxModule: retransmitting: mod=2 cmd=0x101f msg#=121 ref#=0 
11-10 13:09:02.258 12835 12981 E LynxModule: unable to find originating LynxRespondable for mod=2 msg#=121 ref#=121
11-10 13:09:02.359 12835 12991 V LynxModule: retransmitting: mod=2 cmd=0x101f msg#=122 ref#=0 
11-10 13:09:02.561 12835 12981 E LynxModule: unable to find originating LynxRespondable for mod=2 msg#=122 ref#=122
11-10 13:09:02.662 12835 12991 V LynxModule: retransmitting: mod=2 cmd=0x101f msg#=123 ref#=0 
11-10 13:09:02.864 12835 12981 E LynxModule: unable to find originating LynxRespondable for mod=2 msg#=123 ref#=123
11-10 13:09:02.965 12835 12991 V LynxModule: retransmitting: mod=2 cmd=0x101f msg#=124 ref#=0 
11-10 13:09:03.168 12835 12981 E LynxModule: unable to find originating LynxRespondable for mod=2 msg#=124 ref#=124
11-10 13:09:03.269 12835 12991 V LynxModule: retransmitting: mod=2 cmd=0x1023 msg#=125 ref#=0 
11-10 13:09:03.472 12835 12981 E LynxModule: unable to find originating LynxRespondable for mod=2 msg#=125 ref#=125
11-10 13:09:03.573 12835 12991 V LynxModule: retransmitting: mod=2 cmd=0x1023 msg#=126 ref#=0 
11-10 13:09:03.776 12835 12981 E LynxModule: unable to find originating LynxRespondable for mod=2 msg#=126 ref#=126
11-10 13:09:03.877 12835 12991 V LynxModule: retransmitting: mod=2 cmd=0x1023 msg#=127 ref#=0 
11-10 13:09:04.081 12835 12981 E LynxModule: unable to find originating LynxRespondable for mod=2 msg#=127 ref#=127
11-10 13:09:04.181 12835 12991 V LynxModule: retransmitting: mod=2 cmd=0x1023 msg#=128 ref#=0 
11-10 13:09:04.384 12835 12981 E LynxModule: unable to find originating LynxRespondable for mod=2 msg#=128 ref#=128
11-10 13:09:04.485 12835 12991 V LynxModule: retransmitting: mod=2 cmd=0x1023 msg#=129 ref#=0 
11-10 13:09:04.689 12835 12981 E LynxModule: unable to find originating LynxRespondable for mod=2 msg#=129 ref#=129
11-10 13:09:04.789 12835 12991 V LynxModule: retransmitting: mod=2 cmd=0x1023 msg#=130 ref#=0 
11-10 13:09:04.992 12835 12981 E LynxModule: unable to find originating LynxRespondable for mod=2 msg#=130 ref#=130
11-10 13:09:05.094 12835 12991 V LynxModule: retransmitting: mod=2 cmd=0x1003 msg#=131 ref#=0 
11-10 13:09:05.296 12835 12981 E LynxModule: unable to find originating LynxRespondable for mod=2 msg#=131 ref#=131
11-10 13:09:05.398 12835 12991 V LynxModule: retransmitting: mod=2 cmd=0x1003 msg#=132 ref#=0 
11-10 13:09:05.600 12835 12981 E LynxModule: unable to find originating LynxRespondable for mod=2 msg#=132 ref#=132
11-10 13:09:05.701 12835 12991 V LynxModule: retransmitting: mod=2 cmd=0x1003 msg#=133 ref#=0 
11-10 13:09:05.904 12835 12981 E LynxModule: unable to find originating LynxRespondable for mod=2 msg#=133 ref#=133
11-10 13:09:06.005 12835 12991 V LynxModule: retransmitting: mod=2 cmd=0x1003 msg#=134 ref#=0 
11-10 13:09:06.208 12835 12981 E LynxModule: unable to find originating LynxRespondable for mod=2 msg#=134 ref#=134
11-10 13:09:06.308 12835 12991 V LynxModule: retransmitting: mod=2 cmd=0x1003 msg#=135 ref#=0 
11-10 13:09:06.512 12835 12981 E LynxModule: unable to find originating LynxRespondable for mod=2 msg#=135 ref#=135
11-10 13:09:06.613 12835 12991 V LynxModule: retransmitting: mod=2 cmd=0x1003 msg#=136 ref#=0 
11-10 13:09:06.816 12835 12981 E LynxModule: unable to find originating LynxRespondable for mod=2 msg#=136 ref#=136
11-10 13:09:06.917 12835 12991 V LynxModule: retransmitting: mod=2 cmd=0x1003 msg#=137 ref#=0 
11-10 13:09:07.120 12835 12981 E LynxModule: unable to find originating LynxRespondable for mod=2 msg#=137 ref#=137
11-10 13:09:07.826 12835 12991 V LynxModule: retransmitting: mod=2 cmd=0x1009 msg#=141 ref#=0 
11-10 13:09:08.029 12835 12981 E LynxModule: unable to find originating command for packetid=0x9009 msg#=141 ref#=141
11-10 13:09:08.130 12835 12991 V LynxModule: retransmitting: mod=2 cmd=0x100f msg#=142 ref#=0 
11-10 13:09:08.333 12835 12981 E LynxModule: unable to find originating LynxRespondable for mod=2 msg#=142 ref#=142
11-10 13:09:08.434 12835 12991 V LynxModule: retransmitting: mod=2 cmd=0x100a msg#=143 ref#=0 
11-10 13:09:08.637 12835 12981 E LynxModule: unable to find originating LynxRespondable for mod=2 msg#=143 ref#=143
11-10 13:09:08.939 12835 12991 V LynxModule: retransmitting: mod=2 cmd=0x1008 msg#=145 ref#=0 
11-10 13:09:09.143 12835 12981 E LynxModule: unable to find originating LynxRespondable for mod=2 msg#=145 ref#=145
11-10 13:09:09.244 12835 12991 V LynxModule: retransmitting: mod=2 cmd=0x1009 msg#=146 ref#=0 
11-10 13:09:09.447 12835 12981 E LynxModule: unable to find originating command for packetid=0x9009 msg#=146 ref#=146
11-10 13:09:10.154 12835 12991 V LynxModule: retransmitting: mod=2 cmd=0x1008 msg#=150 ref#=0 
11-10 13:09:10.357 12835 12981 E LynxModule: unable to find originating LynxRespondable for mod=2 msg#=150 ref#=150
11-10 13:09:10.458 12835 12991 V LynxModule: retransmitting: mod=2 cmd=0x1009 msg#=151 ref#=0 
11-10 13:09:10.661 12835 12981 E LynxModule: unable to find originating command for packetid=0x9009 msg#=151 ref#=151
11-10 13:09:10.761 12835 12991 V LynxModule: retransmitting: mod=2 cmd=0x100f msg#=152 ref#=0 
11-10 13:09:10.964 12835 12981 E LynxModule: unable to find originating LynxRespondable for mod=2 msg#=152 ref#=152
11-10 13:09:11.065 12835 12991 V LynxModule: retransmitting: mod=2 cmd=0x100a msg#=153 ref#=0 
11-10 13:09:11.261 12835 12904 V EventLoopManager: synthetic gamepad received: id=-2 user=ONE atRest=true 
11-10 13:09:11.268 12835 12981 E LynxModule: unable to find originating LynxRespondable for mod=2 msg#=153 ref#=153
11-10 13:09:11.369 12835 12991 V LynxModule: retransmitting: mod=2 cmd=0x1009 msg#=154 ref#=0 
11-10 13:09:11.572 12835 12981 E LynxModule: unable to find originating command for packetid=0x9009 msg#=154 ref#=154
11-10 13:09:11.673 12835 12991 V LynxModule: retransmitting: mod=2 cmd=0x1008 msg#=155 ref#=0 
11-10 13:09:11.875 12835 12981 E LynxModule: unable to find originating LynxRespondable for mod=2 msg#=155 ref#=155
11-10 13:09:11.976 12835 12991 V LynxModule: retransmitting: mod=2 cmd=0x1009 msg#=156 ref#=0 
11-10 13:09:12.179 12835 12981 E LynxModule: unable to find originating command for packetid=0x9009 msg#=156 ref#=156
11-10 13:09:12.482 12835 12991 V LynxModule: retransmitting: mod=2 cmd=0x100a msg#=158 ref#=0 
11-10 13:09:12.685 12835 12981 E LynxModule: unable to find originating LynxRespondable for mod=2 msg#=158 ref#=158
11-10 13:09:12.786 12835 12991 V LynxModule: retransmitting: mod=2 cmd=0x1009 msg#=159 ref#=0 
11-10 13:09:12.989 12835 12981 E LynxModule: unable to find originating command for packetid=0x9009 msg#=159 ref#=159
11-10 13:09:13.090 12835 12991 V LynxModule: retransmitting: mod=2 cmd=0x1008 msg#=160 ref#=0 
11-10 13:09:13.292 12835 12981 E LynxModule: unable to find originating LynxRespondable for mod=2 msg#=160 ref#=160
11-10 13:09:13.393 12835 12991 V LynxModule: retransmitting: mod=2 cmd=0x100f msg#=161 ref#=0 
11-10 13:09:13.596 12835 12981 E LynxModule: unable to find originating LynxRespondable for mod=2 msg#=161 ref#=161
11-10 13:09:13.697 12835 12991 V LynxModule: retransmitting: mod=2 cmd=0x100a msg#=162 ref#=0 
11-10 13:09:13.900 12835 12981 E LynxModule: unable to find originating LynxRespondable for mod=2 msg#=162 ref#=162
11-10 13:09:14.001 12835 12991 V LynxModule: retransmitting: mod=2 cmd=0x1009 msg#=163 ref#=0 
11-10 13:09:14.084 12835 12978 E BulkPacketInWorker: DQ16J33T: bulkTransfer() error: -1
11-10 13:09:14.089 12835 12835 V FtDeviceManager: ACTION_USB_DEVICE_DETACHED: /dev/bus/usb/001/002
11-10 13:09:14.090 12835 12835 V FtDevice: vv********************DQ16J33T closing********************vv 0x03ee1ff1
11-10 13:09:14.090 12835 12835 V FtDevice: DQ16J33T stopping thread readBufferManager
11-10 13:09:14.090 12835 12979 V FtDevice: DQ16J33T thread readBufferManager is stopped
11-10 13:09:14.091 12835 12835 V FtDevice: DQ16J33T stopping thread bulkPacketInWorker
11-10 13:09:14.091 12835 12978 V FtDevice: DQ16J33T thread bulkPacketInWorker is stopped
11-10 13:09:14.092 12835 12981 V LynxUsb : device closed in incoming datagram loop
11-10 13:09:14.092 12835 12835 V MonitoredUsbDeviceConnection: closing UsbDeviceConnection(DQ16J33T)
11-10 13:09:14.092 12835 12835 D UsbDeviceConnectionJNI: close
11-10 13:09:14.093 12835 12981 V RobotUsbDeviceFtdi: closing DQ16J33T
11-10 13:09:14.093 12835 12835 V FtDevice: ^^********************DQ16J33T closed ********************^^
11-10 13:09:14.094 12835 12981 V RobotCore: thread: ...terminating 'lynx incoming datagrams'
11-10 13:09:14.096 12835 12980 V ThreadPool: container(0x0307b600: WatchdogMonitor) removed id=914 TID=12980 count=1
11-10 13:09:14.097 12835 12991 V ThreadPool: container(0x0919bd19: LinearOpMode) added id=922 TID=0 count=1
11-10 13:09:14.087 12981 12981 W com.qualcomm.ftcrobotcontroller: type=1400 audit(0.0:11227): avc: denied { search } for uid=10121 comm=6C796E7820696E636F6D696E672064 name="usb" dev="tmpfs" ino=9355 scontext=u:r:untrusted_app:s0:c512,c768 tcontext=u:object_r:usb_device:s0 tclass=dir permissive=0
11-10 13:09:14.099 12835 12991 D RobotCore: system telemetry: key=$System$Warning$ msg="REV Robotics USB Expansion Hub Portal [DQ16J33T] detached"
11-10 13:09:14.099 12835 12991 V RobotCore: event loop: device has shutdown abnormally: ABNORMAL
11-10 13:09:14.099 12835 12991 V EventLoopManager: event loop: detaching device DQ16J33T
11-10 13:09:14.099 12835 12907 V Robocol : sending CMD_NOTIFY_INIT_OP_MODE(1749), attempt: 0
11-10 13:09:14.100 12835 13029 V RobotCore: thread: 'LinearOpMode main' starting...
11-10 13:09:14.100 12835 12903 I BatteryChecker: percent remaining: 14 is charging: false
11-10 13:09:14.101 12835 12991 I FtcEventLoop: vv===== MODULE DETACH RECOVERY: disarm REV Robotics USB Expansion Hub Portal [DQ16J33T]=====vv
11-10 13:09:14.101 12835 12903 E Robocol : command processing took 15.284 s: command=CMD_RUN_OP_MODE
11-10 13:09:14.101 12835 12991 V LynxUsb : disarmDevice() serial=DQ16J33T...
11-10 13:09:14.101 12835 12991 V LynxUsb : shutting down incoming datagrams
11-10 13:09:14.102 12835 12991 V ThreadPool: waiting for service Lynx incoming datagram poller
11-10 13:09:14.102 12835 12981 V ThreadPool: container(0x031fd5df: lynx dg poller) removed id=915 TID=12981 count=1
11-10 13:09:14.102 12835 12991 V ThreadPool: awaitTermination returned, isTerminated=true
11-10 13:09:14.102 12835 12991 V ThreadPool: executive service Lynx incoming datagram poller(0x031fd5df) is terminated
11-10 13:09:14.102 12835 12991 V RobotUsbDeviceFtdi: closing DQ16J33T
11-10 13:09:14.103 12835 12991 V LynxUsb : ...done disarmDevice()
11-10 13:09:14.103 12835 12991 I FtcEventLoop: ======= MODULE DETACH RECOVERY: pretend REV Robotics USB Expansion Hub Portal [DQ16J33T]=======
11-10 13:09:14.103 12835 12991 V LynxUsb : doPretend() serial=DQ16J33T
11-10 13:09:14.103 12835 12991 I FtcEventLoop: ^^===== MODULE DETACH RECOVERY: complete REV Robotics USB Expansion Hub Portal [DQ16J33T]=====^^
11-10 13:09:14.105 12835 12903 I BatteryChecker: percent remaining: 14 is charging: false
11-10 13:09:14.107 12835 12903 I BatteryChecker: percent remaining: 14 is charging: false
11-10 13:09:14.109 12835 12903 I BatteryChecker: percent remaining: 14 is charging: false
11-10 13:09:14.115 12835 12903 I BatteryChecker: percent remaining: 14 is charging: false
11-10 13:09:14.118 12835 12903 I BatteryChecker: percent remaining: 14 is charging: false
11-10 13:09:14.134 12835 12835 I BatteryChecker: percent remaining: 14 is charging: false
11-10 13:09:14.139 12835 12907 V Robocol : sending CMD_NOTIFY_RUN_OP_MODE(1753), attempt: 0
11-10 13:09:14.140 12835 12907 V Robocol : sending CMD_NOTIFY_RUN_OP_MODE(1760), attempt: 0
11-10 13:09:14.140 12835 12907 V Robocol : sending CMD_NOTIFY_RUN_OP_MODE(1765), attempt: 0
11-10 13:09:14.178 12835 12835 V MTPMonitorService: onConfigurationChanged()
11-10 13:09:14.178 12835 12835 V OnBotJavaService: onConfigurationChanged()
11-10 13:09:14.339 12835 12907 V Robocol : sending CMD_NOTIFY_INIT_OP_MODE(1749), attempt: 1
11-10 13:09:14.379 12835 12907 V Robocol : sending CMD_NOTIFY_RUN_OP_MODE(1753), attempt: 1
11-10 13:09:14.380 12835 12907 V Robocol : sending CMD_NOTIFY_RUN_OP_MODE(1760), attempt: 1
11-10 13:09:14.380 12835 12907 V Robocol : sending CMD_NOTIFY_RUN_OP_MODE(1765), attempt: 1
11-10 13:09:14.579 12835 12907 V Robocol : sending CMD_NOTIFY_INIT_OP_MODE(1749), attempt: 2
11-10 13:09:14.619 12835 12907 V Robocol : sending CMD_NOTIFY_RUN_OP_MODE(1753), attempt: 2
11-10 13:09:14.620 12835 12907 V Robocol : sending CMD_NOTIFY_RUN_OP_MODE(1760), attempt: 2
11-10 13:09:14.620 12835 12907 V Robocol : sending CMD_NOTIFY_RUN_OP_MODE(1765), attempt: 2
11-10 13:09:14.819 12835 12907 V Robocol : sending CMD_NOTIFY_INIT_OP_MODE(1749), attempt: 3
11-10 13:09:14.859 12835 12907 V Robocol : sending CMD_NOTIFY_RUN_OP_MODE(1753), attempt: 3
11-10 13:09:14.860 12835 12907 V Robocol : sending CMD_NOTIFY_RUN_OP_MODE(1760), attempt: 3
11-10 13:09:14.861 12835 12907 V Robocol : sending CMD_NOTIFY_RUN_OP_MODE(1765), attempt: 3
11-10 13:09:18.693 12835 12835 I BatteryChecker: percent remaining: 14 is charging: false
11-10 13:09:18.731 12835 12835 V MTPMonitorService: onConfigurationChanged()
11-10 13:09:18.731 12835 12835 V OnBotJavaService: onConfigurationChanged()
11-10 13:09:18.909 12835 12835 I BatteryChecker: percent remaining: 14 is charging: true
11-10 13:09:18.940 12835 12835 I BatteryChecker: percent remaining: 14 is charging: true
11-10 13:09:25.861 12835 12904 V Robocol : received command: CMD_INIT_OP_MODE(11724) $Stop$Robot$
11-10 13:09:25.862 12835 12903 I BatteryChecker: percent remaining: 14 is charging: true
11-10 13:09:25.864 12835 12991 V ThreadPool: waiting for service user linear op mode
11-10 13:09:25.865 12835 13029 V RobotCore: thread: ...terminating 'LinearOpMode main'
11-10 13:09:25.865 12835 13029 V ThreadPool: container(0x0919bd19: LinearOpMode) removed id=922 TID=13029 count=1
11-10 13:09:25.865 12835 12991 V ThreadPool: awaitTermination returned, isTerminated=true
11-10 13:09:25.865 12835 12991 V ThreadPool: executive service user linear op mode(0x0919bd19) is terminated
11-10 13:09:25.866 12835 12991 I RobotCore: Attempting to switch to op mode $Stop$Robot$
11-10 13:09:25.900 12835 12907 V Robocol : sending CMD_NOTIFY_INIT_OP_MODE(1938), attempt: 0
11-10 13:09:25.941 12835 12904 V Robocol : received command: CMD_RUN_OP_MODE(11731) $Stop$Robot$
11-10 13:09:25.943 12835 12903 I BatteryChecker: percent remaining: 14 is charging: true
11-10 13:09:25.980 12835 12907 V Robocol : sending CMD_NOTIFY_RUN_OP_MODE(1943), attempt: 0
11-10 13:09:28.187 12835 12835 V RCActivity: onPause()
11-10 13:09:28.194 12835 12835 V RCActivity: onStop()
11-10 13:09:28.228 12835 12835 V MTPMonitorService: onTrimMemory()
11-10 13:09:28.228 12835 12835 V OnBotJavaService: onTrimMemory()
11-10 13:09:28.620 12835 12907 V Robocol : issuing peerDisconnected(): lastRecvPacket=2.040 s
11-10 13:09:28.620 12835 12907 V RobotCore: Network: active, disconnected
11-10 13:09:28.620 12835 12907 I RobotCore: Lost connection while running op mode: $Stop$Robot$
11-10 13:09:28.634 12835 12911 D MediaPlayer: setSubtitleAnchor in MediaPlayer
11-10 13:09:28.645 12835 12835 W MediaPlayer: mediaplayer went away with unhandled events
11-10 13:09:28.651 12835 12909 D ExtendedUtils: extended extractor not needed, return default
11-10 13:09:28.652 12835 12909 I MediaCodec: (0xb7826bc8) init name(audio/raw) isType(1) encoder(0)
11-10 13:09:28.654 12835 13125 I OMXClient: Using client-side OMX mux.
11-10 13:09:28.657 12835 13125 E OMXMaster: A component of name 'OMX.qcom.audio.decoder.aac' already exists, ignoring this one.
11-10 13:09:28.658 12835 13125 I MediaCodec: (0xb7826bc8) Component Allocated (OMX.google.raw.decoder)
11-10 13:09:28.658 12835 12909 I MediaCodec: (0xb7826bc8) configure surface(0x0) crypto(0x0) flags(0)
11-10 13:09:28.658 12835 12909 D MediaCodec: (0xb7826bc8) configure format: AMessage(what = 0x00000000) = {
11-10 13:09:28.658 12835 12909 D MediaCodec:    string mime = "audio/raw"
11-10 13:09:28.658 12835 12909 D MediaCodec:    int64_t durationUs = 516598
11-10 13:09:28.658 12835 12909 D MediaCodec:    int32_t channel-count = 2
11-10 13:09:28.658 12835 12909 D MediaCodec:    int32_t sample-rate = 44100
11-10 13:09:28.658 12835 12909 D MediaCodec:    int32_t channel-mask = 0
11-10 13:09:28.658 12835 12909 D MediaCodec:  }
11-10 13:09:28.659 12835 12909 I MediaCodec: (0xb7826bc8) start
11-10 13:09:28.660 12835 13125 I MediaCodec: (0xb7826bc8) input buffers allocated
11-10 13:09:28.660 12835 13125 I MediaCodec: (0xb7826bc8) numBuffers (4)
11-10 13:09:28.660 12835 13125 I MediaCodec: (0xb7826bc8) output buffers allocated
11-10 13:09:28.660 12835 13125 I MediaCodec: (0xb7826bc8) numBuffers (4)
11-10 13:09:28.664 12835 13125 I MediaCodec: (0xb7826bc8) codec output format changed
11-10 13:09:28.664 12835 13125 D MediaCodec: (0xb7826bc8) output format: AMessage(what = 'codc', target = 18) = {
11-10 13:09:28.664 12835 13125 D MediaCodec:    string mime = "audio/raw"
11-10 13:09:28.664 12835 13125 D MediaCodec:    int32_t channel-count = 2
11-10 13:09:28.664 12835 13125 D MediaCodec:    int32_t sample-rate = 44100
11-10 13:09:28.664 12835 13125 D MediaCodec:    int32_t channel-mask = 0
11-10 13:09:28.664 12835 13125 D MediaCodec:    int32_t what = 1869968451
11-10 13:09:28.664 12835 13125 D MediaCodec:  }
11-10 13:09:28.668 12835 12909 I MediaCodec: (0xb7826bc8) stop
11-10 13:09:28.671 12835 12909 I MediaCodec: (0xb7826bc8) release
11-10 13:09:28.674 12835 12911 W AudioTrack: AUDIO_OUTPUT_FLAG_FAST denied by client; transfer 4, track 44100 Hz, output 48000 Hz
11-10 13:09:28.884 12835 12835 V AppUtil : rootActivity=FtcRobotControllerActivity destroyed
11-10 13:09:28.884 12835 12835 V RCActivity: onDestroy()
