11-10 13:19:59.103 16696 17365 E Assert  : 	at java.util.concurrent.ThreadPoolExecutor.runWorker(ThreadPoolExecutor.java:1113)
11-10 13:19:59.103 16696 17365 E Assert  : 	at java.util.concurrent.ThreadPoolExecutor$Worker.run(ThreadPoolExecutor.java:588)
11-10 13:19:59.103 16696 17365 E Assert  : 	at com.qualcomm.robotcore.util.ThreadPool$ThreadFactoryImpl$1.run(ThreadPool.java:764)
11-10 13:19:59.103 16696 17365 E Assert  : 	at java.lang.Thread.run(Thread.java:818)
11-10 13:19:59.104 16696 17365 E LynxMotor: exception thrown during lynx communication
11-10 13:19:59.104 16696 17365 E LynxMotor: java.lang.NullPointerException: Attempt to invoke virtual method 'byte[] com.qualcomm.hardware.lynx.commands.LynxDatagram.toByteArray()' on a null object reference
11-10 13:19:59.105 16696 17365 E LynxMotor: 	at com.qualcomm.hardware.lynx.LynxUsbDeviceImpl.transmit(LynxUsbDeviceImpl.java:745)
11-10 13:19:59.105 16696 17365 E LynxMotor: 	at com.qualcomm.hardware.lynx.LynxUsbDeviceDelegate.transmit(LynxUsbDeviceDelegate.java:186)
11-10 13:19:59.106 16696 17365 E LynxMotor: 	at com.qualcomm.hardware.lynx.LynxModule.retransmit(LynxModule.java:1161)
11-10 13:19:59.106 16696 17365 E LynxMotor: 	at com.qualcomm.hardware.lynx.commands.LynxRespondable.awaitAndRetransmit(LynxRespondable.java:364)
11-10 13:19:59.107 16696 17365 E LynxMotor: 	at com.qualcomm.hardware.lynx.commands.LynxRespondable.awaitAckResponseOrNack(LynxRespondable.java:376)
11-10 13:19:59.107 16696 17365 E LynxMotor: 	at com.qualcomm.hardware.lynx.commands.LynxRespondable.send(LynxRespondable.java:238)
11-10 13:19:59.107 16696 17365 E LynxMotor: 	at com.qualcomm.hardware.lynx.LynxDcMotorController.internalSetMotorEnable(LynxDcMotorController.java:212)
11-10 13:19:59.108 16696 17365 E LynxMotor: 	at com.qualcomm.hardware.lynx.LynxDcMotorController.internalSetMotorPower(LynxDcMotorController.java:500)
11-10 13:19:59.108 16696 17365 E LynxMotor: 	at com.qualcomm.hardware.lynx.LynxDcMotorController.setMotorMode(LynxDcMotorController.java:330)
11-10 13:19:59.109 16696 17365 E LynxMotor: 	at com.qualcomm.hardware.lynx.LynxDcMotorController.runWithoutEncoders(LynxDcMotorController.java:766)
11-10 13:19:59.109 16696 17365 E LynxMotor: 	at com.qualcomm.hardware.lynx.LynxDcMotorController.initializeHardware(LynxDcMotorController.java:142)
11-10 13:19:59.109 16696 17365 E LynxMotor: 	at com.qualcomm.hardware.lynx.LynxController.initializeHardwareIfNecessary(LynxController.java:221)
11-10 13:19:59.109 16696 17365 E LynxMotor: 	at com.qualcomm.hardware.lynx.LynxController.hook(LynxController.java:332)
11-10 13:19:59.109 16696 17365 E LynxMotor: 	at com.qualcomm.hardware.lynx.LynxController.adjustHookingToMatchEngagement(LynxController.java:319)
11-10 13:19:59.110 16696 17365 E LynxMotor: 	at com.qualcomm.hardware.lynx.LynxController.moduleNowArmedOrPretending(LynxController.java:120)
11-10 13:19:59.110 16696 17365 E LynxMotor: 	at com.qualcomm.hardware.lynx.LynxController.finishConstruction(LynxController.java:92)
11-10 13:19:59.110 16696 17365 E LynxMotor: 	at com.qualcomm.hardware.lynx.LynxDcMotorController.<init>(LynxDcMotorController.java:136)
11-10 13:19:59.110 16696 17365 E LynxMotor: 	at com.qualcomm.hardware.HardwareFactory.mapLynxModuleComponents(HardwareFactory.java:766)
11-10 13:19:59.110 16696 17365 E LynxMotor: 	at com.qualcomm.hardware.HardwareFactory.mapLynxUsbDevice(HardwareFactory.java:714)
11-10 13:19:59.110 16696 17365 E LynxMotor: 	at com.qualcomm.hardware.HardwareFactory.createHardwareMap(HardwareFactory.java:185)
11-10 13:19:59.111 16696 17365 E LynxMotor: 	at com.qualcomm.ftccommon.FtcEventLoopHandler.getHardwareMap(FtcEventLoopHandler.java:127)
11-10 13:19:59.111 16696 17365 E LynxMotor: 	at com.qualcomm.ftccommon.FtcEventLoop.init(FtcEventLoop.java:180)
11-10 13:19:59.111 16696 17365 E LynxMotor: 	at com.qualcomm.robotcore.eventloop.EventLoopManager.startEventLoop(EventLoopManager.java:540)
11-10 13:19:59.111 16696 17365 E LynxMotor: 	at com.qualcomm.robotcore.eventloop.EventLoopManager.setEventLoop(EventLoopManager.java:514)
11-10 13:19:59.111 16696 17365 E LynxMotor: 	at com.qualcomm.robotcore.eventloop.EventLoopManager.start(EventLoopManager.java:456)
11-10 13:19:59.112 16696 17365 E LynxMotor: 	at com.qualcomm.robotcore.robot.Robot.start(Robot.java:59)
11-10 13:19:59.112 16696 17365 E LynxMotor: 	at com.qualcomm.ftccommon.FtcRobotControllerService$RobotSetupRunnable.startRobot(FtcRobotControllerService.java:259)
11-10 13:19:59.112 16696 17365 E LynxMotor: 	at com.qualcomm.ftccommon.FtcRobotControllerService$RobotSetupRunnable$1.run(FtcRobotControllerService.java:276)
11-10 13:19:59.112 16696 17365 E LynxMotor: 	at com.qualcomm.robotcore.util.ThreadPool.logThreadLifeCycle(ThreadPool.java:709)
11-10 13:19:59.112 16696 17365 E LynxMotor: 	at com.qualcomm.ftccommon.FtcRobotControllerService$RobotSetupRunnable.run(FtcRobotControllerService.java:267)
11-10 13:19:59.113 16696 17365 E LynxMotor: 	at java.util.concurrent.Executors$RunnableAdapter.call(Executors.java:423)
11-10 13:19:59.113 16696 17365 E LynxMotor: 	at java.util.concurrent.FutureTask.run(FutureTask.java:237)
11-10 13:19:59.113 16696 17365 E LynxMotor: 	at java.util.concurrent.ThreadPoolExecutor.runWorker(ThreadPoolExecutor.java:1113)
11-10 13:19:59.113 16696 17365 E LynxMotor: 	at java.util.concurrent.ThreadPoolExecutor$Worker.run(ThreadPoolExecutor.java:588)
11-10 13:19:59.113 16696 17365 E LynxMotor: 	at com.qualcomm.robotcore.util.ThreadPool$ThreadFactoryImpl$1.run(ThreadPool.java:764)
11-10 13:19:59.113 16696 17365 E LynxMotor: 	at java.lang.Thread.run(Thread.java:818)
11-10 13:19:59.498 16696 17365 V LynxModule: retransmitting: mod=2 cmd=0x1008 msg#=34 ref#=0 
11-10 13:19:59.700 16696 17383 E LynxModule: unable to find originating LynxRespondable for mod=2 msg#=34 ref#=34
11-10 13:19:59.813 16696 16696 V RCActivity: onStart()
11-10 13:19:59.813 16696 16696 V Robocol : EventLoopManager.shutdown()
11-10 13:19:59.813 16696 16696 V ThreadPool: executive service EventLoop(0x0793dc43) is terminated
11-10 13:19:59.813 16696 16696 V RobotCore: EventLoopManager state is STOPPED
11-10 13:19:59.813 16696 16696 V RobotCore: Robot Status: stopped, starting robot
11-10 13:19:59.814 16696 16696 V RobotCore: Robot Status: stopped
11-10 13:19:59.822 16696 17376 V RobotCore: thread: 'RobotSetupRunnable.run()' starting...
11-10 13:19:59.822 16696 17376 V FTCService: Processing robot setup
11-10 13:19:59.822 16696 17376 V RobotCore: Robot Status: stopped, scanning for USB devices
11-10 13:19:59.823 16696 16696 V RCActivity: onResume()
11-10 13:19:59.835 16696 16696 I BatteryChecker: percent remaining: 14 is charging: false
11-10 13:19:59.836 16696 16696 I BatteryChecker: percent remaining: 14 is charging: false
11-10 13:19:59.904 16696 17365 V RobotCore: DcMotorImpl(type=TetrixMotor)
11-10 13:19:59.904 16696 17365 V RobotCore: DcMotorImpl(type=TetrixMotor)
11-10 13:19:59.904 16696 17365 V RobotCore: DcMotorImpl(type=TetrixMotor)
11-10 13:19:59.904 16696 17365 V LynxServoController: initializeHardware() mod#=2
11-10 13:19:59.907 16696 17365 V LynxVoltageSensor: initializeHardware() mod#=2
11-10 13:19:59.907 16696 17365 V LynxPwmOutputController: initializeHardware() mod#=2
11-10 13:19:59.909 16696 17365 V LynxAnalogInputController: initializeHardware() mod#=2
11-10 13:19:59.910 16696 17365 V LynxDigitalChannelController: initializeHardware() mod#=2
11-10 13:19:59.912 16696 17365 V RobotCore: Creating Lynx Color/Range Sensor - mod=2 bus=1
11-10 13:19:59.912 16696 17365 I RobotCore: LynxFirmwareVersionManager: LynxI2cDeviceSynchV1
11-10 13:19:59.912 16696 17365 V LynxI2cDeviceSynch: initializeHardware() mod#=2
11-10 13:19:59.913 16696 17365 V AMSColorSensorImpl: internalInitialize()...
11-10 13:19:59.914 16696 17365 E AMSColorSensorImpl: unexpected AMS color sensor chipid: found=0 expected=96
11-10 13:19:59.914 16696 17365 V AMSColorSensorImpl: ...internalInitialize()
11-10 13:19:59.915 16696 17365 V LynxI2cDeviceSynch: engaging mod#=2
11-10 13:19:59.915 16696 17365 I RobotCore: ========= Device Information ===================================================
11-10 13:19:59.915 16696 17365 I RobotCore: Type                                               Name                           Connection
11-10 13:19:59.915 16696 17365 I RobotCore: Servo                                              ball_arm                       USB DQ15X3OT; module 2; port 2
11-10 13:19:59.915 16696 17365 I RobotCore: REV Robotics USB Expansion Hub Portal              Expansion Hub Portal 1         USB DQ15X3OT
11-10 13:19:59.916 16696 17365 I RobotCore: Motor                                              right_drive                    USB DQ15X3OT; module 2; port 1
11-10 13:19:59.916 16696 17365 I RobotCore: Motor                                              arm_lift                       USB DQ15X3OT; module 2; port 3
11-10 13:19:59.916 16696 17365 I RobotCore: Servo                                              left_thumb                     USB DQ15X3OT; module 2; port 1
11-10 13:19:59.916 16696 17365 I RobotCore: REV Color/Range Sensor                             color_prox                     USB DQ15X3OT; module 2; bus 1; addr7=0x39
11-10 13:19:59.916 16696 17365 I RobotCore: Motor                                              left_drive                     USB DQ15X3OT; module 2; port 0
11-10 13:19:59.916 16696 17365 I RobotCore: Expansion Hub DC Motor Controller                  Expansion Hub 2                USB DQ15X3OT; module 2
11-10 13:19:59.916 16696 17365 I RobotCore: Expansion Hub Servo Controller                     Expansion Hub 2                USB DQ15X3OT; module 2
11-10 13:19:59.916 16696 17365 I RobotCore: Expansion Hub Voltage Sensor                       Expansion Hub 2                USB DQ15X3OT; module 2
11-10 13:19:59.917 16696 17365 I RobotCore: Expansion Hub Pwm Controller                       Expansion Hub 2                USB DQ15X3OT; module 2
11-10 13:19:59.917 16696 17365 I RobotCore: Expansion Hub Analog Input Controller              Expansion Hub 2                USB DQ15X3OT; module 2
11-10 13:19:59.917 16696 17365 I RobotCore: Expansion Hub Digital Channel Controller           Expansion Hub 2                USB DQ15X3OT; module 2
11-10 13:19:59.917 16696 17365 I RobotCore: Expansion Hub (unknown firmware)                   Expansion Hub 2                USB DQ15X3OT; module 2
11-10 13:19:59.917 16696 17365 I RobotCore: Servo                                              right_thumb                    USB DQ15X3OT; module 2; port 0
11-10 13:19:59.917 16696 17365 I FtcEventLoop: ======= INIT FINISH =======
11-10 13:19:59.917 16696 17365 V RobotCore: EventLoopManager state is RUNNING
11-10 13:19:59.917 16696 17365 V RobotCore: Robot Status: running, scanning for USB devices
11-10 13:19:59.918 16696 17365 V RobotCore: Robot Status: running
11-10 13:19:59.918 16696 17365 V ThreadPool: container(0x0ea7811f: executorEventLoop) added id=1220 TID=0 count=1
11-10 13:19:59.918 16696 16980 W AudioTrack: AUDIO_OUTPUT_FLAG_FAST denied by client; transfer 4, track 8000 Hz, output 48000 Hz
11-10 13:19:59.919 16696 17365 V RobotCore: thread: ...terminating 'RobotSetupRunnable.run()'
11-10 13:19:59.919 16696 17418 V RobotCore: thread: 'opmode loop()' starting...
11-10 13:19:59.925 16696 17418 D RobotCore: system telemetry: key=$System$None$ msg=""
11-10 13:20:01.819 16696 17384 V LynxModule: retransmitting: mod=2 cmd=0x7f04 msg#=37 ref#=0 
11-10 13:20:02.021 16696 17383 E LynxModule: unable to find originating LynxRespondable for mod=2 msg#=37 ref#=37
11-10 13:20:04.042 16696 17384 V LynxModule: retransmitting: mod=2 cmd=0x7f04 msg#=38 ref#=0 
11-10 13:20:04.245 16696 17383 E LynxModule: unable to find originating LynxRespondable for mod=2 msg#=38 ref#=38
11-10 13:20:04.820 16696 16696 I BatteryChecker: percent remaining: 14 is charging: false
11-10 13:20:04.821 16696 16696 I BatteryChecker: percent remaining: 14 is charging: false
11-10 13:20:04.823 16696 17376 V RobotCore: Robot Status: running, waiting for Wifi to enable
11-10 13:20:04.823 16696 17376 V RobotCore: Robot Status: running, waiting for Wifi Direct to enable
11-10 13:20:04.823 16696 17376 V RobotCore: Robot Status: running, waiting for network to become active
11-10 13:20:04.823 16696 17376 V RobotCore: Robot Status: running, starting robot
11-10 13:20:04.823 16696 17376 V Robocol : EventLoopManager.start()
11-10 13:20:04.824 16696 17376 V Robocol : Spoofing a Network Connection event...
11-10 13:20:04.824 16696 17376 V ThreadPool: waiting for service EventLoop
11-10 13:20:04.825 16696 17418 V RobotCore: EventLoopRunnable interrupted
11-10 13:20:04.825 16696 17418 V RobotCore: EventLoopManager state is STOPPED
11-10 13:20:04.825 16696 17418 V RobotCore: Robot Status: stopped, starting robot
11-10 13:20:04.825 16696 17418 I FtcEventLoopIdle: ------- idle teardown ----
11-10 13:20:04.825 16696 17418 V RobotCore: thread: ...terminating 'opmode loop()'
11-10 13:20:04.825 16696 17418 V ThreadPool: container(0x0ea7811f: executorEventLoop) removed id=1220 TID=17418 count=1
11-10 13:20:04.826 16696 17376 V ThreadPool: awaitTermination returned, isTerminated=true
11-10 13:20:04.827 16696 17376 V ThreadPool: executive service EventLoop(0x0ea7811f) is terminated
11-10 13:20:04.827 16696 17376 V RobotCore: EventLoopManager state is STOPPED
11-10 13:20:04.827 16696 17376 V Robocol : eventLoop=FtcEventLoop
11-10 13:20:04.827 16696 17376 V RobotCore: EventLoopManager state is INIT
11-10 13:20:04.828 16696 17376 V RobotCore: Robot Status: initializing, starting robot
11-10 13:20:04.828 16696 17376 I FtcEventLoop: ======= INIT START =======
11-10 13:20:04.829 16696 17376 V OpmodeRegistration: registered {DefaultOpMode} as {$Stop$Robot$}
11-10 13:20:04.831 16696 17376 V FileBasedLock: locked /storage/emulated/0/FIRST/blocks/projectslock/lock.dat
11-10 13:20:04.838 16696 17376 V FileBasedLock: unlocking /storage/emulated/0/FIRST/blocks/projectslock/lock.dat
11-10 13:20:04.839 16696 17376 V OpmodeRegistration: registered instance as {VuPractice}
11-10 13:20:04.841 16696 17376 V OpmodeRegistration: registered {AutoBluPerp} as {AutoBluPerp}
11-10 13:20:04.841 16696 17376 V OpmodeRegistration: registered {PushBotDriver} as {PushBotDriver}
11-10 13:20:04.842 16696 17376 V OpmodeRegistration: registered {AutoRedPerp} as {AutoRedPerp}
11-10 13:20:04.843 16696 17376 V OpmodeRegistration: registered {LoaderBot} as {LoaderBot}
11-10 13:20:04.844 16696 17376 V OpmodeRegistration: registered {AutoRedPara} as {AutoRedPara}
11-10 13:20:04.845 16696 17376 V OpmodeRegistration: registered {AutoBluPara} as {AutoBluPara}
11-10 13:20:04.846 16696 16696 D WifiDirect: cannot create group, does group already exist?
11-10 13:20:04.875 16696 17376 V HardwareFactory: createHardwareMap()
11-10 13:20:04.875 16696 17376 V WifiDirectInviteMonitor: clearUILynxModule()
11-10 13:20:04.875 16696 17376 V ReadXMLFileHandler: handleLynxModule() mod#=2...
11-10 13:20:04.875 16696 17376 V ConfigurationUtility: buildEmptyLynxModule() mod#=2...
11-10 13:20:04.876 16696 17376 V ConfigurationUtility: ...buildEmptyLynxModule() mod#=2
11-10 13:20:04.876 16696 17376 V ReadXMLFileHandler: ...handleLynxModule() mod#=2
11-10 13:20:04.876 16696 17376 V RobotCore: Creating REV Robotics USB Expansion Hub Portal [DQ15X3OT]
11-10 13:20:04.876 16696 17376 V LynxUsb : 0x009eee6b: addRef [DQ15X3OT]=2
11-10 13:20:04.876 16696 17376 V LynxUsb : using existing [DQ15X3OT]: 0x009eee6b
11-10 13:20:04.876 16696 17376 V LynxUsb : 0x01641358 on 0x009eee6b: new delegate to [DQ15X3OT]
11-10 13:20:04.877 16696 17376 V RobotCore: Creating Lynx Module - mod=2 parent=true
11-10 13:20:04.877 16696 17376 V LynxUsb : addConfiguredModule() module#=2
11-10 13:20:04.877 16696 17376 E LynxUsb : addConfiguredModule() module#=2: already exists; ignored
11-10 13:20:04.878 16696 17376 E LynxUsb : module #2 is missing: ignoring
11-10 13:20:04.878 16696 17376 I RobotCore: ========= Device Information ===================================================
11-10 13:20:04.878 16696 17376 I RobotCore: Type                                               Name                           Connection
11-10 13:20:04.878 16696 17376 I RobotCore: REV Robotics USB Expansion Hub Portal              Expansion Hub Portal 1         USB DQ15X3OT
11-10 13:20:04.878 16696 17376 I FtcEventLoop: ======= INIT FINISH =======
11-10 13:20:04.878 16696 17376 V RobotCore: EventLoopManager state is RUNNING
11-10 13:20:04.878 16696 17376 V RobotCore: Robot Status: running, starting robot
11-10 13:20:04.878 16696 17376 V RobotCore: Robot Status: running
11-10 13:20:04.878 16696 17376 V ThreadPool: container(0x02f27517: executorEventLoop) added id=1221 TID=0 count=1
11-10 13:20:04.878 16696 17376 V RobotCore: thread: ...terminating 'RobotSetupRunnable.run()'
11-10 13:20:04.881 16696 17423 V RobotCore: thread: 'opmode loop()' starting...
11-10 13:20:04.887 16696 17423 D RobotCore: system telemetry: key=$System$Warning$ msg="Expansion Hub "Expansion Hub 2" is missing"
11-10 13:20:04.900 16696 16980 D MediaPlayer: setSubtitleAnchor in MediaPlayer
11-10 13:20:04.914 16696 16696 W MediaPlayer: mediaplayer went away with unhandled events
11-10 13:20:04.920 16696 16978 D ExtendedUtils: extended extractor not needed, return default
11-10 13:20:04.921 16696 16978 I MediaCodec: (0xb7c98a18) init name(audio/raw) isType(1) encoder(0)
11-10 13:20:04.922 16696 17427 I OMXClient: Using client-side OMX mux.
11-10 13:20:04.926 16696 17427 E OMXMaster: A component of name 'OMX.qcom.audio.decoder.aac' already exists, ignoring this one.
11-10 13:20:04.928 16696 17427 I MediaCodec: (0xb7c98a18) Component Allocated (OMX.google.raw.decoder)
11-10 13:20:04.928 16696 16978 I MediaCodec: (0xb7c98a18) configure surface(0x0) crypto(0x0) flags(0)
11-10 13:20:04.928 16696 16978 D MediaCodec: (0xb7c98a18) configure format: AMessage(what = 0x00000000) = {
11-10 13:20:04.928 16696 16978 D MediaCodec:    string mime = "audio/raw"
11-10 13:20:04.928 16696 16978 D MediaCodec:    int64_t durationUs = 1043650
11-10 13:20:04.928 16696 16978 D MediaCodec:    int32_t channel-count = 2
11-10 13:20:04.928 16696 16978 D MediaCodec:    int32_t sample-rate = 44100
11-10 13:20:04.928 16696 16978 D MediaCodec:    int32_t channel-mask = 0
11-10 13:20:04.928 16696 16978 D MediaCodec:  }
11-10 13:20:04.929 16696 16978 I MediaCodec: (0xb7c98a18) start
11-10 13:20:04.931 16696 17427 I MediaCodec: (0xb7c98a18) input buffers allocated
11-10 13:20:04.931 16696 17427 I MediaCodec: (0xb7c98a18) numBuffers (4)
11-10 13:20:04.931 16696 17427 I MediaCodec: (0xb7c98a18) output buffers allocated
11-10 13:20:04.931 16696 17427 I MediaCodec: (0xb7c98a18) numBuffers (4)
11-10 13:20:04.935 16696 17427 I MediaCodec: (0xb7c98a18) codec output format changed
11-10 13:20:04.935 16696 17427 D MediaCodec: (0xb7c98a18) output format: AMessage(what = 'codc', target = 10) = {
11-10 13:20:04.935 16696 17427 D MediaCodec:    string mime = "audio/raw"
11-10 13:20:04.935 16696 17427 D MediaCodec:    int32_t channel-count = 2
11-10 13:20:04.935 16696 17427 D MediaCodec:    int32_t sample-rate = 44100
11-10 13:20:04.935 16696 17427 D MediaCodec:    int32_t channel-mask = 0
11-10 13:20:04.935 16696 17427 D MediaCodec:    int32_t what = 1869968451
11-10 13:20:04.935 16696 17427 D MediaCodec:  }
11-10 13:20:04.948 16696 16978 I MediaCodec: (0xb7c98a18) stop
11-10 13:20:04.950 16696 16978 I MediaCodec: (0xb7c98a18) release
11-10 13:20:05.004 16696 16696 V RCActivity: onPause()
11-10 13:20:05.021 16696 16696 V RobotCore: Getting network assistant of type: WIFIDIRECT
11-10 13:20:05.021 16696 16696 V WifiDirect: There are 3 Wifi Direct Assistant Clients (+)
11-10 13:20:05.387 16696 17423 V ThreadPool: container(0x014d103b: OpModeStuckCodeMonitor) added id=1225 TID=0 count=1
11-10 13:20:05.388 16696 17423 I RobotCore: Attempting to switch to op mode $Stop$Robot$
11-10 13:20:05.479 16696 16696 V RCActivity: onStop()
11-10 13:20:05.558 16696 17423 V LynxModule: retransmitting: mod=2 cmd=0x7f05 msg#=39 ref#=0 
11-10 13:20:05.760 16696 17384 V LynxModule: retransmitting: mod=2 cmd=0x7f03 msg#=40 ref#=0 
11-10 13:20:05.761 16696 17383 E LynxModule: unable to find originating LynxRespondable for mod=2 msg#=39 ref#=39
11-10 13:20:05.897 16696 16980 W AudioTrack: AUDIO_OUTPUT_FLAG_FAST denied by client; transfer 4, track 44100 Hz, output 48000 Hz
11-10 13:20:05.962 16696 17383 E LynxModule: unable to find originating command for packetid=0xff03 msg#=40 ref#=40
11-10 13:20:06.164 16696 17423 I RobotCore: robot battery read duration: n=0, mean=0.000ms sd=-0.000ms
11-10 13:20:06.364 16696 17384 V LynxModule: retransmitting: mod=2 cmd=0x7f03 msg#=42 ref#=0 
11-10 13:20:06.566 16696 17383 E LynxModule: unable to find originating command for packetid=0xff03 msg#=42 ref#=42
11-10 13:20:06.768 16696 17423 V LynxModule: retransmitting: mod=2 cmd=0x7f05 msg#=43 ref#=0 
11-10 13:20:06.970 16696 17383 E LynxModule: unable to find originating LynxRespondable for mod=2 msg#=43 ref#=43
11-10 13:20:07.071 16696 17384 V LynxModule: retransmitting: mod=2 cmd=0x7f03 msg#=44 ref#=0 
11-10 13:20:07.273 16696 17383 E LynxModule: unable to find originating command for packetid=0xff03 msg#=44 ref#=44
11-10 13:20:07.474 16696 17423 V LynxModule: retransmitting: mod=2 cmd=0x7f05 msg#=45 ref#=0 
11-10 13:20:07.677 16696 17383 E LynxModule: unable to find originating LynxRespondable for mod=2 msg#=45 ref#=45
11-10 13:20:08.788 16696 17423 V LynxModule: retransmitting: mod=2 cmd=0x7f05 msg#=49 ref#=0 
11-10 13:20:08.991 16696 17383 E LynxModule: unable to find originating LynxRespondable for mod=2 msg#=49 ref#=49
11-10 13:20:09.496 16696 17423 V LynxModule: retransmitting: mod=2 cmd=0x7f05 msg#=51 ref#=0 
11-10 13:20:09.496 16696 17423 F Assert  : assertion failed
11-10 13:20:09.497 16696 17423 E Assert  : java.lang.RuntimeException: assertion failed
11-10 13:20:09.497 16696 17423 E Assert  : 	at org.firstinspires.ftc.robotcore.internal.system.Assert.assertFailed(Assert.java:127)
11-10 13:20:09.498 16696 17423 E Assert  : 	at org.firstinspires.ftc.robotcore.internal.system.Assert.assertTrue(Assert.java:52)
11-10 13:20:09.498 16696 17423 E Assert  : 	at com.qualcomm.hardware.lynx.LynxUsbDeviceImpl.transmit(LynxUsbDeviceImpl.java:743)
11-10 13:20:09.498 16696 17423 E Assert  : 	at com.qualcomm.hardware.lynx.LynxUsbDeviceDelegate.transmit(LynxUsbDeviceDelegate.java:186)
11-10 13:20:09.498 16696 17423 E Assert  : 	at com.qualcomm.hardware.lynx.LynxModule.retransmit(LynxModule.java:1161)
11-10 13:20:09.499 16696 17423 E Assert  : 	at com.qualcomm.hardware.lynx.commands.LynxRespondable.awaitAndRetransmit(LynxRespondable.java:364)
11-10 13:20:09.499 16696 17423 E Assert  : 	at com.qualcomm.hardware.lynx.commands.LynxRespondable.awaitAckResponseOrNack(LynxRespondable.java:376)
11-10 13:20:09.499 16696 17423 E Assert  : 	at com.qualcomm.hardware.lynx.commands.LynxRespondable.send(LynxRespondable.java:238)
11-10 13:20:09.500 16696 17423 E Assert  : 	at com.qualcomm.hardware.lynx.LynxModule.failSafe(LynxModule.java:1032)
11-10 13:20:09.500 16696 17423 E Assert  : 	at com.qualcomm.hardware.lynx.LynxUsbDeviceImpl.failSafe(LynxUsbDeviceImpl.java:431)
11-10 13:20:09.501 16696 17423 E Assert  : 	at com.qualcomm.hardware.lynx.LynxUsbDeviceDelegate.failSafe(LynxUsbDeviceDelegate.java:146)
11-10 13:20:09.501 16696 17423 E Assert  : 	at org.firstinspires.ftc.robotcore.internal.opmode.OpModeManagerImpl$DefaultOpMode.staySafe(OpModeManagerImpl.java:654)
11-10 13:20:09.502 16696 17423 E Assert  : 	at org.firstinspires.ftc.robotcore.internal.opmode.OpModeManagerImpl$DefaultOpMode.init_loop(OpModeManagerImpl.java:596)
11-10 13:20:09.502 16696 17423 E Assert  : 	at org.firstinspires.ftc.robotcore.internal.opmode.OpModeManagerImpl$4.run(OpModeManagerImpl.java:517)
11-10 13:20:09.502 16696 17423 E Assert  : 	at org.firstinspires.ftc.robotcore.internal.opmode.OpModeManagerImpl.detectStuck(OpModeManagerImpl.java:391)
11-10 13:20:09.503 16696 17423 E Assert  : 	at org.firstinspires.ftc.robotcore.internal.opmode.OpModeManagerImpl.detectStuck(OpModeManagerImpl.java:385)
11-10 13:20:09.503 16696 17423 E Assert  : 	at org.firstinspires.ftc.robotcore.internal.opmode.OpModeManagerImpl.callActiveOpModeInitLoop(OpModeManagerImpl.java:515)
11-10 13:20:09.503 16696 17423 E Assert  : 	at org.firstinspires.ftc.robotcore.internal.opmode.OpModeManagerImpl.runActiveOpMode(OpModeManagerImpl.java:332)
11-10 13:20:09.503 16696 17423 E Assert  : 	at com.qualcomm.ftccommon.FtcEventLoop.loop(FtcEventLoop.java:209)
11-10 13:20:09.504 16696 17423 E Assert  : 	at com.qualcomm.robotcore.eventloop.EventLoopManager$EventLoopRunnable$1.run(EventLoopManager.java:298)
11-10 13:20:09.504 16696 17423 E Assert  : 	at com.qualcomm.robotcore.util.ThreadPool.logThreadLifeCycle(ThreadPool.java:709)
11-10 13:20:09.504 16696 17423 E Assert  : 	at com.qualcomm.robotcore.eventloop.EventLoopManager$EventLoopRunnable.run(EventLoopManager.java:241)
11-10 13:20:09.504 16696 17423 E Assert  : 	at com.qualcomm.robotcore.eventloop.EventLoopManager$1.run(EventLoopManager.java:562)
11-10 13:20:09.505 16696 17423 E Assert  : 	at java.util.concurrent.ThreadPoolExecutor.runWorker(ThreadPoolExecutor.java:1113)
11-10 13:20:09.505 16696 17423 E Assert  : 	at java.util.concurrent.ThreadPoolExecutor$Worker.run(ThreadPoolExecutor.java:588)
11-10 13:20:09.505 16696 17423 E Assert  : 	at com.qualcomm.robotcore.util.ThreadPool$ThreadFactoryImpl$1.run(ThreadPool.java:764)
11-10 13:20:09.506 16696 17423 E Assert  : 	at java.lang.Thread.run(Thread.java:818)
11-10 13:20:09.507 16696 17423 E EventLoopManager: Event loop threw an exception
11-10 13:20:09.508 16696 17423 E EventLoopManager: java.lang.NullPointerException: Attempt to invoke virtual method 'byte[] com.qualcomm.hardware.lynx.commands.LynxDatagram.toByteArray()' on a null object reference
11-10 13:20:09.509 16696 17423 E EventLoopManager: 	at com.qualcomm.hardware.lynx.LynxUsbDeviceImpl.transmit(LynxUsbDeviceImpl.java:745)
11-10 13:20:09.509 16696 17423 E EventLoopManager: 	at com.qualcomm.hardware.lynx.LynxUsbDeviceDelegate.transmit(LynxUsbDeviceDelegate.java:186)
11-10 13:20:09.509 16696 17423 E EventLoopManager: 	at com.qualcomm.hardware.lynx.LynxModule.retransmit(LynxModule.java:1161)
11-10 13:20:09.509 16696 17423 E EventLoopManager: 	at com.qualcomm.hardware.lynx.commands.LynxRespondable.awaitAndRetransmit(LynxRespondable.java:364)
11-10 13:20:09.510 16696 17423 E EventLoopManager: 	at com.qualcomm.hardware.lynx.commands.LynxRespondable.awaitAckResponseOrNack(LynxRespondable.java:376)
11-10 13:20:09.510 16696 17423 E EventLoopManager: 	at com.qualcomm.hardware.lynx.commands.LynxRespondable.send(LynxRespondable.java:238)
11-10 13:20:09.511 16696 17423 E EventLoopManager: 	at com.qualcomm.hardware.lynx.LynxModule.failSafe(LynxModule.java:1032)
11-10 13:20:09.511 16696 17423 E EventLoopManager: 	at com.qualcomm.hardware.lynx.LynxUsbDeviceImpl.failSafe(LynxUsbDeviceImpl.java:431)
11-10 13:20:09.511 16696 17423 E EventLoopManager: 	at com.qualcomm.hardware.lynx.LynxUsbDeviceDelegate.failSafe(LynxUsbDeviceDelegate.java:146)
11-10 13:20:09.512 16696 17423 E EventLoopManager: 	at org.firstinspires.ftc.robotcore.internal.opmode.OpModeManagerImpl$DefaultOpMode.staySafe(OpModeManagerImpl.java:654)
11-10 13:20:09.512 16696 17423 E EventLoopManager: 	at org.firstinspires.ftc.robotcore.internal.opmode.OpModeManagerImpl$DefaultOpMode.init_loop(OpModeManagerImpl.java:596)
11-10 13:20:09.512 16696 17423 E EventLoopManager: 	at org.firstinspires.ftc.robotcore.internal.opmode.OpModeManagerImpl$4.run(OpModeManagerImpl.java:517)
11-10 13:20:09.513 16696 17423 E EventLoopManager: 	at org.firstinspires.ftc.robotcore.internal.opmode.OpModeManagerImpl.detectStuck(OpModeManagerImpl.java:391)
11-10 13:20:09.513 16696 17423 E EventLoopManager: 	at org.firstinspires.ftc.robotcore.internal.opmode.OpModeManagerImpl.detectStuck(OpModeManagerImpl.java:385)
11-10 13:20:09.513 16696 17423 E EventLoopManager: 	at org.firstinspires.ftc.robotcore.internal.opmode.OpModeManagerImpl.callActiveOpModeInitLoop(OpModeManagerImpl.java:515)
11-10 13:20:09.513 16696 17423 E EventLoopManager: 	at org.firstinspires.ftc.robotcore.internal.opmode.OpModeManagerImpl.runActiveOpMode(OpModeManagerImpl.java:332)
11-10 13:20:09.514 16696 17423 E EventLoopManager: 	at com.qualcomm.ftccommon.FtcEventLoop.loop(FtcEventLoop.java:209)
11-10 13:20:09.514 16696 17423 E EventLoopManager: 	at com.qualcomm.robotcore.eventloop.EventLoopManager$EventLoopRunnable$1.run(EventLoopManager.java:298)
11-10 13:20:09.516 16696 17423 E EventLoopManager: 	at com.qualcomm.robotcore.util.ThreadPool.logThreadLifeCycle(ThreadPool.java:709)
11-10 13:20:09.516 16696 17423 E EventLoopManager: 	at com.qualcomm.robotcore.eventloop.EventLoopManager$EventLoopRunnable.run(EventLoopManager.java:241)
11-10 13:20:09.516 16696 17423 E EventLoopManager: 	at com.qualcomm.robotcore.eventloop.EventLoopManager$1.run(EventLoopManager.java:562)
11-10 13:20:09.516 16696 17423 E EventLoopManager: 	at java.util.concurrent.ThreadPoolExecutor.runWorker(ThreadPoolExecutor.java:1113)
11-10 13:20:09.517 16696 17423 E EventLoopManager: 	at java.util.concurrent.ThreadPoolExecutor$Worker.run(ThreadPoolExecutor.java:588)
11-10 13:20:09.517 16696 17423 E EventLoopManager: 	at com.qualcomm.robotcore.util.ThreadPool$ThreadFactoryImpl$1.run(ThreadPool.java:764)
11-10 13:20:09.517 16696 17423 E EventLoopManager: 	at java.lang.Thread.run(Thread.java:818)
11-10 13:20:09.517 16696 17423 V RobotCore: RobotCoreException in EventLoopManager: EventLoop Exception in loop(): NullPointerException - Attempt to invoke virtual method 'byte[] com.qualcomm.hardware.lynx.commands.LynxDatagram.toByteArray()' on a null object reference
11-10 13:20:09.517 16696 17423 V RobotCore: EventLoopManager state is EMERGENCY_STOP
11-10 13:20:09.517 16696 17423 V RobotCore: Robot Status: EMERGENCY STOP
11-10 13:20:09.518 16696 17423 D RobotCore: system telemetry: key=$System$Error$ msg="User code threw an uncaught exception: NullPointerException - Attempt to invoke virtual method 'byte[] com.qualcomm.hardware.lynx.commands.LynxDatagram.toByteArray()' on a null object reference"
11-10 13:20:09.518 16696 17423 I FtcEventLoop: ======= TEARDOWN =======
11-10 13:20:09.518 16696 17423 V LynxUsb : 0x01641358 on 0x009eee6b: releasing delegate to [DQ15X3OT]
11-10 13:20:09.518 16696 17423 V LynxUsb : 0x009eee6b: releaseRef [DQ15X3OT]=1
11-10 13:20:09.518 16696 17423 I FtcEventLoop: ======= TEARDOWN COMPLETE =======
11-10 13:20:09.518 16696 17432 V ThreadPool: container(0x014d103b: OpModeStuckCodeMonitor) removed id=1225 TID=17432 count=1
11-10 13:20:09.518 16696 17423 V RobotCore: thread: ...terminating 'opmode loop()'
11-10 13:20:09.519 16696 17423 V EventLoopManager: switching to idleEventLoop
11-10 13:20:09.519 16696 17423 I FtcEventLoopIdle: ------- idle init --------
11-10 13:20:09.519 16696 17423 V RobotCore: thread: 'opmode loop()' starting...
11-10 13:20:09.521 16696 16980 W AudioTrack: AUDIO_OUTPUT_FLAG_FAST denied by client; transfer 4, track 44100 Hz, output 48000 Hz
11-10 13:20:09.697 16696 17384 V LynxModule: retransmitting: mod=2 cmd=0x7f03 msg#=52 ref#=0 
11-10 13:20:09.900 16696 17383 E LynxModule: unable to find originating command for packetid=0xff03 msg#=52 ref#=52
11-10 13:20:12.252 16696 16696 I BatteryChecker: percent remaining: 14 is charging: false
11-10 13:20:12.253 16696 16696 I BatteryChecker: percent remaining: 14 is charging: false
11-10 13:20:12.254 16696 16696 I BatteryChecker: percent remaining: 14 is charging: false
11-10 13:20:12.255 16696 16696 I BatteryChecker: percent remaining: 14 is charging: false
11-10 13:20:12.255 16696 16696 I BatteryChecker: percent remaining: 14 is charging: false
11-10 13:20:12.255 16696 16696 I BatteryChecker: percent remaining: 14 is charging: false
11-10 13:20:12.255 16696 16696 I BatteryChecker: percent remaining: 14 is charging: false
11-10 13:20:12.256 16696 16696 I BatteryChecker: percent remaining: 14 is charging: false
11-10 13:20:12.257 16696 16696 I BatteryChecker: percent remaining: 14 is charging: false
11-10 13:20:12.257 16696 16696 I BatteryChecker: percent remaining: 14 is charging: false
11-10 13:20:12.360 16696 16696 I BatteryChecker: percent remaining: 14 is charging: false
11-10 13:20:12.361 16696 16696 I BatteryChecker: percent remaining: 14 is charging: false
11-10 13:20:12.362 16696 16696 I BatteryChecker: percent remaining: 14 is charging: false
11-10 13:20:12.362 16696 16696 I BatteryChecker: percent remaining: 14 is charging: false
11-10 13:20:12.363 16696 16696 I BatteryChecker: percent remaining: 14 is charging: false
11-10 13:20:12.363 16696 16696 I BatteryChecker: percent remaining: 14 is charging: false
11-10 13:20:12.363 16696 16696 I BatteryChecker: percent remaining: 14 is charging: false
11-10 13:20:12.363 16696 16696 I BatteryChecker: percent remaining: 14 is charging: false
11-10 13:20:12.363 16696 16696 I BatteryChecker: percent remaining: 14 is charging: false
11-10 13:20:12.364 16696 16696 I BatteryChecker: percent remaining: 14 is charging: false
11-10 13:20:13.945 16696 17384 V LynxModule: retransmitting: mod=2 cmd=0x7f04 msg#=54 ref#=0 
11-10 13:20:14.148 16696 17383 E LynxModule: unable to find originating LynxRespondable for mod=2 msg#=54 ref#=54
11-10 13:20:16.173 16696 17384 V LynxModule: retransmitting: mod=2 cmd=0x7f04 msg#=55 ref#=0 
11-10 13:20:16.176 16696 17384 F Assert  : assertion failed
11-10 13:20:16.176 16696 17384 E Assert  : java.lang.RuntimeException: assertion failed
11-10 13:20:16.176 16696 17384 E Assert  : 	at org.firstinspires.ftc.robotcore.internal.system.Assert.assertFailed(Assert.java:127)
11-10 13:20:16.177 16696 17384 E Assert  : 	at org.firstinspires.ftc.robotcore.internal.system.Assert.assertTrue(Assert.java:52)
11-10 13:20:16.177 16696 17384 E Assert  : 	at com.qualcomm.hardware.lynx.LynxUsbDeviceImpl.transmit(LynxUsbDeviceImpl.java:743)
11-10 13:20:16.177 16696 17384 E Assert  : 	at com.qualcomm.hardware.lynx.LynxUsbDeviceDelegate.transmit(LynxUsbDeviceDelegate.java:186)
11-10 13:20:16.177 16696 17384 E Assert  : 	at com.qualcomm.hardware.lynx.LynxModule.retransmit(LynxModule.java:1161)
11-10 13:20:16.178 16696 17384 E Assert  : 	at com.qualcomm.hardware.lynx.commands.LynxRespondable.awaitAndRetransmit(LynxRespondable.java:364)
11-10 13:20:16.178 16696 17384 E Assert  : 	at com.qualcomm.hardware.lynx.commands.LynxRespondable.awaitAckResponseOrNack(LynxRespondable.java:376)
11-10 13:20:16.178 16696 17384 E Assert  : 	at com.qualcomm.hardware.lynx.commands.LynxRespondable.send(LynxRespondable.java:238)
11-10 13:20:16.178 16696 17384 E Assert  : 	at com.qualcomm.hardware.lynx.LynxModule.ping(LynxModule.java:945)
11-10 13:20:16.179 16696 17384 E Assert  : 	at com.qualcomm.hardware.lynx.LynxModule.ping(LynxModule.java:933)
11-10 13:20:16.179 16696 17384 E Assert  : 	at com.qualcomm.hardware.lynx.LynxModule$3.run(LynxModule.java:970)
11-10 13:20:16.179 16696 17384 E Assert  : 	at java.util.concurrent.Executors$RunnableAdapter.call(Executors.java:423)
11-10 13:20:16.179 16696 17384 E Assert  : 	at java.util.concurrent.FutureTask.run(FutureTask.java:237)
11-10 13:20:16.179 16696 17384 E Assert  : 	at java.util.concurrent.ScheduledThreadPoolExecutor$ScheduledFutureTask.run(ScheduledThreadPoolExecutor.java:269)
11-10 13:20:16.180 16696 17384 E Assert  : 	at java.util.concurrent.ThreadPoolExecutor.runWorker(ThreadPoolExecutor.java:1113)
11-10 13:20:16.180 16696 17384 E Assert  : 	at java.util.concurrent.ThreadPoolExecutor$Worker.run(ThreadPoolExecutor.java:588)
11-10 13:20:16.180 16696 17384 E Assert  : 	at com.qualcomm.robotcore.util.ThreadPool$ThreadFactoryImpl$1.run(ThreadPool.java:764)
11-10 13:20:16.180 16696 17384 E Assert  : 	at java.lang.Thread.run(Thread.java:818)
11-10 13:20:16.180 16696 17384 E LynxModule: exception thrown during lynx communication
11-10 13:20:16.181 16696 17384 E LynxModule: java.lang.NullPointerException: Attempt to invoke virtual method 'byte[] com.qualcomm.hardware.lynx.commands.LynxDatagram.toByteArray()' on a null object reference
11-10 13:20:16.181 16696 17384 E LynxModule: 	at com.qualcomm.hardware.lynx.LynxUsbDeviceImpl.transmit(LynxUsbDeviceImpl.java:745)
11-10 13:20:16.182 16696 17384 E LynxModule: 	at com.qualcomm.hardware.lynx.LynxUsbDeviceDelegate.transmit(LynxUsbDeviceDelegate.java:186)
11-10 13:20:16.182 16696 17384 E LynxModule: 	at com.qualcomm.hardware.lynx.LynxModule.retransmit(LynxModule.java:1161)
11-10 13:20:16.182 16696 17384 E LynxModule: 	at com.qualcomm.hardware.lynx.commands.LynxRespondable.awaitAndRetransmit(LynxRespondable.java:364)
11-10 13:20:16.182 16696 17384 E LynxModule: 	at com.qualcomm.hardware.lynx.commands.LynxRespondable.awaitAckResponseOrNack(LynxRespondable.java:376)
11-10 13:20:16.182 16696 17384 E LynxModule: 	at com.qualcomm.hardware.lynx.commands.LynxRespondable.send(LynxRespondable.java:238)
11-10 13:20:16.183 16696 17384 E LynxModule: 	at com.qualcomm.hardware.lynx.LynxModule.ping(LynxModule.java:945)
11-10 13:20:16.183 16696 17384 E LynxModule: 	at com.qualcomm.hardware.lynx.LynxModule.ping(LynxModule.java:933)
11-10 13:20:16.183 16696 17384 E LynxModule: 	at com.qualcomm.hardware.lynx.LynxModule$3.run(LynxModule.java:970)
11-10 13:20:16.183 16696 17384 E LynxModule: 	at java.util.concurrent.Executors$RunnableAdapter.call(Executors.java:423)
11-10 13:20:16.183 16696 17384 E LynxModule: 	at java.util.concurrent.FutureTask.run(FutureTask.java:237)
11-10 13:20:16.184 16696 17384 E LynxModule: 	at java.util.concurrent.ScheduledThreadPoolExecutor$ScheduledFutureTask.run(ScheduledThreadPoolExecutor.java:269)
11-10 13:20:16.184 16696 17384 E LynxModule: 	at java.util.concurrent.ThreadPoolExecutor.runWorker(ThreadPoolExecutor.java:1113)
11-10 13:20:16.184 16696 17384 E LynxModule: 	at java.util.concurrent.ThreadPoolExecutor$Worker.run(ThreadPoolExecutor.java:588)
11-10 13:20:16.184 16696 17384 E LynxModule: 	at com.qualcomm.robotcore.util.ThreadPool$ThreadFactoryImpl$1.run(ThreadPool.java:764)
11-10 13:20:16.184 16696 17384 E LynxModule: 	at java.lang.Thread.run(Thread.java:818)
11-10 13:20:17.084 16696 16696 I BatteryChecker: percent remaining: 14 is charging: false
11-10 13:20:17.086 16696 16696 I BatteryChecker: percent remaining: 14 is charging: false
11-10 13:20:19.961 16696 16714 V NetDiscover_wifiDirectAgent_bcast: peers found: count=0
11-10 13:20:19.962 16696 16696 D WifiDirect: broadcast: peers changed
11-10 13:20:19.963 16696 16696 V WifiDirect: peers found: 0
11-10 13:20:22.247 16696 17384 V LynxModule: retransmitting: mod=2 cmd=0x7f04 msg#=58 ref#=0 
11-10 13:20:22.449 16696 17383 E LynxModule: unable to find originating LynxRespondable for mod=2 msg#=58 ref#=58
11-10 13:20:24.475 16696 17384 V LynxModule: retransmitting: mod=2 cmd=0x7f04 msg#=59 ref#=0 
11-10 13:20:24.677 16696 17383 E LynxModule: unable to find originating LynxRespondable for mod=2 msg#=59 ref#=59
11-10 13:20:26.701 16696 17384 V LynxModule: retransmitting: mod=2 cmd=0x7f04 msg#=60 ref#=0 
11-10 13:20:26.904 16696 17383 E LynxModule: unable to find originating LynxRespondable for mod=2 msg#=60 ref#=60
11-10 13:20:28.774 16696 16696 D WifiDirect: broadcast: peers changed
11-10 13:20:28.774 16696 16714 V NetDiscover_wifiDirectAgent_bcast: peers found: count=1
11-10 13:20:28.774 16696 16714 V NetDiscover_wifiDirectAgent_bcast:     peer: f0:d7:aa:c5:7f:9d c5:7f:9d
11-10 13:20:28.774 16696 16714 D NetDiscover_wifiDirectAgent_bcast: connection changed: networkInfo.state=CONNECTED
11-10 13:20:28.774 16696 16696 D WifiDirect: broadcast: connection changed: connectStatus=GROUP_OWNER networkInfo.state=CONNECTED
11-10 13:20:28.774 16696 16714 V NetDiscover_wifiDirectAgent_bcast: NetworkInfo: [type: WIFI_P2P[], state: CONNECTED/CONNECTED, reason: (unspecified), extra: (none), roaming: false, failover: false, isAvailable: true]
11-10 13:20:28.774 16696 16714 V NetDiscover_wifiDirectAgent_bcast: WifiP2pInfo: groupFormed: true isGroupOwner: true operatingChannel: 2412 groupOwnerAddress: /192.168.49.1 mccMode: false
11-10 13:20:28.774 16696 16714 V NetDiscover_wifiDirectAgent_bcast: WifiP2pGroup: network: DIRECT-ul-13151, isGO: true, Operating Channel: 2412, GO: Device: , deviceAddress: f0:d7:aa:c5:3c:3c, primary type: null, secondary type: null, wps: 0, grpcapab: 0, devcapab: 0, status: 4, wfdInfo: WFD enabled: falseWFD DeviceInfo: 0, WFD CtrlPort: 0, WFD MaxThroughput: 0, level: 0, Client: Device: , deviceAddress: f0:d7:aa:c5:7f:9d, primary type: null, secondary type: null, wps: 0, grpcapab: 0, devcapab: 0, status: 4, wfdInfo: null, level: 0, interface: p2p0, networkId: 2, mGoOperFreq: 2412
11-10 13:20:28.775 16696 16696 V WifiDirect: peers found: 1
11-10 13:20:28.775 16696 16696 V WifiDirect:     peer: f0:d7:aa:c5:7f:9d c5:7f:9d
11-10 13:20:28.929 16696 17384 V LynxModule: retransmitting: mod=2 cmd=0x7f04 msg#=61 ref#=0 
11-10 13:20:28.930 16696 17384 F Assert  : assertion failed
11-10 13:20:28.930 16696 17384 E Assert  : java.lang.RuntimeException: assertion failed
11-10 13:20:28.931 16696 17384 E Assert  : 	at org.firstinspires.ftc.robotcore.internal.system.Assert.assertFailed(Assert.java:127)
11-10 13:20:28.931 16696 17384 E Assert  : 	at org.firstinspires.ftc.robotcore.internal.system.Assert.assertTrue(Assert.java:52)
11-10 13:20:28.932 16696 17384 E Assert  : 	at com.qualcomm.hardware.lynx.LynxUsbDeviceImpl.transmit(LynxUsbDeviceImpl.java:743)
11-10 13:20:28.932 16696 17384 E Assert  : 	at com.qualcomm.hardware.lynx.LynxUsbDeviceDelegate.transmit(LynxUsbDeviceDelegate.java:186)
11-10 13:20:28.932 16696 17384 E Assert  : 	at com.qualcomm.hardware.lynx.LynxModule.retransmit(LynxModule.java:1161)
11-10 13:20:28.933 16696 17384 E Assert  : 	at com.qualcomm.hardware.lynx.commands.LynxRespondable.awaitAndRetransmit(LynxRespondable.java:364)
11-10 13:20:28.933 16696 17384 E Assert  : 	at com.qualcomm.hardware.lynx.commands.LynxRespondable.awaitAckResponseOrNack(LynxRespondable.java:376)
11-10 13:20:28.933 16696 17384 E Assert  : 	at com.qualcomm.hardware.lynx.commands.LynxRespondable.send(LynxRespondable.java:238)
11-10 13:20:28.934 16696 17384 E Assert  : 	at com.qualcomm.hardware.lynx.LynxModule.ping(LynxModule.java:945)
11-10 13:20:28.934 16696 17384 E Assert  : 	at com.qualcomm.hardware.lynx.LynxModule.ping(LynxModule.java:933)
11-10 13:20:28.934 16696 17384 E Assert  : 	at com.qualcomm.hardware.lynx.LynxModule$3.run(LynxModule.java:970)
11-10 13:20:28.934 16696 17384 E Assert  : 	at java.util.concurrent.Executors$RunnableAdapter.call(Executors.java:423)
11-10 13:20:28.935 16696 17384 E Assert  : 	at java.util.concurrent.FutureTask.run(FutureTask.java:237)
11-10 13:20:28.935 16696 17384 E Assert  : 	at java.util.concurrent.ScheduledThreadPoolExecutor$ScheduledFutureTask.run(ScheduledThreadPoolExecutor.java:269)
11-10 13:20:28.935 16696 17384 E Assert  : 	at java.util.concurrent.ThreadPoolExecutor.runWorker(ThreadPoolExecutor.java:1113)
11-10 13:20:28.936 16696 17384 E Assert  : 	at java.util.concurrent.ThreadPoolExecutor$Worker.run(ThreadPoolExecutor.java:588)
11-10 13:20:28.936 16696 17384 E Assert  : 	at com.qualcomm.robotcore.util.ThreadPool$ThreadFactoryImpl$1.run(ThreadPool.java:764)
11-10 13:20:28.936 16696 17384 E Assert  : 	at java.lang.Thread.run(Thread.java:818)
11-10 13:20:28.937 16696 17384 E LynxModule: exception thrown during lynx communication
11-10 13:20:28.939 16696 17384 E LynxModule: java.lang.NullPointerException: Attempt to invoke virtual method 'byte[] com.qualcomm.hardware.lynx.commands.LynxDatagram.toByteArray()' on a null object reference
11-10 13:20:28.940 16696 17384 E LynxModule: 	at com.qualcomm.hardware.lynx.LynxUsbDeviceImpl.transmit(LynxUsbDeviceImpl.java:745)
11-10 13:20:28.940 16696 17384 E LynxModule: 	at com.qualcomm.hardware.lynx.LynxUsbDeviceDelegate.transmit(LynxUsbDeviceDelegate.java:186)
11-10 13:20:28.940 16696 17384 E LynxModule: 	at com.qualcomm.hardware.lynx.LynxModule.retransmit(LynxModule.java:1161)
11-10 13:20:28.941 16696 17384 E LynxModule: 	at com.qualcomm.hardware.lynx.commands.LynxRespondable.awaitAndRetransmit(LynxRespondable.java:364)
11-10 13:20:28.941 16696 17384 E LynxModule: 	at com.qualcomm.hardware.lynx.commands.LynxRespondable.awaitAckResponseOrNack(LynxRespondable.java:376)
11-10 13:20:28.941 16696 17384 E LynxModule: 	at com.qualcomm.hardware.lynx.commands.LynxRespondable.send(LynxRespondable.java:238)
11-10 13:20:28.942 16696 17384 E LynxModule: 	at com.qualcomm.hardware.lynx.LynxModule.ping(LynxModule.java:945)
11-10 13:20:28.942 16696 17384 E LynxModule: 	at com.qualcomm.hardware.lynx.LynxModule.ping(LynxModule.java:933)
11-10 13:20:28.942 16696 17384 E LynxModule: 	at com.qualcomm.hardware.lynx.LynxModule$3.run(LynxModule.java:970)
11-10 13:20:28.942 16696 17384 E LynxModule: 	at java.util.concurrent.Executors$RunnableAdapter.call(Executors.java:423)
11-10 13:20:28.943 16696 17384 E LynxModule: 	at java.util.concurrent.FutureTask.run(FutureTask.java:237)
11-10 13:20:28.943 16696 17384 E LynxModule: 	at java.util.concurrent.ScheduledThreadPoolExecutor$ScheduledFutureTask.run(ScheduledThreadPoolExecutor.java:269)
11-10 13:20:28.943 16696 17384 E LynxModule: 	at java.util.concurrent.ThreadPoolExecutor.runWorker(ThreadPoolExecutor.java:1113)
11-10 13:20:28.944 16696 17384 E LynxModule: 	at java.util.concurrent.ThreadPoolExecutor$Worker.run(ThreadPoolExecutor.java:588)
11-10 13:20:28.944 16696 17384 E LynxModule: 	at com.qualcomm.robotcore.util.ThreadPool$ThreadFactoryImpl$1.run(ThreadPool.java:764)
11-10 13:20:28.944 16696 17384 E LynxModule: 	at java.lang.Thread.run(Thread.java:818)
11-10 13:20:30.955 16696 17384 V LynxModule: retransmitting: mod=2 cmd=0x7f04 msg#=62 ref#=0 
11-10 13:20:31.158 16696 17383 E LynxModule: unable to find originating LynxRespondable for mod=2 msg#=62 ref#=62
11-10 13:20:33.182 16696 17384 V LynxModule: retransmitting: mod=2 cmd=0x7f04 msg#=63 ref#=0 
11-10 13:20:33.385 16696 17383 E LynxModule: unable to find originating LynxRespondable for mod=2 msg#=63 ref#=63
11-10 13:20:34.839 16696 17365 V ThreadPool: container(0x0c8e8e97: default threadpool) removed id=1213 TID=17365 count=2
11-10 13:20:34.879 16696 17376 V ThreadPool: container(0x0c8e8e97: default threadpool) removed id=1214 TID=17376 count=1
11-10 13:20:35.216 16696 16696 I BatteryChecker: percent remaining: 14 is charging: false
11-10 13:20:35.217 16696 16696 I BatteryChecker: percent remaining: 14 is charging: false
11-10 13:20:35.409 16696 17384 V LynxModule: retransmitting: mod=2 cmd=0x7f04 msg#=64 ref#=0 
11-10 13:20:35.613 16696 17383 E LynxModule: unable to find originating LynxRespondable for mod=2 msg#=64 ref#=64
11-10 13:20:37.638 16696 17384 V LynxModule: retransmitting: mod=2 cmd=0x7f04 msg#=65 ref#=0 
11-10 13:20:37.841 16696 17383 E LynxModule: unable to find originating LynxRespondable for mod=2 msg#=65 ref#=65
11-10 13:20:39.867 16696 17384 V LynxModule: retransmitting: mod=2 cmd=0x7f04 msg#=66 ref#=0 
11-10 13:20:40.070 16696 17383 E LynxModule: unable to find originating LynxRespondable for mod=2 msg#=66 ref#=66
11-10 13:20:42.670 16696 16696 V WifiDirect: There are 2 Wifi Direct Assistant Clients (-)
11-10 13:20:42.698 16696 16696 V MTPMonitorService: onTrimMemory()
11-10 13:20:42.698 16696 16696 V OnBotJavaService: onTrimMemory()
11-10 13:20:44.113 16696 17384 V LynxModule: retransmitting: mod=2 cmd=0x7f04 msg#=68 ref#=0 
11-10 13:20:44.315 16696 17383 E LynxModule: unable to find originating LynxRespondable for mod=2 msg#=68 ref#=68
11-10 13:20:45.100 16696 16696 V RCActivity: onStart()
11-10 13:20:45.100 16696 16696 V Robocol : EventLoopManager.shutdown()
11-10 13:20:45.100 16696 16696 V ThreadPool: waiting for service EventLoop
11-10 13:20:45.100 16696 17423 V RobotCore: EventLoopRunnable interrupted
11-10 13:20:45.100 16696 17423 V RobotCore: EventLoopManager state is STOPPED
11-10 13:20:45.100 16696 17423 V RobotCore: Robot Status: stopped
11-10 13:20:45.100 16696 17423 I FtcEventLoopIdle: ------- idle teardown ----
11-10 13:20:45.100 16696 17423 V RobotCore: thread: ...terminating 'opmode loop()'
11-10 13:20:45.100 16696 17423 V ThreadPool: container(0x02f27517: executorEventLoop) removed id=1221 TID=17423 count=1
11-10 13:20:45.101 16696 16696 V ThreadPool: awaitTermination returned, isTerminated=true
11-10 13:20:45.101 16696 16696 V ThreadPool: executive service EventLoop(0x02f27517) is terminated
11-10 13:20:45.101 16696 16696 V RobotCore: EventLoopManager state is STOPPED
11-10 13:20:45.112 16696 16696 V ThreadPool: container(0x0c8e8e97: default threadpool) added id=1226 TID=0 count=1
11-10 13:20:45.113 16696 16696 V RCActivity: onResume()
11-10 13:20:45.114 16696 17468 V RobotCore: thread: 'RobotSetupRunnable.run()' starting...
11-10 13:20:45.114 16696 17468 V FTCService: Processing robot setup
11-10 13:20:45.114 16696 17468 V RobotCore: Robot Status: stopped, scanning for USB devices
11-10 13:20:45.127 16696 16696 I BatteryChecker: percent remaining: 14 is charging: false
11-10 13:20:45.127 16696 16696 I BatteryChecker: percent remaining: 14 is charging: false
11-10 13:20:46.333 16696 17384 V LynxModule: retransmitting: mod=2 cmd=0x7f04 msg#=69 ref#=0 
11-10 13:20:46.535 16696 17383 E LynxModule: unable to find originating LynxRespondable for mod=2 msg#=69 ref#=69
11-10 13:20:48.557 16696 17384 V LynxModule: retransmitting: mod=2 cmd=0x7f04 msg#=70 ref#=0 
11-10 13:20:48.760 16696 17383 E LynxModule: unable to find originating LynxRespondable for mod=2 msg#=70 ref#=70
11-10 13:20:50.112 16696 16696 I BatteryChecker: percent remaining: 14 is charging: false
11-10 13:20:50.113 16696 16696 I BatteryChecker: percent remaining: 14 is charging: false
11-10 13:20:50.115 16696 17468 V RobotCore: Robot Status: stopped, waiting for Wifi to enable
11-10 13:20:50.115 16696 17468 V RobotCore: Robot Status: stopped, waiting for Wifi Direct to enable
11-10 13:20:50.116 16696 17468 V RobotCore: Robot Status: stopped, waiting for network to become active
