11-10 13:06:29.125 12835 12946 D MediaCodec:    int32_t channel-mask = 0
11-10 13:06:29.125 12835 12946 D MediaCodec:    int32_t what = 1869968451
11-10 13:06:29.125 12835 12946 D MediaCodec:  }
11-10 13:06:29.133 12835 12909 I MediaCodec: (0xb78fd6d8) stop
11-10 13:06:29.134 12835 12909 I MediaCodec: (0xb78fd6d8) release
11-10 13:06:29.231 12835 12925 V LynxModule: retransmitting: mod=2 cmd=0x7f03 msg#=12 ref#=0 
11-10 13:06:29.300 12835 12907 V Robocol : sending CMD_NOTIFY_ROBOT_STATE(77), attempt: 1
11-10 13:06:29.434 12835 12924 E LynxModule: unable to find originating command for packetid=0xff03 msg#=11 ref#=12
11-10 13:06:29.535 12835 12928 V LynxModule: retransmitting: mod=2 cmd=0x7f05 msg#=13 ref#=0 
11-10 13:06:29.637 12835 12928 V LynxModule: close()
11-10 13:06:29.638 12835 12928 V ThreadPool: waiting for service lynx module executor
11-10 13:06:29.738 12835 12925 V ThreadPool: container(0x0eafdc29: lynx module executor) removed id=898 TID=12925 count=1
11-10 13:06:29.739 12835 12928 V ThreadPool: awaitTermination returned, isTerminated=true
11-10 13:06:29.739 12835 12928 V ThreadPool: executive service lynx module executor(0x0eafdc29) is terminated
11-10 13:06:29.740 12835 12924 E LynxModule: unable to find originating LynxRespondable for mod=2 msg#=12 ref#=13
11-10 13:06:29.740 12835 12928 V LynxUsb : disarmDevice() serial=DQ16J33T...
11-10 13:06:29.740 12835 12928 V LynxUsb : shutting down incoming datagrams
11-10 13:06:29.741 12835 12928 V ThreadPool: waiting for service Lynx incoming datagram poller
11-10 13:06:29.741 12835 12924 V RobotCore: thread: ...terminating 'lynx incoming datagrams'
11-10 13:06:29.741 12835 12924 V ThreadPool: container(0x08402a57: lynx dg poller) removed id=897 TID=12924 count=1
11-10 13:06:29.742 12835 12928 V ThreadPool: awaitTermination returned, isTerminated=true
11-10 13:06:29.742 12835 12928 V ThreadPool: executive service Lynx incoming datagram poller(0x08402a57) is terminated
11-10 13:06:29.742 12835 12928 V RobotUsbDeviceFtdi: closing DQ16J33T
11-10 13:06:29.742 12835 12928 V FtDevice: vv********************DQ16J33T closing********************vv 0x03ee1ff1
11-10 13:06:29.742 12835 12928 V FtDevice: DQ16J33T stopping thread readBufferManager
11-10 13:06:29.743 12835 12920 V FtDevice: DQ16J33T thread readBufferManager is stopped
11-10 13:06:29.743 12835 12928 V FtDevice: DQ16J33T stopping thread bulkPacketInWorker
11-10 13:06:29.769 12835 12835 I BatteryChecker: percent remaining: 14 is charging: false
11-10 13:06:29.839 12835 12919 V FtDevice: DQ16J33T thread bulkPacketInWorker is stopped
11-10 13:06:29.840 12835 12928 V MonitoredUsbDeviceConnection: closing UsbDeviceConnection(DQ16J33T)
11-10 13:06:29.840 12835 12928 D UsbDeviceConnectionJNI: close
11-10 13:06:29.840 12835 12928 V FtDevice: ^^********************DQ16J33T closed ********************^^
11-10 13:06:29.840 12835 12928 V LynxUsb : ...done disarmDevice()
11-10 13:06:29.841 12835 12928 V LynxUsb : ...doClose([DQ16J33T])
11-10 13:06:29.841 12835 12921 V ThreadPool: container(0x03e57b98: WatchdogMonitor) removed id=896 TID=12921 count=1
11-10 13:06:29.842 12835 12928 I FtcEventLoop: ======= TEARDOWN COMPLETE =======
11-10 13:06:29.842 12835 12928 V RobotCore: thread: ...terminating 'opmode loop()'
11-10 13:06:29.842 12835 12928 V EventLoopManager: switching to idleEventLoop
11-10 13:06:29.842 12835 12928 I FtcEventLoopIdle: ------- idle init --------
11-10 13:06:29.842 12835 12928 V RobotCore: thread: 'opmode loop()' starting...
11-10 13:06:29.851 12835 12911 W AudioTrack: AUDIO_OUTPUT_FLAG_FAST denied by client; transfer 4, track 44100 Hz, output 48000 Hz
11-10 13:06:54.729 12835 12902 V ThreadPool: container(0x021204f9: default threadpool) removed id=882 TID=12902 count=2
11-10 13:06:57.733 12835 12891 V ThreadPool: container(0x021204f9: default threadpool) removed id=876 TID=12891 count=1
11-10 13:07:06.617 12835 12835 V Robocol : EventLoopManager.shutdown()
11-10 13:07:06.617 12835 12928 V RobotCore: EventLoopRunnable interrupted
11-10 13:07:06.617 12835 12928 V RobotCore: EventLoopManager state is STOPPED
11-10 13:07:06.617 12835 12928 V RobotCore: Robot Status: stopped
11-10 13:07:06.617 12835 12928 I FtcEventLoopIdle: ------- idle teardown ----
11-10 13:07:06.617 12835 12928 V RobotCore: thread: ...terminating 'opmode loop()'
11-10 13:07:06.618 12835 12835 V ThreadPool: executive service EventLoop(0x07188f59) is terminated
11-10 13:07:06.618 12835 12928 V ThreadPool: container(0x07188f59: executorEventLoop) removed id=899 TID=12928 count=1
11-10 13:07:06.618 12835 12835 V RobotCore: EventLoopManager state is STOPPED
11-10 13:07:06.620 12835 12907 V Robocol : sending CMD_SHOW_TOAST(435), attempt: 0
11-10 13:07:06.620 12835 12907 V Robocol : sending CMD_SHOW_TOAST(436), attempt: 0
11-10 13:07:06.620 12835 12907 V Robocol : sending CMD_NOTIFY_ROBOT_STATE(437), attempt: 0
11-10 13:07:06.620 12835 12907 V Robocol : sending CMD_NOTIFY_ROBOT_STATE(438), attempt: 0
11-10 13:07:06.624 12835 12835 V ThreadPool: container(0x021204f9: default threadpool) added id=910 TID=0 count=1
11-10 13:07:06.627 12835 12967 V RobotCore: thread: 'RobotSetupRunnable.run()' starting...
11-10 13:07:06.627 12835 12967 V FTCService: Processing robot setup
11-10 13:07:06.627 12835 12967 V RobotCore: Robot Status: stopped, scanning for USB devices
11-10 13:07:06.642 12835 12904 D RobotCore: system telemetry: key=$System$None$ msg=""
11-10 13:07:06.659 12835 12907 V Robocol : sending CMD_SHOW_TOAST(439), attempt: 0
11-10 13:07:06.740 12835 12886 V RenderScript: 0xb7923d40 Launching thread(s), CPUs 4
11-10 13:07:11.628 12835 12967 V RobotCore: Robot Status: stopped, waiting for Wifi to enable
11-10 13:07:11.628 12835 12967 V RobotCore: Robot Status: stopped, waiting for Wifi Direct to enable
11-10 13:07:11.629 12835 12967 V RobotCore: Robot Status: stopped, waiting for network to become active
11-10 13:07:11.629 12835 12967 V RobotCore: Robot Status: stopped, starting robot
11-10 13:07:11.629 12835 12967 V Robocol : EventLoopManager.start()
11-10 13:07:11.629 12835 12967 V Robocol : Spoofing a Network Connection event...
11-10 13:07:11.629 12835 12967 V ThreadPool: executive service EventLoop(0x07188f59) is terminated
11-10 13:07:11.629 12835 12967 V RobotCore: EventLoopManager state is STOPPED
11-10 13:07:11.630 12835 12967 V Robocol : eventLoop=FtcEventLoop
11-10 13:07:11.630 12835 12967 V RobotCore: EventLoopManager state is INIT
11-10 13:07:11.630 12835 12967 V RobotCore: Robot Status: initializing, starting robot
11-10 13:07:11.630 12835 12967 I FtcEventLoop: ======= INIT START =======
11-10 13:07:11.635 12835 12967 V OpmodeRegistration: registered {DefaultOpMode} as {$Stop$Robot$}
11-10 13:07:11.638 12835 12967 V FileBasedLock: locked /storage/emulated/0/FIRST/blocks/projectslock/lock.dat
11-10 13:07:11.639 12835 12967 V ThreadPool: container(0x021204f9: default threadpool) added id=911 TID=0 count=2
11-10 13:07:11.646 12835 12967 V FileBasedLock: unlocking /storage/emulated/0/FIRST/blocks/projectslock/lock.dat
11-10 13:07:11.647 12835 12967 V OpmodeRegistration: registered instance as {VuPractice}
11-10 13:07:11.650 12835 12835 D WifiDirect: cannot create group, does group already exist?
11-10 13:07:11.650 12835 12967 V OpmodeRegistration: registered {AutoBluPara} as {AutoBluPara}
11-10 13:07:11.651 12835 12967 V OpmodeRegistration: registered {AutoBluPerp} as {AutoBluPerp}
11-10 13:07:11.651 12835 12967 V OpmodeRegistration: registered {LoaderBot} as {LoaderBot}
11-10 13:07:11.652 12835 12967 V OpmodeRegistration: registered {AutoRedPara} as {AutoRedPara}
11-10 13:07:11.653 12835 12967 V OpmodeRegistration: registered {PushBotDriver} as {PushBotDriver}
11-10 13:07:11.654 12835 12967 V OpmodeRegistration: registered {AutoRedPerp} as {AutoRedPerp}
11-10 13:07:11.661 12835 12907 V Robocol : sending CMD_NOTIFY_ROBOT_STATE(493), attempt: 0
11-10 13:07:11.661 12835 12907 V Robocol : sending CMD_NOTIFY_ROBOT_STATE(494), attempt: 0
11-10 13:07:11.661 12835 12907 V Robocol : sending CMD_NOTIFY_ACTIVE_CONFIGURATION(495), attempt: 0
11-10 13:07:11.680 12835 12967 V HardwareFactory: createHardwareMap()
11-10 13:07:11.680 12835 12967 V WifiDirectInviteMonitor: clearUILynxModule()
11-10 13:07:11.681 12835 12835 I BatteryChecker: percent remaining: 14 is charging: false
11-10 13:07:11.681 12835 12967 V ReadXMLFileHandler: handleLynxModule() mod#=2...
11-10 13:07:11.681 12835 12967 V ConfigurationUtility: buildEmptyLynxModule() mod#=2...
11-10 13:07:11.681 12835 12967 V ConfigurationUtility: ...buildEmptyLynxModule() mod#=2
11-10 13:07:11.681 12835 12967 V ReadXMLFileHandler: ...handleLynxModule() mod#=2
11-10 13:07:11.682 12835 12967 V RobotCore: Creating REV Robotics USB Expansion Hub Portal [DQ16J33T]
11-10 13:07:11.682 12835 12967 V LynxUsb : creating new [DQ16J33T]: 0x08947483
11-10 13:07:11.683 12835 12967 V FtDeviceManager: createDeviceInfoList(): 1 USB devices
11-10 13:07:11.699 12835 12907 V Robocol : sending CMD_NOTIFY_USER_DEVICE_LIST(496), attempt: 0
11-10 13:07:11.700 12835 12907 V Robocol : sending CMD_NOTIFY_OP_MODE_LIST(497), attempt: 0
11-10 13:07:11.887 12835 12967 V FtDevice: vv********************DQ16J33T opening********************vv 0x03ee1ff1
11-10 13:07:11.888 12835 12967 V FtDevice: ^^********************DQ16J33T opened ********************^^
11-10 13:07:11.888 12835 12967 V FtDevice: resetting DQ16J33T
11-10 13:07:11.888 12835 12967 V ThreadPool: container(0x0307b600: WatchdogMonitor) added id=914 TID=0 count=1
11-10 13:07:12.292 12835 12967 V LynxUsb : armDevice() serial=DQ16J33T...
11-10 13:07:12.292 12835 12967 V LynxModule: resetDevice() serial=DQ16J33T
11-10 13:07:12.797 12835 12967 V ThreadPool: container(0x031fd5df: lynx dg poller) added id=915 TID=0 count=1
11-10 13:07:12.798 12835 12967 V LynxUsb : ...done armDevice()
11-10 13:07:12.798 12835 12967 V LynxUsb : 0x07b0f4f5 on 0x08947483: new delegate to [DQ16J33T]
11-10 13:07:12.798 12835 12967 V RobotCore: Creating Lynx Module - mod=2 parent=true
11-10 13:07:12.799 12835 12967 V LynxUsb : addConfiguredModule() module#=2
11-10 13:07:12.799 12835 12967 V LynxModule: pingAndQueryKnownInterfaces mod=2
11-10 13:07:12.800 12835 12981 V RobotCore: thread: 'lynx incoming datagrams' starting...
11-10 13:07:12.898 12835 12967 V ThreadPool: container(0x0b79228a: lynx module executor) added id=916 TID=0 count=1
11-10 13:07:12.999 12835 12967 V LynxModule: retransmitting: mod=2 cmd=0x7f04 msg#=1 ref#=0 
11-10 13:07:13.000 12835 12981 V LynxUsb : synchronization gained: serial=DQ16J33T
11-10 13:07:13.202 12835 12981 E LynxModule: unable to find originating LynxRespondable for mod=2 msg#=1 ref#=1
11-10 13:07:13.303 12835 12967 V LynxModule: retransmitting: mod=2 cmd=0x7f07 msg#=2 ref#=0 
11-10 13:07:13.404 12835 12967 V LynxModule: queryInterface(DEKA)=49 commands
11-10 13:07:13.413 12835 12967 V LynxModule: mod#=2 intf=DEKA: expected 53 commands; found 49
11-10 13:07:13.506 12835 12981 E LynxModule: unable to find originating command for packetid=0xff07 msg#=2 ref#=2
11-10 13:07:13.607 12835 12967 V LynxModule: retransmitting: mod=2 cmd=0x7f0e msg#=3 ref#=0 
11-10 13:07:13.708 12835 12967 V LynxModule: sendLEDPatternSteps(): #steps=6
11-10 13:07:13.809 12835 12981 E LynxModule: unable to find originating LynxRespondable for mod=2 msg#=3 ref#=3
11-10 13:07:13.910 12835 12967 V LynxModule: retransmitting: mod=2 cmd=0x7f04 msg#=4 ref#=0 
11-10 13:07:14.113 12835 12981 E LynxModule: unable to find originating LynxRespondable for mod=2 msg#=4 ref#=4
11-10 13:07:14.118 12835 12835 I BatteryChecker: percent remaining: 14 is charging: false
11-10 13:07:14.416 12835 12967 V LynxModule: retransmitting: mod=2 cmd=0x102c msg#=6 ref#=0 
11-10 13:07:14.519 12835 12967 V LynxMotor: initializeHardware() mod#=2
11-10 13:07:14.619 12835 12981 E LynxModule: unable to find originating LynxRespondable for mod=2 msg#=6 ref#=6
11-10 13:07:14.922 12835 12982 V LynxModule: received status: LynxGetModuleStatusResponse(status=0x02 alerts=0x00: Reset)
11-10 13:07:15.528 12835 12967 V LynxModule: retransmitting: mod=2 cmd=0x100f msg#=11 ref#=0 
11-10 13:07:15.731 12835 12981 E LynxModule: unable to find originating LynxRespondable for mod=2 msg#=11 ref#=11
11-10 13:07:16.033 12835 12967 V LynxModule: retransmitting: mod=2 cmd=0x1009 msg#=13 ref#=0 
11-10 13:07:16.236 12835 12981 E LynxModule: unable to find originating command for packetid=0x9009 msg#=13 ref#=13
11-10 13:07:16.337 12835 12967 V LynxModule: retransmitting: mod=2 cmd=0x1008 msg#=14 ref#=0 
11-10 13:07:16.540 12835 12981 E LynxModule: unable to find originating LynxRespondable for mod=2 msg#=14 ref#=14
11-10 13:07:16.641 12835 12967 V LynxModule: retransmitting: mod=2 cmd=0x1009 msg#=15 ref#=0 
11-10 13:07:16.682 12835 12835 I BatteryChecker: percent remaining: 14 is charging: false
11-10 13:07:16.844 12835 12981 E LynxModule: unable to find originating command for packetid=0x9009 msg#=15 ref#=15
11-10 13:07:16.944 12835 12982 V LynxModule: retransmitting: mod=2 cmd=0x7f03 msg#=16 ref#=0 
11-10 13:07:17.148 12835 12981 E LynxModule: unable to find originating command for packetid=0xff03 msg#=16 ref#=16
11-10 13:07:17.248 12835 12967 V LynxModule: retransmitting: mod=2 cmd=0x100f msg#=17 ref#=0 
11-10 13:07:17.451 12835 12981 E LynxModule: unable to find originating LynxRespondable for mod=2 msg#=17 ref#=17
11-10 13:07:17.552 12835 12967 V LynxModule: retransmitting: mod=2 cmd=0x100a msg#=18 ref#=0 
11-10 13:07:17.755 12835 12981 E LynxModule: unable to find originating LynxRespondable for mod=2 msg#=18 ref#=18
11-10 13:07:17.856 12835 12967 V LynxModule: retransmitting: mod=2 cmd=0x1009 msg#=19 ref#=0 
11-10 13:07:18.059 12835 12981 E LynxModule: unable to find originating command for packetid=0x9009 msg#=19 ref#=19
11-10 13:07:18.160 12835 12967 V LynxModule: retransmitting: mod=2 cmd=0x1008 msg#=20 ref#=0 
11-10 13:07:18.363 12835 12981 E LynxModule: unable to find originating LynxRespondable for mod=2 msg#=20 ref#=20
11-10 13:07:18.464 12835 12967 V LynxModule: retransmitting: mod=2 cmd=0x1009 msg#=21 ref#=0 
11-10 13:07:18.668 12835 12981 E LynxModule: unable to find originating command for packetid=0x9009 msg#=21 ref#=21
11-10 13:07:18.769 12835 12967 V LynxModule: retransmitting: mod=2 cmd=0x100f msg#=22 ref#=0 
11-10 13:07:18.971 12835 12981 E LynxModule: unable to find originating LynxRespondable for mod=2 msg#=22 ref#=22
11-10 13:07:19.073 12835 12967 V LynxModule: retransmitting: mod=2 cmd=0x100a msg#=23 ref#=0 
11-10 13:07:19.275 12835 12981 E LynxModule: unable to find originating LynxRespondable for mod=2 msg#=23 ref#=23
11-10 13:07:19.780 12835 12967 V LynxModule: retransmitting: mod=2 cmd=0x1009 msg#=26 ref#=0 
11-10 13:07:19.983 12835 12981 E LynxModule: unable to find originating command for packetid=0x9009 msg#=26 ref#=26
11-10 13:07:20.084 12835 12967 V LynxModule: retransmitting: mod=2 cmd=0x100f msg#=27 ref#=0 
11-10 13:07:20.287 12835 12981 E LynxModule: unable to find originating LynxRespondable for mod=2 msg#=27 ref#=27
11-10 13:07:20.388 12835 12967 V LynxModule: retransmitting: mod=2 cmd=0x100a msg#=28 ref#=0 
11-10 13:07:20.591 12835 12981 E LynxModule: unable to find originating LynxRespondable for mod=2 msg#=28 ref#=28
11-10 13:07:20.692 12835 12967 V LynxModule: retransmitting: mod=2 cmd=0x1009 msg#=29 ref#=0 
11-10 13:07:20.895 12835 12981 E LynxModule: unable to find originating command for packetid=0x9009 msg#=29 ref#=29
11-10 13:07:21.197 12835 12967 V LynxModule: retransmitting: mod=2 cmd=0x100f msg#=31 ref#=0 
11-10 13:07:21.401 12835 12981 E LynxModule: unable to find originating LynxRespondable for mod=2 msg#=31 ref#=31
11-10 13:07:21.502 12835 12967 V LynxModule: retransmitting: mod=2 cmd=0x100a msg#=32 ref#=0 
11-10 13:07:21.705 12835 12981 E LynxModule: unable to find originating LynxRespondable for mod=2 msg#=32 ref#=32
11-10 13:07:21.806 12835 12967 V LynxModule: retransmitting: mod=2 cmd=0x1009 msg#=33 ref#=0 
11-10 13:07:22.008 12835 12981 E LynxModule: unable to find originating command for packetid=0x9009 msg#=33 ref#=33
11-10 13:07:22.109 12835 12967 V LynxModule: retransmitting: mod=2 cmd=0x1008 msg#=34 ref#=0 
11-10 13:07:22.312 12835 12981 E LynxModule: unable to find originating LynxRespondable for mod=2 msg#=34 ref#=34
11-10 13:07:22.413 12835 12967 V LynxModule: retransmitting: mod=2 cmd=0x100f msg#=35 ref#=0 
11-10 13:07:22.615 12835 12981 E LynxModule: unable to find originating LynxRespondable for mod=2 msg#=35 ref#=35
11-10 13:07:22.717 12835 12967 V LynxModule: retransmitting: mod=2 cmd=0x100a msg#=36 ref#=0 
11-10 13:07:22.920 12835 12981 E LynxModule: unable to find originating LynxRespondable for mod=2 msg#=36 ref#=36
11-10 13:07:23.424 12835 12967 V LynxModule: retransmitting: mod=2 cmd=0x100f msg#=39 ref#=0 
11-10 13:07:23.627 12835 12981 E LynxModule: unable to find originating LynxRespondable for mod=2 msg#=39 ref#=39
11-10 13:07:23.728 12835 12967 V LynxModule: retransmitting: mod=2 cmd=0x100a msg#=40 ref#=0 
11-10 13:07:23.930 12835 12981 E LynxModule: unable to find originating LynxRespondable for mod=2 msg#=40 ref#=40
11-10 13:07:24.031 12835 12967 V LynxModule: retransmitting: mod=2 cmd=0x1009 msg#=41 ref#=0 
11-10 13:07:24.234 12835 12981 E LynxModule: unable to find originating command for packetid=0x9009 msg#=41 ref#=41
11-10 13:07:24.335 12835 12967 V LynxModule: retransmitting: mod=2 cmd=0x1008 msg#=42 ref#=0 
11-10 13:07:24.537 12835 12981 E LynxModule: unable to find originating LynxRespondable for mod=2 msg#=42 ref#=42
11-10 13:07:24.840 12835 12967 V LynxModule: retransmitting: mod=2 cmd=0x100a msg#=44 ref#=0 
11-10 13:07:25.043 12835 12981 E LynxModule: unable to find originating LynxRespondable for mod=2 msg#=44 ref#=44
11-10 13:07:25.145 12835 12967 V LynxModule: retransmitting: mod=2 cmd=0x1018 msg#=45 ref#=0 
11-10 13:07:25.348 12835 12981 E LynxModule: unable to find originating command for packetid=0x9018 msg#=45 ref#=45
11-10 13:07:25.449 12835 12967 V LynxModule: retransmitting: mod=2 cmd=0x1018 msg#=46 ref#=0 
11-10 13:07:25.651 12835 12981 E LynxModule: unable to find originating command for packetid=0x9018 msg#=46 ref#=46
11-10 13:07:25.752 12835 12967 V LynxModule: retransmitting: mod=2 cmd=0x1018 msg#=47 ref#=0 
11-10 13:07:25.955 12835 12981 E LynxModule: unable to find originating command for packetid=0x9018 msg#=47 ref#=47
11-10 13:07:26.056 12835 12967 V LynxModule: retransmitting: mod=2 cmd=0x1018 msg#=48 ref#=0 
11-10 13:07:26.260 12835 12981 E LynxModule: unable to find originating command for packetid=0x9018 msg#=48 ref#=48
11-10 13:07:26.360 12835 12967 V LynxModule: retransmitting: mod=2 cmd=0x1018 msg#=49 ref#=0 
11-10 13:07:26.563 12835 12981 E LynxModule: unable to find originating command for packetid=0x9018 msg#=49 ref#=49
11-10 13:07:26.664 12835 12967 V LynxModule: retransmitting: mod=2 cmd=0x1018 msg#=50 ref#=0 
11-10 13:07:26.665 12835 12967 F Assert  : assertion failed
11-10 13:07:26.665 12835 12967 E Assert  : java.lang.RuntimeException: assertion failed
11-10 13:07:26.666 12835 12967 E Assert  : 	at org.firstinspires.ftc.robotcore.internal.system.Assert.assertFailed(Assert.java:127)
11-10 13:07:26.667 12835 12967 E Assert  : 	at org.firstinspires.ftc.robotcore.internal.system.Assert.assertTrue(Assert.java:52)
11-10 13:07:26.667 12835 12967 E Assert  : 	at com.qualcomm.hardware.lynx.LynxUsbDeviceImpl.transmit(LynxUsbDeviceImpl.java:743)
11-10 13:07:26.667 12835 12967 E Assert  : 	at com.qualcomm.hardware.lynx.LynxUsbDeviceDelegate.transmit(LynxUsbDeviceDelegate.java:186)
11-10 13:07:26.668 12835 12967 E Assert  : 	at com.qualcomm.hardware.lynx.LynxModule.retransmit(LynxModule.java:1161)
11-10 13:07:26.668 12835 12967 E Assert  : 	at com.qualcomm.hardware.lynx.commands.LynxRespondable.awaitAndRetransmit(LynxRespondable.java:364)
11-10 13:07:26.668 12835 12967 E Assert  : 	at com.qualcomm.hardware.lynx.commands.LynxRespondable.awaitAckResponseOrNack(LynxRespondable.java:372)
11-10 13:07:26.668 12835 12967 E Assert  : 	at com.qualcomm.hardware.lynx.commands.LynxRespondable.sendReceive(LynxRespondable.java:253)
11-10 13:07:26.669 12835 12967 E Assert  : 	at com.qualcomm.hardware.lynx.LynxDcMotorController.getPIDCoefficients(LynxDcMotorController.java:736)
11-10 13:07:26.669 12835 12967 E Assert  : 	at com.qualcomm.hardware.lynx.LynxDcMotorController.reportPIDControlLoopCoefficients(LynxDcMotorController.java:798)
11-10 13:07:26.670 12835 12967 E Assert  : 	at com.qualcomm.hardware.lynx.LynxDcMotorController.reportPIDControlLoopCoefficients(LynxDcMotorController.java:789)
11-10 13:07:26.670 12835 12967 E Assert  : 	at com.qualcomm.hardware.lynx.LynxDcMotorController.initializeHardware(LynxDcMotorController.java:150)
11-10 13:07:26.670 12835 12967 E Assert  : 	at com.qualcomm.hardware.lynx.LynxController.initializeHardwareIfNecessary(LynxController.java:221)
11-10 13:07:26.670 12835 12967 E Assert  : 	at com.qualcomm.hardware.lynx.LynxController.hook(LynxController.java:332)
11-10 13:07:26.671 12835 12967 E Assert  : 	at com.qualcomm.hardware.lynx.LynxController.adjustHookingToMatchEngagement(LynxController.java:319)
11-10 13:07:26.671 12835 12967 E Assert  : 	at com.qualcomm.hardware.lynx.LynxController.moduleNowArmedOrPretending(LynxController.java:120)
11-10 13:07:26.671 12835 12967 E Assert  : 	at com.qualcomm.hardware.lynx.LynxController.finishConstruction(LynxController.java:92)
11-10 13:07:26.672 12835 12967 E Assert  : 	at com.qualcomm.hardware.lynx.LynxDcMotorController.<init>(LynxDcMotorController.java:136)
11-10 13:07:26.672 12835 12967 E Assert  : 	at com.qualcomm.hardware.HardwareFactory.mapLynxModuleComponents(HardwareFactory.java:766)
11-10 13:07:26.672 12835 12967 E Assert  : 	at com.qualcomm.hardware.HardwareFactory.mapLynxUsbDevice(HardwareFactory.java:714)
11-10 13:07:26.672 12835 12967 E Assert  : 	at com.qualcomm.hardware.HardwareFactory.createHardwareMap(HardwareFactory.java:185)
11-10 13:07:26.673 12835 12967 E Assert  : 	at com.qualcomm.ftccommon.FtcEventLoopHandler.getHardwareMap(FtcEventLoopHandler.java:152)
11-10 13:07:26.673 12835 12967 E Assert  : 	at com.qualcomm.ftccommon.FtcEventLoop.init(FtcEventLoop.java:178)
11-10 13:07:26.673 12835 12967 E Assert  : 	at com.qualcomm.robotcore.eventloop.EventLoopManager.startEventLoop(EventLoopManager.java:540)
11-10 13:07:26.674 12835 12967 E Assert  : 	at com.qualcomm.robotcore.eventloop.EventLoopManager.setEventLoop(EventLoopManager.java:514)
11-10 13:07:26.674 12835 12967 E Assert  : 	at com.qualcomm.robotcore.eventloop.EventLoopManager.start(EventLoopManager.java:456)
11-10 13:07:26.675 12835 12967 E Assert  : 	at com.qualcomm.robotcore.robot.Robot.start(Robot.java:59)
11-10 13:07:26.675 12835 12967 E Assert  : 	at com.qualcomm.ftccommon.FtcRobotControllerService$RobotSetupRunnable.startRobot(FtcRobotControllerService.java:259)
11-10 13:07:26.675 12835 12967 E Assert  : 	at com.qualcomm.ftccommon.FtcRobotControllerService$RobotSetupRunnable$1.run(FtcRobotControllerService.java:276)
11-10 13:07:26.675 12835 12967 E Assert  : 	at com.qualcomm.robotcore.util.ThreadPool.logThreadLifeCycle(ThreadPool.java:709)
11-10 13:07:26.676 12835 12967 E Assert  : 	at com.qualcomm.ftccommon.FtcRobotControllerService$RobotSetupRunnable.run(FtcRobotControllerService.java:267)
11-10 13:07:26.676 12835 12967 E Assert  : 	at java.util.concurrent.Executors$RunnableAdapter.call(Executors.java:423)
11-10 13:07:26.676 12835 12967 E Assert  : 	at java.util.concurrent.FutureTask.run(FutureTask.java:237)
11-10 13:07:26.676 12835 12967 E Assert  : 	at java.util.concurrent.ThreadPoolExecutor.runWorker(ThreadPoolExecutor.java:1113)
11-10 13:07:26.677 12835 12967 E Assert  : 	at java.util.concurrent.ThreadPoolExecutor$Worker.run(ThreadPoolExecutor.java:588)
11-10 13:07:26.677 12835 12967 E Assert  : 	at com.qualcomm.robotcore.util.ThreadPool$ThreadFactoryImpl$1.run(ThreadPool.java:764)
11-10 13:07:26.677 12835 12967 E Assert  : 	at java.lang.Thread.run(Thread.java:818)
11-10 13:07:26.678 12835 12967 E LynxMotor: exception thrown during lynx communication
11-10 13:07:26.679 12835 12967 E LynxMotor: java.lang.NullPointerException: Attempt to invoke virtual method 'byte[] com.qualcomm.hardware.lynx.commands.LynxDatagram.toByteArray()' on a null object reference
11-10 13:07:26.680 12835 12967 E LynxMotor: 	at com.qualcomm.hardware.lynx.LynxUsbDeviceImpl.transmit(LynxUsbDeviceImpl.java:745)
11-10 13:07:26.680 12835 12967 E LynxMotor: 	at com.qualcomm.hardware.lynx.LynxUsbDeviceDelegate.transmit(LynxUsbDeviceDelegate.java:186)
11-10 13:07:26.681 12835 12967 E LynxMotor: 	at com.qualcomm.hardware.lynx.LynxModule.retransmit(LynxModule.java:1161)
11-10 13:07:26.681 12835 12967 E LynxMotor: 	at com.qualcomm.hardware.lynx.commands.LynxRespondable.awaitAndRetransmit(LynxRespondable.java:364)
11-10 13:07:26.681 12835 12967 E LynxMotor: 	at com.qualcomm.hardware.lynx.commands.LynxRespondable.awaitAckResponseOrNack(LynxRespondable.java:372)
11-10 13:07:26.682 12835 12967 E LynxMotor: 	at com.qualcomm.hardware.lynx.commands.LynxRespondable.sendReceive(LynxRespondable.java:253)
11-10 13:07:26.682 12835 12967 E LynxMotor: 	at com.qualcomm.hardware.lynx.LynxDcMotorController.getPIDCoefficients(LynxDcMotorController.java:736)
11-10 13:07:26.682 12835 12967 E LynxMotor: 	at com.qualcomm.hardware.lynx.LynxDcMotorController.reportPIDControlLoopCoefficients(LynxDcMotorController.java:798)
11-10 13:07:26.682 12835 12967 E LynxMotor: 	at com.qualcomm.hardware.lynx.LynxDcMotorController.reportPIDControlLoopCoefficients(LynxDcMotorController.java:789)
11-10 13:07:26.683 12835 12967 E LynxMotor: 	at com.qualcomm.hardware.lynx.LynxDcMotorController.initializeHardware(LynxDcMotorController.java:150)
11-10 13:07:26.683 12835 12967 E LynxMotor: 	at com.qualcomm.hardware.lynx.LynxController.initializeHardwareIfNecessary(LynxController.java:221)
11-10 13:07:26.683 12835 12967 E LynxMotor: 	at com.qualcomm.hardware.lynx.LynxController.hook(LynxController.java:332)
11-10 13:07:26.683 12835 12967 E LynxMotor: 	at com.qualcomm.hardware.lynx.LynxController.adjustHookingToMatchEngagement(LynxController.java:319)
11-10 13:07:26.684 12835 12967 E LynxMotor: 	at com.qualcomm.hardware.lynx.LynxController.moduleNowArmedOrPretending(LynxController.java:120)
11-10 13:07:26.684 12835 12967 E LynxMotor: 	at com.qualcomm.hardware.lynx.LynxController.finishConstruction(LynxController.java:92)
11-10 13:07:26.684 12835 12967 E LynxMotor: 	at com.qualcomm.hardware.lynx.LynxDcMotorController.<init>(LynxDcMotorController.java:136)
11-10 13:07:26.685 12835 12967 E LynxMotor: 	at com.qualcomm.hardware.HardwareFactory.mapLynxModuleComponents(HardwareFactory.java:766)
11-10 13:07:26.685 12835 12967 E LynxMotor: 	at com.qualcomm.hardware.HardwareFactory.mapLynxUsbDevice(HardwareFactory.java:714)
11-10 13:07:26.685 12835 12967 E LynxMotor: 	at com.qualcomm.hardware.HardwareFactory.createHardwareMap(HardwareFactory.java:185)
11-10 13:07:26.685 12835 12967 E LynxMotor: 	at com.qualcomm.ftccommon.FtcEventLoopHandler.getHardwareMap(FtcEventLoopHandler.java:152)
11-10 13:07:26.686 12835 12967 E LynxMotor: 	at com.qualcomm.ftccommon.FtcEventLoop.init(FtcEventLoop.java:178)
11-10 13:07:26.686 12835 12967 E LynxMotor: 	at com.qualcomm.robotcore.eventloop.EventLoopManager.startEventLoop(EventLoopManager.java:540)
11-10 13:07:26.686 12835 12967 E LynxMotor: 	at com.qualcomm.robotcore.eventloop.EventLoopManager.setEventLoop(EventLoopManager.java:514)
11-10 13:07:26.687 12835 12967 E LynxMotor: 	at com.qualcomm.robotcore.eventloop.EventLoopManager.start(EventLoopManager.java:456)
11-10 13:07:26.687 12835 12967 E LynxMotor: 	at com.qualcomm.robotcore.robot.Robot.start(Robot.java:59)
11-10 13:07:26.688 12835 12967 E LynxMotor: 	at com.qualcomm.ftccommon.FtcRobotControllerService$RobotSetupRunnable.startRobot(FtcRobotControllerService.java:259)
11-10 13:07:26.688 12835 12967 E LynxMotor: 	at com.qualcomm.ftccommon.FtcRobotControllerService$RobotSetupRunnable$1.run(FtcRobotControllerService.java:276)
11-10 13:07:26.688 12835 12967 E LynxMotor: 	at com.qualcomm.robotcore.util.ThreadPool.logThreadLifeCycle(ThreadPool.java:709)
11-10 13:07:26.689 12835 12967 E LynxMotor: 	at com.qualcomm.ftccommon.FtcRobotControllerService$RobotSetupRunnable.run(FtcRobotControllerService.java:267)
11-10 13:07:26.689 12835 12967 E LynxMotor: 	at java.util.concurrent.Executors$RunnableAdapter.call(Executors.java:423)
11-10 13:07:26.689 12835 12967 E LynxMotor: 	at java.util.concurrent.FutureTask.run(FutureTask.java:237)
11-10 13:07:26.689 12835 12967 E LynxMotor: 	at java.util.concurrent.ThreadPoolExecutor.runWorker(ThreadPoolExecutor.java:1113)
11-10 13:07:26.690 12835 12967 E LynxMotor: 	at java.util.concurrent.ThreadPoolExecutor$Worker.run(ThreadPoolExecutor.java:588)
11-10 13:07:26.690 12835 12967 E LynxMotor: 	at com.qualcomm.robotcore.util.ThreadPool$ThreadFactoryImpl$1.run(ThreadPool.java:764)
11-10 13:07:26.690 12835 12967 E LynxMotor: 	at java.lang.Thread.run(Thread.java:818)
11-10 13:07:27.069 12835 12967 V LynxModule: retransmitting: mod=2 cmd=0x1018 msg#=52 ref#=0 
11-10 13:07:27.171 12835 12967 V RobotCore: DcMotorImpl(type=RevRoboticsCoreHexMotor)
11-10 13:07:27.272 12835 12981 E LynxModule: unable to find originating command for packetid=0x9018 msg#=52 ref#=52
11-10 13:07:27.373 12835 12967 V LynxModule: retransmitting: mod=2 cmd=0x1017 msg#=53 ref#=0 
11-10 13:07:27.576 12835 12981 E LynxModule: unable to find originating LynxRespondable for mod=2 msg#=53 ref#=53
11-10 13:07:27.677 12835 12967 V LynxModule: retransmitting: mod=2 cmd=0x1017 msg#=54 ref#=0 
11-10 13:07:27.779 12835 12967 V RobotCore: DcMotorImpl(type=RevRoboticsCoreHexMotor)
11-10 13:07:27.880 12835 12981 E LynxModule: unable to find originating LynxRespondable for mod=2 msg#=54 ref#=54
11-10 13:07:27.981 12835 12967 V LynxModule: retransmitting: mod=2 cmd=0x1017 msg#=55 ref#=0 
11-10 13:07:28.184 12835 12981 E LynxModule: unable to find originating LynxRespondable for mod=2 msg#=55 ref#=55
11-10 13:07:28.285 12835 12967 V LynxModule: retransmitting: mod=2 cmd=0x1017 msg#=56 ref#=0 
11-10 13:07:28.387 12835 12967 V RobotCore: DcMotorImpl(type=RevRoboticsCoreHexMotor)
11-10 13:07:28.488 12835 12981 E LynxModule: unable to find originating LynxRespondable for mod=2 msg#=56 ref#=56
11-10 13:07:28.589 12835 12967 V LynxModule: retransmitting: mod=2 cmd=0x1017 msg#=57 ref#=0 
11-10 13:07:28.792 12835 12981 E LynxModule: unable to find originating LynxRespondable for mod=2 msg#=57 ref#=57
11-10 13:07:28.893 12835 12967 V LynxModule: retransmitting: mod=2 cmd=0x1017 msg#=58 ref#=0 
11-10 13:07:28.995 12835 12967 V RobotCore: DcMotorImpl(type=RevRoboticsHDHexMotor)
11-10 13:07:28.995 12835 12967 V LynxServoController: initializeHardware() mod#=2
11-10 13:07:29.096 12835 12981 E LynxModule: unable to find originating LynxRespondable for mod=2 msg#=58 ref#=58
11-10 13:07:29.197 12835 12967 V LynxModule: retransmitting: mod=2 cmd=0x101f msg#=59 ref#=0 
11-10 13:07:29.400 12835 12981 E LynxModule: unable to find originating LynxRespondable for mod=2 msg#=59 ref#=59
11-10 13:07:29.501 12835 12967 V LynxModule: retransmitting: mod=2 cmd=0x101f msg#=60 ref#=0 
11-10 13:07:29.704 12835 12981 E LynxModule: unable to find originating LynxRespondable for mod=2 msg#=60 ref#=60
11-10 13:07:29.805 12835 12967 V LynxModule: retransmitting: mod=2 cmd=0x101f msg#=61 ref#=0 
11-10 13:07:30.008 12835 12981 E LynxModule: unable to find originating LynxRespondable for mod=2 msg#=61 ref#=61
11-10 13:07:30.109 12835 12967 V LynxModule: retransmitting: mod=2 cmd=0x101f msg#=62 ref#=0 
11-10 13:07:30.312 12835 12981 E LynxModule: unable to find originating LynxRespondable for mod=2 msg#=62 ref#=62
11-10 13:07:30.413 12835 12967 V LynxModule: retransmitting: mod=2 cmd=0x101f msg#=63 ref#=0 
11-10 13:07:30.616 12835 12981 E LynxModule: unable to find originating LynxRespondable for mod=2 msg#=63 ref#=63
11-10 13:07:30.717 12835 12967 V LynxModule: retransmitting: mod=2 cmd=0x101f msg#=64 ref#=0 
11-10 13:07:30.920 12835 12981 E LynxModule: unable to find originating LynxRespondable for mod=2 msg#=64 ref#=64
11-10 13:07:31.222 12835 12967 V LynxModule: retransmitting: mod=2 cmd=0x1023 msg#=66 ref#=0 
11-10 13:07:31.425 12835 12981 E LynxModule: unable to find originating LynxRespondable for mod=2 msg#=66 ref#=66
11-10 13:07:31.526 12835 12967 V LynxModule: retransmitting: mod=2 cmd=0x1023 msg#=67 ref#=0 
11-10 13:07:31.729 12835 12981 E LynxModule: unable to find originating LynxRespondable for mod=2 msg#=67 ref#=67
11-10 13:07:31.830 12835 12967 V LynxModule: retransmitting: mod=2 cmd=0x1023 msg#=68 ref#=0 
11-10 13:07:32.033 12835 12981 E LynxModule: unable to find originating LynxRespondable for mod=2 msg#=68 ref#=68
11-10 13:07:32.134 12835 12967 V LynxModule: retransmitting: mod=2 cmd=0x1023 msg#=69 ref#=0 
11-10 13:07:32.337 12835 12981 E LynxModule: unable to find originating LynxRespondable for mod=2 msg#=69 ref#=69
11-10 13:07:32.438 12835 12967 V LynxModule: retransmitting: mod=2 cmd=0x1023 msg#=70 ref#=0 
11-10 13:07:32.540 12835 12967 V LynxVoltageSensor: initializeHardware() mod#=2
11-10 13:07:32.541 12835 12967 V LynxPwmOutputController: initializeHardware() mod#=2
11-10 13:07:32.641 12835 12981 E LynxModule: unable to find originating LynxRespondable for mod=2 msg#=70 ref#=70
11-10 13:07:32.743 12835 12967 W LynxPwmOutputController: LynxSetPWMEnableCommand not implemented by lynx hw; ignoring
11-10 13:07:32.943 12835 12967 V LynxModule: retransmitting: mod=2 cmd=0x1019 msg#=72 ref#=0 
11-10 13:07:33.045 12835 12967 W LynxPwmOutputController: LynxSetPWMConfigurationCommand not implemented by lynx hw; ignoring
11-10 13:07:33.146 12835 12981 E LynxModule: unable to find originating LynxRespondable for mod=2 msg#=72 ref#=72
11-10 13:07:33.247 12835 12967 V LynxModule: retransmitting: mod=2 cmd=0x101d msg#=73 ref#=0 
11-10 13:07:33.349 12835 12967 W LynxPwmOutputController: LynxSetPWMEnableCommand not implemented by lynx hw; ignoring
11-10 13:07:33.449 12835 12981 E LynxModule: unable to find originating LynxRespondable for mod=2 msg#=73 ref#=73
11-10 13:07:33.550 12835 12967 V LynxModule: retransmitting: mod=2 cmd=0x1019 msg#=74 ref#=0 
11-10 13:07:33.653 12835 12967 W LynxPwmOutputController: LynxSetPWMConfigurationCommand not implemented by lynx hw; ignoring
11-10 13:07:33.753 12835 12981 E LynxModule: unable to find originating LynxRespondable for mod=2 msg#=74 ref#=74
11-10 13:07:33.855 12835 12967 W LynxPwmOutputController: LynxSetPWMEnableCommand not implemented by lynx hw; ignoring
11-10 13:07:34.057 12835 12967 W LynxPwmOutputController: LynxSetPWMConfigurationCommand not implemented by lynx hw; ignoring
11-10 13:07:34.259 12835 12967 V LynxModule: retransmitting: mod=2 cmd=0x101d msg#=77 ref#=0 
11-10 13:07:34.361 12835 12967 W LynxPwmOutputController: LynxSetPWMEnableCommand not implemented by lynx hw; ignoring
11-10 13:07:34.462 12835 12981 E LynxModule: unable to find originating LynxRespondable for mod=2 msg#=77 ref#=77
11-10 13:07:34.562 12835 12967 V LynxModule: retransmitting: mod=2 cmd=0x1019 msg#=78 ref#=0 
11-10 13:07:34.665 12835 12967 W LynxPwmOutputController: LynxSetPWMConfigurationCommand not implemented by lynx hw; ignoring
11-10 13:07:34.666 12835 12967 V LynxAnalogInputController: initializeHardware() mod#=2
11-10 13:07:34.666 12835 12967 V LynxDigitalChannelController: initializeHardware() mod#=2
11-10 13:07:34.766 12835 12981 E LynxModule: unable to find originating LynxRespondable for mod=2 msg#=78 ref#=78
11-10 13:07:34.866 12835 12967 V LynxModule: retransmitting: mod=2 cmd=0x1003 msg#=79 ref#=0 
11-10 13:07:35.069 12835 12981 E LynxModule: unable to find originating LynxRespondable for mod=2 msg#=79 ref#=79
11-10 13:07:35.171 12835 12967 V LynxModule: retransmitting: mod=2 cmd=0x1003 msg#=80 ref#=0 
11-10 13:07:35.373 12835 12981 E LynxModule: unable to find originating LynxRespondable for mod=2 msg#=80 ref#=80
11-10 13:07:35.474 12835 12967 V LynxModule: retransmitting: mod=2 cmd=0x1003 msg#=81 ref#=0 
11-10 13:07:35.677 12835 12981 E LynxModule: unable to find originating LynxRespondable for mod=2 msg#=81 ref#=81
11-10 13:07:35.779 12835 12967 V LynxModule: retransmitting: mod=2 cmd=0x1003 msg#=82 ref#=0 
11-10 13:07:35.981 12835 12981 E LynxModule: unable to find originating LynxRespondable for mod=2 msg#=82 ref#=82
11-10 13:07:36.082 12835 12967 V LynxModule: retransmitting: mod=2 cmd=0x1003 msg#=83 ref#=0 
11-10 13:07:36.286 12835 12981 E LynxModule: unable to find originating LynxRespondable for mod=2 msg#=83 ref#=83
11-10 13:07:36.387 12835 12967 V LynxModule: retransmitting: mod=2 cmd=0x1003 msg#=84 ref#=0 
11-10 13:07:36.590 12835 12981 E LynxModule: unable to find originating LynxRespondable for mod=2 msg#=84 ref#=84
11-10 13:07:36.691 12835 12967 V LynxModule: retransmitting: mod=2 cmd=0x1003 msg#=85 ref#=0 
11-10 13:07:36.894 12835 12981 E LynxModule: unable to find originating LynxRespondable for mod=2 msg#=85 ref#=85
11-10 13:07:36.995 12835 12967 V LynxModule: retransmitting: mod=2 cmd=0x1003 msg#=86 ref#=0 
11-10 13:07:37.097 12835 12967 V RobotCore: Creating Digital Channel Device - Port: 1
11-10 13:07:37.097 12835 12967 V RobotCore: Creating user sensor REV Expansion Hub IMU - on Lynx module=2 bus=0
11-10 13:07:37.098 12835 12967 V RobotCore: Creating I2cDeviceSynch (Lynx) - mod=2 bus=0
11-10 13:07:37.098 12835 12967 I RobotCore: LynxFirmwareVersionManager: LynxI2cDeviceSynchV1
11-10 13:07:37.098 12835 12967 V LynxI2cDeviceSynch: initializeHardware() mod#=2
11-10 13:07:37.101 12835 12967 I RobotCore: ========= Device Information ===================================================
11-10 13:07:37.101 12835 12967 I RobotCore: Type                                               Name                           Connection
11-10 13:07:37.101 12835 12967 I RobotCore: Servo                                              bucket_thumb                   USB DQ16J33T; module 2; port 0
11-10 13:07:37.102 12835 12967 I RobotCore: REV Expansion Hub IMU                              imu                            USB DQ16J33T; module 2; bus 0; addr7=0x00
11-10 13:07:37.102 12835 12967 I RobotCore: Digital Device                                     boom_limit                     USB DQ16J33T; module 2; digital port 1
11-10 13:07:37.102 12835 12967 I RobotCore: REV Robotics USB Expansion Hub Portal              Expansion Hub Portal 1         USB DQ16J33T
11-10 13:07:37.102 12835 12967 I RobotCore: Motor                                              right_drive                    USB DQ16J33T; module 2; port 0
11-10 13:07:37.102 12835 12967 I RobotCore: Motor                                              boom_lift                      USB DQ16J33T; module 2; port 2
11-10 13:07:37.102 12835 12967 I RobotCore: Motor                                              bucket_tip                     USB DQ16J33T; module 2; port 3
11-10 13:07:37.102 12835 12967 I RobotCore: Motor                                              left_drive                     USB DQ16J33T; module 2; port 1
11-10 13:07:37.102 12835 12967 I RobotCore: Expansion Hub DC Motor Controller                  Expansion Hub 2                USB DQ16J33T; module 2
11-10 13:07:37.102 12835 12967 I RobotCore: Expansion Hub Servo Controller                     Expansion Hub 2                USB DQ16J33T; module 2
11-10 13:07:37.103 12835 12967 I RobotCore: Expansion Hub Voltage Sensor                       Expansion Hub 2                USB DQ16J33T; module 2
11-10 13:07:37.103 12835 12967 I RobotCore: Expansion Hub Pwm Controller                       Expansion Hub 2                USB DQ16J33T; module 2
11-10 13:07:37.103 12835 12967 I RobotCore: Expansion Hub Analog Input Controller              Expansion Hub 2                USB DQ16J33T; module 2
11-10 13:07:37.103 12835 12967 I RobotCore: Expansion Hub Digital Channel Controller           Expansion Hub 2                USB DQ16J33T; module 2
11-10 13:07:37.198 12835 12981 E LynxModule: unable to find originating LynxRespondable for mod=2 msg#=86 ref#=86
11-10 13:07:37.299 12835 12967 V LynxModule: retransmitting: mod=2 cmd=0x1030 msg#=87 ref#=0 
11-10 13:07:37.401 12835 12967 I RobotCore: Expansion Hub (HW: 20, Maj: 1, Min: 6, Eng: 0)     Expansion Hub 2                USB DQ16J33T; module 2
11-10 13:07:37.401 12835 12967 I FtcEventLoop: ======= INIT FINISH =======
11-10 13:07:37.401 12835 12967 V RobotCore: EventLoopManager state is RUNNING
11-10 13:07:37.401 12835 12967 V RobotCore: Robot Status: running, starting robot
11-10 13:07:37.402 12835 12967 V RobotCore: Robot Status: running
11-10 13:07:37.403 12835 12967 V ThreadPool: container(0x0b412448: executorEventLoop) added id=917 TID=0 count=1
11-10 13:07:37.403 12835 12967 V RobotCore: thread: ...terminating 'RobotSetupRunnable.run()'
11-10 13:07:37.404 12835 12911 W AudioTrack: AUDIO_OUTPUT_FLAG_FAST denied by client; transfer 4, track 8000 Hz, output 48000 Hz
11-10 13:07:37.407 12835 12991 V RobotCore: thread: 'opmode loop()' starting...
11-10 13:07:37.420 12835 12907 V Robocol : sending CMD_NOTIFY_ROBOT_STATE(750), attempt: 0
11-10 13:07:37.501 12835 12981 E LynxModule: unable to find originating command for packetid=0x9030 msg#=87 ref#=87
11-10 13:07:37.913 12835 12991 V ThreadPool: container(0x0856e494: OpModeStuckCodeMonitor) added id=918 TID=0 count=1
11-10 13:07:37.914 12835 12991 I RobotCore: Attempting to switch to op mode $Stop$Robot$
11-10 13:07:38.108 12835 12991 V LynxModule: retransmitting: mod=2 cmd=0x1009 msg#=88 ref#=0 
11-10 13:07:38.311 12835 12981 E LynxModule: unable to find originating command for packetid=0x9009 msg#=88 ref#=88
11-10 13:07:38.412 12835 12991 V LynxModule: retransmitting: mod=2 cmd=0x1010 msg#=89 ref#=0 
11-10 13:07:38.615 12835 12981 E LynxModule: unable to find originating command for packetid=0x9010 msg#=89 ref#=89
11-10 13:07:38.716 12835 12991 V LynxModule: retransmitting: mod=2 cmd=0x1009 msg#=90 ref#=0 
11-10 13:07:38.919 12835 12981 E LynxModule: unable to find originating command for packetid=0x9009 msg#=90 ref#=90
11-10 13:07:39.019 12835 12991 V LynxModule: retransmitting: mod=2 cmd=0x1010 msg#=91 ref#=0 
11-10 13:07:39.223 12835 12981 E LynxModule: unable to find originating command for packetid=0x9010 msg#=91 ref#=91
11-10 13:07:39.324 12835 12991 V LynxModule: retransmitting: mod=2 cmd=0x1009 msg#=92 ref#=0 
11-10 13:07:39.526 12835 12981 E LynxModule: unable to find originating command for packetid=0x9009 msg#=92 ref#=92
11-10 13:07:39.627 12835 12991 V LynxModule: retransmitting: mod=2 cmd=0x1010 msg#=93 ref#=0 
11-10 13:07:39.830 12835 12981 E LynxModule: unable to find originating command for packetid=0x9010 msg#=93 ref#=93
11-10 13:07:39.931 12835 12991 V LynxModule: retransmitting: mod=2 cmd=0x1009 msg#=94 ref#=0 
11-10 13:07:40.134 12835 12981 E LynxModule: unable to find originating command for packetid=0x9009 msg#=94 ref#=94
11-10 13:07:40.235 12835 12991 V LynxModule: retransmitting: mod=2 cmd=0x1010 msg#=95 ref#=0 
11-10 13:07:40.340 12835 12907 V Robocol : sending CMD_NOTIFY_INIT_OP_MODE(781), attempt: 0
11-10 13:07:40.438 12835 12981 E LynxModule: unable to find originating command for packetid=0x9010 msg#=95 ref#=95
11-10 13:07:40.742 12835 12991 I RobotCore: robot battery read duration: n=1, mean=201.289ms sd=NaNms
11-10 13:07:40.943 12835 12982 V LynxModule: retransmitting: mod=2 cmd=0x7f03 msg#=98 ref#=0 
11-10 13:07:41.147 12835 12981 E LynxModule: unable to find originating command for packetid=0xff03 msg#=98 ref#=98
11-10 13:07:41.247 12835 12991 V LynxModule: retransmitting: mod=2 cmd=0x7f05 msg#=99 ref#=0 
11-10 13:07:41.448 12835 12981 E LynxModule: unable to find originating LynxRespondable for mod=2 msg#=99 ref#=99
11-10 13:07:41.549 12835 12982 V LynxModule: retransmitting: mod=2 cmd=0x7f03 msg#=100 ref#=0 
11-10 13:07:41.647 12835 12977 V ThreadPool: container(0x021204f9: default threadpool) removed id=911 TID=12977 count=2
11-10 13:07:41.751 12835 12981 E LynxModule: unable to find originating command for packetid=0xff03 msg#=100 ref#=100
11-10 13:07:41.852 12835 12991 V LynxModule: retransmitting: mod=2 cmd=0x7f05 msg#=101 ref#=0 
11-10 13:07:42.055 12835 12981 E LynxModule: unable to find originating LynxRespondable for mod=2 msg#=101 ref#=101
11-10 13:07:42.156 12835 12982 V LynxModule: retransmitting: mod=2 cmd=0x7f03 msg#=102 ref#=0 
11-10 13:07:42.181 12835 12904 V Robocol : received command: CMD_INIT_OP_MODE(10701) $Stop$Robot$
11-10 13:07:42.359 12835 12981 E LynxModule: unable to find originating command for packetid=0xff03 msg#=102 ref#=102
11-10 13:07:42.465 12835 12903 I BatteryChecker: percent remaining: 14 is charging: false
11-10 13:07:42.662 12835 12982 V LynxModule: retransmitting: mod=2 cmd=0x7f03 msg#=104 ref#=0 
11-10 13:07:42.865 12835 12981 E LynxModule: unable to find originating command for packetid=0xff03 msg#=104 ref#=104
11-10 13:07:42.966 12835 12903 V LynxModule: retransmitting: mod=2 cmd=0x1007 msg#=105 ref#=0 
11-10 13:07:43.069 12835 12903 E Robocol : command processing took 0.887 s: command=CMD_INIT_OP_MODE
11-10 13:07:43.070 12835 12991 I RobotCore: Attempting to switch to op mode $Stop$Robot$
11-10 13:07:43.169 12835 12981 E LynxModule: unable to find originating command for packetid=0x9007 msg#=105 ref#=105
11-10 13:07:43.270 12835 12991 V LynxModule: retransmitting: mod=2 cmd=0x1009 msg#=106 ref#=0 
11-10 13:07:43.473 12835 12981 E LynxModule: unable to find originating command for packetid=0x9009 msg#=106 ref#=106
11-10 13:07:43.574 12835 12991 V LynxModule: retransmitting: mod=2 cmd=0x1010 msg#=107 ref#=0 
11-10 13:07:43.777 12835 12981 E LynxModule: unable to find originating command for packetid=0x9010 msg#=107 ref#=107
11-10 13:07:43.878 12835 12991 V LynxModule: retransmitting: mod=2 cmd=0x1009 msg#=108 ref#=0 
11-10 13:07:44.081 12835 12981 E LynxModule: unable to find originating command for packetid=0x9009 msg#=108 ref#=108
11-10 13:07:44.182 12835 12991 V LynxModule: retransmitting: mod=2 cmd=0x1010 msg#=109 ref#=0 
11-10 13:07:44.385 12835 12981 E LynxModule: unable to find originating command for packetid=0x9010 msg#=109 ref#=109
11-10 13:07:44.486 12835 12991 V LynxModule: retransmitting: mod=2 cmd=0x1009 msg#=110 ref#=0 
11-10 13:07:44.689 12835 12981 E LynxModule: unable to find originating command for packetid=0x9009 msg#=110 ref#=110
11-10 13:07:44.790 12835 12991 V LynxModule: retransmitting: mod=2 cmd=0x1010 msg#=111 ref#=0 
11-10 13:07:44.992 12835 12981 E LynxModule: unable to find originating command for packetid=0x9010 msg#=111 ref#=111
11-10 13:07:45.093 12835 12991 V LynxModule: retransmitting: mod=2 cmd=0x1009 msg#=112 ref#=0 
11-10 13:07:45.297 12835 12981 E LynxModule: unable to find originating command for packetid=0x9009 msg#=112 ref#=112
11-10 13:07:45.398 12835 12991 V LynxModule: retransmitting: mod=2 cmd=0x1010 msg#=113 ref#=0 
11-10 13:07:45.500 12835 12907 V Robocol : sending CMD_NOTIFY_INIT_OP_MODE(838), attempt: 0
11-10 13:07:45.582 12835 12904 V Robocol : received command: CMD_RUN_OP_MODE(10736) $Stop$Robot$
11-10 13:07:45.601 12835 12981 E LynxModule: unable to find originating command for packetid=0x9010 msg#=113 ref#=113
11-10 13:07:45.702 12835 12991 V LynxModule: retransmitting: mod=2 cmd=0x7f05 msg#=114 ref#=0 
11-10 13:07:45.905 12835 12981 E LynxModule: unable to find originating LynxRespondable for mod=2 msg#=114 ref#=114
11-10 13:07:46.006 12835 12991 V LynxModule: retransmitting: mod=2 cmd=0x1007 msg#=115 ref#=0 
11-10 13:07:46.109 12835 12903 I BatteryChecker: percent remaining: 14 is charging: false
11-10 13:07:46.180 12835 12904 V Robocol : received command: CMD_INIT_OP_MODE(10745) LoaderBot
11-10 13:07:46.209 12835 12981 E LynxModule: unable to find originating command for packetid=0x9007 msg#=115 ref#=115
11-10 13:07:46.309 12835 12982 V LynxModule: retransmitting: mod=2 cmd=0x7f03 msg#=116 ref#=0 
11-10 13:07:46.513 12835 12981 E LynxModule: unable to find originating command for packetid=0xff03 msg#=116 ref#=116
11-10 13:07:46.613 12835 12903 V LynxModule: retransmitting: mod=2 cmd=0x1007 msg#=117 ref#=0 
11-10 13:07:46.716 12835 12903 E Robocol : command processing took 1.133 s: command=CMD_RUN_OP_MODE
11-10 13:07:46.740 12835 12907 V Robocol : sending CMD_NOTIFY_RUN_OP_MODE(856), attempt: 0
11-10 13:07:46.817 12835 12981 E LynxModule: unable to find originating command for packetid=0x9007 msg#=117 ref#=117
11-10 13:07:46.918 12835 12991 V LynxModule: retransmitting: mod=2 cmd=0x7f05 msg#=118 ref#=0 
11-10 13:07:47.024 12835 12903 I BatteryChecker: percent remaining: 14 is charging: false
11-10 13:07:47.120 12835 12981 E LynxModule: unable to find originating LynxRespondable for mod=2 msg#=118 ref#=118
11-10 13:07:47.221 12835 12982 V LynxModule: retransmitting: mod=2 cmd=0x7f03 msg#=119 ref#=0 
11-10 13:07:47.424 12835 12981 E LynxModule: unable to find originating command for packetid=0xff03 msg#=119 ref#=119
11-10 13:07:47.525 12835 12903 V LynxModule: retransmitting: mod=2 cmd=0x1007 msg#=120 ref#=0 
11-10 13:07:47.628 12835 12991 I RobotCore: Attempting to switch to op mode LoaderBot
11-10 13:07:47.630 12835 12903 E Robocol : command processing took 0.911 s: command=CMD_INIT_OP_MODE
11-10 13:07:47.728 12835 12981 E LynxModule: unable to find originating command for packetid=0x9007 msg#=120 ref#=120
11-10 13:07:47.829 12835 12991 V LynxModule: retransmitting: mod=2 cmd=0x101d msg#=121 ref#=0 
11-10 13:07:47.931 12835 12991 W LynxPwmOutputController: LynxSetPWMEnableCommand not implemented by lynx hw; ignoring
11-10 13:07:48.032 12835 12981 E LynxModule: unable to find originating LynxRespondable for mod=2 msg#=121 ref#=121
11-10 13:07:48.133 12835 12991 V LynxModule: retransmitting: mod=2 cmd=0x1019 msg#=122 ref#=0 
11-10 13:07:48.235 12835 12991 W LynxPwmOutputController: LynxSetPWMConfigurationCommand not implemented by lynx hw; ignoring
11-10 13:07:48.336 12835 12981 E LynxModule: unable to find originating LynxRespondable for mod=2 msg#=122 ref#=122
