11-10 13:18:59.659 16696 17223 E LynxModule: unable to find originating LynxRespondable for mod=2 msg#=90 ref#=90
11-10 13:18:59.759 16696 17209 V LynxModule: retransmitting: mod=2 cmd=0x1027 msg#=91 ref#=0 
11-10 13:18:59.963 16696 17223 E LynxModule: unable to find originating LynxRespondable for mod=2 msg#=91 ref#=91
11-10 13:19:00.064 16696 17209 V LynxModule: retransmitting: mod=2 cmd=0x1029 msg#=92 ref#=0 
11-10 13:19:00.165 16696 17209 V AMSColorSensorImpl: ...disable() enabled=0x00
11-10 13:19:00.165 16696 17209 V AMSColorSensorImpl: setIntegrationTime(0xf6)
11-10 13:19:00.367 16696 17209 V LynxModule: retransmitting: mod=2 cmd=0x1026 msg#=93 ref#=0 
11-10 13:19:00.367 16696 17223 E LynxModule: unable to find originating command for packetid=0x9029 msg#=92 ref#=92
11-10 13:19:00.570 16696 17223 E LynxModule: unable to find originating LynxRespondable for mod=2 msg#=93 ref#=93
11-10 13:19:00.670 16696 17209 V LynxModule: retransmitting: mod=2 cmd=0x102a msg#=94 ref#=0 
11-10 13:19:00.873 16696 17223 E LynxModule: unable to find originating command for packetid=0x902a msg#=94 ref#=94
11-10 13:19:00.974 16696 17209 V LynxModule: retransmitting: mod=2 cmd=0x102a msg#=95 ref#=0 
11-10 13:19:01.077 16696 17209 V AMSColorSensorImpl: setGain(GAIN_4)
11-10 13:19:01.177 16696 17223 E LynxModule: unable to find originating LynxRespondable for mod=2 msg#=95 ref#=95
11-10 13:19:01.278 16696 17209 V LynxModule: retransmitting: mod=2 cmd=0x1025 msg#=96 ref#=0 
11-10 13:19:01.481 16696 17223 E LynxModule: unable to find originating LynxRespondable for mod=2 msg#=96 ref#=96
11-10 13:19:01.582 16696 17209 V LynxModule: retransmitting: mod=2 cmd=0x1027 msg#=97 ref#=0 
11-10 13:19:01.785 16696 17223 E LynxModule: unable to find originating LynxRespondable for mod=2 msg#=97 ref#=97
11-10 13:19:01.872 16696 17217 V ThreadPool: container(0x0c8e8e97: default threadpool) removed id=1192 TID=17217 count=2
11-10 13:19:01.886 16696 17209 V LynxModule: retransmitting: mod=2 cmd=0x1029 msg#=98 ref#=0 
11-10 13:19:02.190 16696 17209 V LynxModule: retransmitting: mod=2 cmd=0x1026 msg#=99 ref#=0 
11-10 13:19:02.191 16696 17223 E LynxModule: unable to find originating command for packetid=0x9029 msg#=98 ref#=98
11-10 13:19:02.393 16696 17223 E LynxModule: unable to find originating LynxRespondable for mod=2 msg#=99 ref#=99
11-10 13:19:02.493 16696 17209 V LynxModule: retransmitting: mod=2 cmd=0x102a msg#=100 ref#=0 
11-10 13:19:02.696 16696 17223 E LynxModule: unable to find originating command for packetid=0x902a msg#=100 ref#=100
11-10 13:19:02.797 16696 17209 V LynxModule: retransmitting: mod=2 cmd=0x102a msg#=101 ref#=0 
11-10 13:19:02.900 16696 17209 V AMSColorSensorImpl: setPDrive(Percent12_5)
11-10 13:19:03.000 16696 17223 E LynxModule: unable to find originating LynxRespondable for mod=2 msg#=101 ref#=101
11-10 13:19:03.101 16696 17209 V LynxModule: retransmitting: mod=2 cmd=0x1025 msg#=102 ref#=0 
11-10 13:19:03.304 16696 17223 E LynxModule: unable to find originating LynxRespondable for mod=2 msg#=102 ref#=102
11-10 13:19:03.404 16696 17209 V LynxModule: retransmitting: mod=2 cmd=0x1027 msg#=103 ref#=0 
11-10 13:19:03.607 16696 17223 E LynxModule: unable to find originating LynxRespondable for mod=2 msg#=103 ref#=103
11-10 13:19:03.708 16696 17209 V LynxModule: retransmitting: mod=2 cmd=0x1029 msg#=104 ref#=0 
11-10 13:19:04.012 16696 17223 E LynxModule: unable to find originating command for packetid=0x9029 msg#=104 ref#=104
11-10 13:19:04.012 16696 17209 V LynxModule: retransmitting: mod=2 cmd=0x1026 msg#=105 ref#=0 
11-10 13:19:04.215 16696 17223 E LynxModule: unable to find originating LynxRespondable for mod=2 msg#=105 ref#=105
11-10 13:19:04.316 16696 17209 V LynxModule: retransmitting: mod=2 cmd=0x102a msg#=106 ref#=0 
11-10 13:19:04.518 16696 17223 E LynxModule: unable to find originating command for packetid=0x902a msg#=106 ref#=106
11-10 13:19:04.619 16696 17209 V LynxModule: retransmitting: mod=2 cmd=0x102a msg#=107 ref#=0 
11-10 13:19:04.722 16696 17209 V AMSColorSensorImpl: setProximityPulseCount(0x08)
11-10 13:19:04.822 16696 17223 E LynxModule: unable to find originating LynxRespondable for mod=2 msg#=107 ref#=107
11-10 13:19:04.923 16696 17209 V LynxModule: retransmitting: mod=2 cmd=0x1026 msg#=108 ref#=0 
11-10 13:19:05.126 16696 17223 E LynxModule: unable to find originating LynxRespondable for mod=2 msg#=108 ref#=108
11-10 13:19:05.227 16696 17209 V LynxModule: retransmitting: mod=2 cmd=0x102a msg#=109 ref#=0 
11-10 13:19:05.430 16696 17223 E LynxModule: unable to find originating command for packetid=0x902a msg#=109 ref#=109
11-10 13:19:05.531 16696 17209 V LynxModule: retransmitting: mod=2 cmd=0x102a msg#=110 ref#=0 
11-10 13:19:05.733 16696 17223 E LynxModule: unable to find originating LynxRespondable for mod=2 msg#=110 ref#=110
11-10 13:19:05.835 16696 17209 V LynxModule: retransmitting: mod=2 cmd=0x1025 msg#=111 ref#=0 
11-10 13:19:05.835 16696 17209 F Assert  : assertion failed
11-10 13:19:05.836 16696 17209 E Assert  : java.lang.RuntimeException: assertion failed
11-10 13:19:05.837 16696 17209 E Assert  : 	at org.firstinspires.ftc.robotcore.internal.system.Assert.assertFailed(Assert.java:127)
11-10 13:19:05.837 16696 17209 E Assert  : 	at org.firstinspires.ftc.robotcore.internal.system.Assert.assertTrue(Assert.java:52)
11-10 13:19:05.838 16696 17209 E Assert  : 	at com.qualcomm.hardware.lynx.LynxUsbDeviceImpl.transmit(LynxUsbDeviceImpl.java:743)
11-10 13:19:05.838 16696 17209 E Assert  : 	at com.qualcomm.hardware.lynx.LynxUsbDeviceDelegate.transmit(LynxUsbDeviceDelegate.java:186)
11-10 13:19:05.838 16696 17209 E Assert  : 	at com.qualcomm.hardware.lynx.LynxModule.retransmit(LynxModule.java:1161)
11-10 13:19:05.838 16696 17209 E Assert  : 	at com.qualcomm.hardware.lynx.commands.LynxRespondable.awaitAndRetransmit(LynxRespondable.java:364)
11-10 13:19:05.839 16696 17209 E Assert  : 	at com.qualcomm.hardware.lynx.commands.LynxRespondable.awaitAckResponseOrNack(LynxRespondable.java:376)
11-10 13:19:05.839 16696 17209 E Assert  : 	at com.qualcomm.hardware.lynx.commands.LynxRespondable.send(LynxRespondable.java:238)
11-10 13:19:05.839 16696 17209 E Assert  : 	at com.qualcomm.hardware.lynx.LynxI2cDeviceSynch.sendI2cWriteTx(LynxI2cDeviceSynch.java:371)
11-10 13:19:05.839 16696 17209 E Assert  : 	at com.qualcomm.hardware.lynx.LynxI2cDeviceSynch$1.get(LynxI2cDeviceSynch.java:235)
11-10 13:19:05.840 16696 17209 E Assert  : 	at com.qualcomm.hardware.lynx.LynxI2cDeviceSynch$1.get(LynxI2cDeviceSynch.java:232)
11-10 13:19:05.840 16696 17209 E Assert  : 	at com.qualcomm.hardware.lynx.LynxModule.acquireI2cLockWhile(LynxModule.java:1118)
11-10 13:19:05.840 16696 17209 E Assert  : 	at com.qualcomm.hardware.lynx.LynxI2cDeviceSynch.acquireI2cLockWhile(LynxI2cDeviceSynch.java:391)
11-10 13:19:05.841 16696 17209 E Assert  : 	at com.qualcomm.hardware.lynx.LynxI2cDeviceSynch.read8(LynxI2cDeviceSynch.java:231)
11-10 13:19:05.841 16696 17209 E Assert  : 	at com.qualcomm.hardware.ams.AMSColorSensorImpl.read8(AMSColorSensorImpl.java:476)
11-10 13:19:05.841 16696 17209 E Assert  : 	at com.qualcomm.hardware.ams.AMSColorSensorImpl.readEnable(AMSColorSensorImpl.java:255)
11-10 13:19:05.841 16696 17209 E Assert  : 	at com.qualcomm.hardware.ams.AMSColorSensorImpl.enable(AMSColorSensorImpl.java:177)
11-10 13:19:05.842 16696 17209 E Assert  : 	at com.qualcomm.hardware.ams.AMSColorSensorImpl.internalInitialize(AMSColorSensorImpl.java:149)
11-10 13:19:05.842 16696 17209 E Assert  : 	at com.qualcomm.hardware.ams.AMSColorSensorImpl.internalInitialize(AMSColorSensorImpl.java:70)
11-10 13:19:05.842 16696 17209 E Assert  : 	at com.qualcomm.robotcore.hardware.I2cDeviceSynchDeviceWithParameters.doInitialize(I2cDeviceSynchDeviceWithParameters.java:43)
11-10 13:19:05.843 16696 17209 E Assert  : 	at com.qualcomm.robotcore.hardware.I2cDeviceSynchDevice.initialize(I2cDeviceSynchDevice.java:129)
11-10 13:19:05.843 16696 17209 E Assert  : 	at com.qualcomm.robotcore.hardware.I2cDeviceSynchDevice.initializeIfNecessary(I2cDeviceSynchDevice.java:123)
11-10 13:19:05.843 16696 17209 E Assert  : 	at com.qualcomm.robotcore.hardware.I2cDeviceSynchDevice.onModuleStateChange(I2cDeviceSynchDevice.java:108)
11-10 13:19:05.843 16696 17209 E Assert  : 	at com.qualcomm.hardware.lynx.LynxController.registerCallback(LynxController.java:153)
11-10 13:19:05.844 16696 17209 E Assert  : 	at com.qualcomm.robotcore.hardware.I2cDeviceSynchDevice.registerArmingStateCallback(I2cDeviceSynchDevice.java:69)
11-10 13:19:05.844 16696 17209 E Assert  : 	at com.qualcomm.hardware.ams.AMSColorSensorImpl.<init>(AMSColorSensorImpl.java:91)
11-10 13:19:05.844 16696 17209 E Assert  : 	at com.qualcomm.hardware.lynx.LynxI2cColorRangeSensor.<init>(LynxI2cColorRangeSensor.java:77)
11-10 13:19:05.844 16696 17209 E Assert  : 	at com.qualcomm.hardware.HardwareDeviceManager.createLynxColorRangeSensor(HardwareDeviceManager.java:737)
11-10 13:19:05.845 16696 17209 E Assert  : 	at com.qualcomm.hardware.HardwareFactory.mapLynxColorSensor(HardwareFactory.java:837)
11-10 13:19:05.845 16696 17209 E Assert  : 	at com.qualcomm.hardware.HardwareFactory.buildLynxI2cDevices(HardwareFactory.java:408)
11-10 13:19:05.845 16696 17209 E Assert  : 	at com.qualcomm.hardware.HardwareFactory.mapLynxModuleComponents(HardwareFactory.java:802)
11-10 13:19:05.846 16696 17209 E Assert  : 	at com.qualcomm.hardware.HardwareFactory.mapLynxUsbDevice(HardwareFactory.java:714)
11-10 13:19:05.846 16696 17209 E Assert  : 	at com.qualcomm.hardware.HardwareFactory.createHardwareMap(HardwareFactory.java:185)
11-10 13:19:05.846 16696 17209 E Assert  : 	at com.qualcomm.ftccommon.FtcEventLoopHandler.getHardwareMap(FtcEventLoopHandler.java:127)
11-10 13:19:05.846 16696 17209 E Assert  : 	at com.qualcomm.ftccommon.FtcEventLoop.init(FtcEventLoop.java:180)
11-10 13:19:05.847 16696 17209 E Assert  : 	at com.qualcomm.robotcore.eventloop.EventLoopManager.startEventLoop(EventLoopManager.java:540)
11-10 13:19:05.847 16696 17209 E Assert  : 	at com.qualcomm.robotcore.eventloop.EventLoopManager.setEventLoop(EventLoopManager.java:514)
11-10 13:19:05.848 16696 17209 E Assert  : 	at com.qualcomm.robotcore.eventloop.EventLoopManager.start(EventLoopManager.java:456)
11-10 13:19:05.848 16696 17209 E Assert  : 	at com.qualcomm.robotcore.robot.Robot.start(Robot.java:59)
11-10 13:19:05.848 16696 17209 E Assert  : 	at com.qualcomm.ftccommon.FtcRobotControllerService$RobotSetupRunnable.startRobot(FtcRobotControllerService.java:259)
11-10 13:19:05.849 16696 17209 E Assert  : 	at com.qualcomm.ftccommon.FtcRobotControllerService$RobotSetupRunnable$1.run(FtcRobotControllerService.java:276)
11-10 13:19:05.849 16696 17209 E Assert  : 	at com.qualcomm.robotcore.util.ThreadPool.logThreadLifeCycle(ThreadPool.java:709)
11-10 13:19:05.849 16696 17209 E Assert  : 	at com.qualcomm.ftccommon.FtcRobotControllerService$RobotSetupRunnable.run(FtcRobotControllerService.java:267)
11-10 13:19:05.850 16696 17209 E Assert  : 	at java.util.concurrent.Executors$RunnableAdapter.call(Executors.java:423)
11-10 13:19:05.850 16696 17209 E Assert  : 	at java.util.concurrent.FutureTask.run(FutureTask.java:237)
11-10 13:19:05.850 16696 17209 E Assert  : 	at java.util.concurrent.ThreadPoolExecutor.runWorker(ThreadPoolExecutor.java:1113)
11-10 13:19:05.850 16696 17209 E Assert  : 	at java.util.concurrent.ThreadPoolExecutor$Worker.run(ThreadPoolExecutor.java:588)
11-10 13:19:05.851 16696 17209 E Assert  : 	at com.qualcomm.robotcore.util.ThreadPool$ThreadFactoryImpl$1.run(ThreadPool.java:764)
11-10 13:19:05.851 16696 17209 E Assert  : 	at java.lang.Thread.run(Thread.java:818)
11-10 13:19:05.852 16696 17209 E LynxI2cDeviceSynch: exception thrown during lynx communication
11-10 13:19:05.853 16696 17209 E LynxI2cDeviceSynch: java.lang.NullPointerException: Attempt to invoke virtual method 'byte[] com.qualcomm.hardware.lynx.commands.LynxDatagram.toByteArray()' on a null object reference
11-10 13:19:05.853 16696 17209 E LynxI2cDeviceSynch: 	at com.qualcomm.hardware.lynx.LynxUsbDeviceImpl.transmit(LynxUsbDeviceImpl.java:745)
11-10 13:19:05.854 16696 17209 E LynxI2cDeviceSynch: 	at com.qualcomm.hardware.lynx.LynxUsbDeviceDelegate.transmit(LynxUsbDeviceDelegate.java:186)
11-10 13:19:05.854 16696 17209 E LynxI2cDeviceSynch: 	at com.qualcomm.hardware.lynx.LynxModule.retransmit(LynxModule.java:1161)
11-10 13:19:05.855 16696 17209 E LynxI2cDeviceSynch: 	at com.qualcomm.hardware.lynx.commands.LynxRespondable.awaitAndRetransmit(LynxRespondable.java:364)
11-10 13:19:05.855 16696 17209 E LynxI2cDeviceSynch: 	at com.qualcomm.hardware.lynx.commands.LynxRespondable.awaitAckResponseOrNack(LynxRespondable.java:376)
11-10 13:19:05.855 16696 17209 E LynxI2cDeviceSynch: 	at com.qualcomm.hardware.lynx.commands.LynxRespondable.send(LynxRespondable.java:238)
11-10 13:19:05.855 16696 17209 E LynxI2cDeviceSynch: 	at com.qualcomm.hardware.lynx.LynxI2cDeviceSynch.sendI2cWriteTx(LynxI2cDeviceSynch.java:371)
11-10 13:19:05.856 16696 17209 E LynxI2cDeviceSynch: 	at com.qualcomm.hardware.lynx.LynxI2cDeviceSynch$1.get(LynxI2cDeviceSynch.java:235)
11-10 13:19:05.856 16696 17209 E LynxI2cDeviceSynch: 	at com.qualcomm.hardware.lynx.LynxI2cDeviceSynch$1.get(LynxI2cDeviceSynch.java:232)
11-10 13:19:05.856 16696 17209 E LynxI2cDeviceSynch: 	at com.qualcomm.hardware.lynx.LynxModule.acquireI2cLockWhile(LynxModule.java:1118)
11-10 13:19:05.856 16696 17209 E LynxI2cDeviceSynch: 	at com.qualcomm.hardware.lynx.LynxI2cDeviceSynch.acquireI2cLockWhile(LynxI2cDeviceSynch.java:391)
11-10 13:19:05.857 16696 17209 E LynxI2cDeviceSynch: 	at com.qualcomm.hardware.lynx.LynxI2cDeviceSynch.read8(LynxI2cDeviceSynch.java:231)
11-10 13:19:05.857 16696 17209 E LynxI2cDeviceSynch: 	at com.qualcomm.hardware.ams.AMSColorSensorImpl.read8(AMSColorSensorImpl.java:476)
11-10 13:19:05.857 16696 17209 E LynxI2cDeviceSynch: 	at com.qualcomm.hardware.ams.AMSColorSensorImpl.readEnable(AMSColorSensorImpl.java:255)
11-10 13:19:05.857 16696 17209 E LynxI2cDeviceSynch: 	at com.qualcomm.hardware.ams.AMSColorSensorImpl.enable(AMSColorSensorImpl.java:177)
11-10 13:19:05.858 16696 17209 E LynxI2cDeviceSynch: 	at com.qualcomm.hardware.ams.AMSColorSensorImpl.internalInitialize(AMSColorSensorImpl.java:149)
11-10 13:19:05.858 16696 17209 E LynxI2cDeviceSynch: 	at com.qualcomm.hardware.ams.AMSColorSensorImpl.internalInitialize(AMSColorSensorImpl.java:70)
11-10 13:19:05.858 16696 17209 E LynxI2cDeviceSynch: 	at com.qualcomm.robotcore.hardware.I2cDeviceSynchDeviceWithParameters.doInitialize(I2cDeviceSynchDeviceWithParameters.java:43)
11-10 13:19:05.858 16696 17209 E LynxI2cDeviceSynch: 	at com.qualcomm.robotcore.hardware.I2cDeviceSynchDevice.initialize(I2cDeviceSynchDevice.java:129)
11-10 13:19:05.858 16696 17209 E LynxI2cDeviceSynch: 	at com.qualcomm.robotcore.hardware.I2cDeviceSynchDevice.initializeIfNecessary(I2cDeviceSynchDevice.java:123)
11-10 13:19:05.859 16696 17209 E LynxI2cDeviceSynch: 	at com.qualcomm.robotcore.hardware.I2cDeviceSynchDevice.onModuleStateChange(I2cDeviceSynchDevice.java:108)
11-10 13:19:05.859 16696 17209 E LynxI2cDeviceSynch: 	at com.qualcomm.hardware.lynx.LynxController.registerCallback(LynxController.java:153)
11-10 13:19:05.859 16696 17209 E LynxI2cDeviceSynch: 	at com.qualcomm.robotcore.hardware.I2cDeviceSynchDevice.registerArmingStateCallback(I2cDeviceSynchDevice.java:69)
11-10 13:19:05.859 16696 17209 E LynxI2cDeviceSynch: 	at com.qualcomm.hardware.ams.AMSColorSensorImpl.<init>(AMSColorSensorImpl.java:91)
11-10 13:19:05.860 16696 17209 E LynxI2cDeviceSynch: 	at com.qualcomm.hardware.lynx.LynxI2cColorRangeSensor.<init>(LynxI2cColorRangeSensor.java:77)
11-10 13:19:05.860 16696 17209 E LynxI2cDeviceSynch: 	at com.qualcomm.hardware.HardwareDeviceManager.createLynxColorRangeSensor(HardwareDeviceManager.java:737)
11-10 13:19:05.860 16696 17209 E LynxI2cDeviceSynch: 	at com.qualcomm.hardware.HardwareFactory.mapLynxColorSensor(HardwareFactory.java:837)
11-10 13:19:05.861 16696 17209 E LynxI2cDeviceSynch: 	at com.qualcomm.hardware.HardwareFactory.buildLynxI2cDevices(HardwareFactory.java:408)
11-10 13:19:05.861 16696 17209 E LynxI2cDeviceSynch: 	at com.qualcomm.hardware.HardwareFactory.mapLynxModuleComponents(HardwareFactory.java:802)
11-10 13:19:05.861 16696 17209 E LynxI2cDeviceSynch: 	at com.qualcomm.hardware.HardwareFactory.mapLynxUsbDevice(HardwareFactory.java:714)
11-10 13:19:05.861 16696 17209 E LynxI2cDeviceSynch: 	at com.qualcomm.hardware.HardwareFactory.createHardwareMap(HardwareFactory.java:185)
11-10 13:19:05.862 16696 17209 E LynxI2cDeviceSynch: 	at com.qualcomm.ftccommon.FtcEventLoopHandler.getHardwareMap(FtcEventLoopHandler.java:127)
11-10 13:19:05.862 16696 17209 E LynxI2cDeviceSynch: 	at com.qualcomm.ftccommon.FtcEventLoop.init(FtcEventLoop.java:180)
11-10 13:19:05.862 16696 17209 E LynxI2cDeviceSynch: 	at com.qualcomm.robotcore.eventloop.EventLoopManager.startEventLoop(EventLoopManager.java:540)
11-10 13:19:05.862 16696 17209 E LynxI2cDeviceSynch: 	at com.qualcomm.robotcore.eventloop.EventLoopManager.setEventLoop(EventLoopManager.java:514)
11-10 13:19:05.862 16696 17209 E LynxI2cDeviceSynch: 	at com.qualcomm.robotcore.eventloop.EventLoopManager.start(EventLoopManager.java:456)
11-10 13:19:05.863 16696 17209 E LynxI2cDeviceSynch: 	at com.qualcomm.robotcore.robot.Robot.start(Robot.java:59)
11-10 13:19:05.863 16696 17209 E LynxI2cDeviceSynch: 	at com.qualcomm.ftccommon.FtcRobotControllerService$RobotSetupRunnable.startRobot(FtcRobotControllerService.java:259)
11-10 13:19:05.863 16696 17209 E LynxI2cDeviceSynch: 	at com.qualcomm.ftccommon.FtcRobotControllerService$RobotSetupRunnable$1.run(FtcRobotControllerService.java:276)
11-10 13:19:05.863 16696 17209 E LynxI2cDeviceSynch: 	at com.qualcomm.robotcore.util.ThreadPool.logThreadLifeCycle(ThreadPool.java:709)
11-10 13:19:05.864 16696 17209 E LynxI2cDeviceSynch: 	at com.qualcomm.ftccommon.FtcRobotControllerService$RobotSetupRunnable.run(FtcRobotControllerService.java:267)
11-10 13:19:05.864 16696 17209 E LynxI2cDeviceSynch: 	at java.util.concurrent.Executors$RunnableAdapter.call(Executors.java:423)
11-10 13:19:05.864 16696 17209 E LynxI2cDeviceSynch: 	at java.util.concurrent.FutureTask.run(FutureTask.java:237)
11-10 13:19:05.864 16696 17209 E LynxI2cDeviceSynch: 	at java.util.concurrent.ThreadPoolExecutor.runWorker(ThreadPoolExecutor.java:1113)
11-10 13:19:05.864 16696 17209 E LynxI2cDeviceSynch: 	at java.util.concurrent.ThreadPoolExecutor$Worker.run(ThreadPoolExecutor.java:588)
11-10 13:19:05.865 16696 17209 E LynxI2cDeviceSynch: 	at com.qualcomm.robotcore.util.ThreadPool$ThreadFactoryImpl$1.run(ThreadPool.java:764)
11-10 13:19:05.865 16696 17209 E LynxI2cDeviceSynch: 	at java.lang.Thread.run(Thread.java:818)
11-10 13:19:05.865 16696 17209 V AMSColorSensorImpl: enable() enabled=0x00...
11-10 13:19:06.037 16696 17209 V LynxModule: retransmitting: mod=2 cmd=0x1026 msg#=112 ref#=0 
11-10 13:19:06.240 16696 17223 E LynxModule: unable to find originating LynxRespondable for mod=2 msg#=112 ref#=112
11-10 13:19:06.341 16696 17209 V LynxModule: retransmitting: mod=2 cmd=0x102a msg#=113 ref#=0 
11-10 13:19:06.544 16696 17223 E LynxModule: unable to find originating command for packetid=0x902a msg#=113 ref#=113
11-10 13:19:06.645 16696 17209 V LynxModule: retransmitting: mod=2 cmd=0x102a msg#=114 ref#=0 
11-10 13:19:06.848 16696 17223 E LynxModule: unable to find originating LynxRespondable for mod=2 msg#=114 ref#=114
11-10 13:19:06.950 16696 17209 V LynxModule: retransmitting: mod=2 cmd=0x1026 msg#=115 ref#=0 
11-10 13:19:07.152 16696 17223 E LynxModule: unable to find originating LynxRespondable for mod=2 msg#=115 ref#=115
11-10 13:19:07.253 16696 17209 V LynxModule: retransmitting: mod=2 cmd=0x102a msg#=116 ref#=0 
11-10 13:19:07.457 16696 17223 E LynxModule: unable to find originating command for packetid=0x902a msg#=116 ref#=116
11-10 13:19:07.558 16696 17209 V LynxModule: retransmitting: mod=2 cmd=0x102a msg#=117 ref#=0 
11-10 13:19:07.760 16696 17223 E LynxModule: unable to find originating LynxRespondable for mod=2 msg#=117 ref#=117
11-10 13:19:07.861 16696 17209 V LynxModule: retransmitting: mod=2 cmd=0x1025 msg#=118 ref#=0 
11-10 13:19:08.064 16696 17223 E LynxModule: unable to find originating LynxRespondable for mod=2 msg#=118 ref#=118
11-10 13:19:08.165 16696 17209 V LynxModule: retransmitting: mod=2 cmd=0x1027 msg#=119 ref#=0 
11-10 13:19:08.368 16696 17223 E LynxModule: unable to find originating LynxRespondable for mod=2 msg#=119 ref#=119
11-10 13:19:08.469 16696 17209 V LynxModule: retransmitting: mod=2 cmd=0x1029 msg#=120 ref#=0 
11-10 13:19:08.571 16696 17209 V AMSColorSensorImpl: ...enable() enabled=0x07
11-10 13:19:08.772 16696 17223 E LynxModule: unable to find originating command for packetid=0x9029 msg#=120 ref#=120
11-10 13:19:08.773 16696 17209 V LynxModule: retransmitting: mod=2 cmd=0x1025 msg#=121 ref#=0 
11-10 13:19:08.975 16696 17223 E LynxModule: unable to find originating LynxRespondable for mod=2 msg#=121 ref#=121
11-10 13:19:09.075 16696 17209 V LynxModule: retransmitting: mod=2 cmd=0x1028 msg#=122 ref#=0 
11-10 13:19:09.278 16696 17223 E LynxModule: unable to find originating LynxRespondable for mod=2 msg#=122 ref#=122
11-10 13:19:09.379 16696 17209 V LynxModule: retransmitting: mod=2 cmd=0x1029 msg#=123 ref#=0 
11-10 13:19:09.482 16696 17209 V AMSColorSensorImpl: state: 07 f6 ff ff 00 00 00 00 00 00 00 00 00 00 08 61 
11-10 13:19:09.482 16696 17209 V AMSColorSensorImpl: state| 00 01 60 33 43 00 1a 00 19 
11-10 13:19:09.482 16696 17209 V AMSColorSensorImpl: ...internalInitialize()
11-10 13:19:09.482 16696 17209 V LynxI2cDeviceSynch: engaging mod#=2
11-10 13:19:09.482 16696 17209 I RobotCore: ========= Device Information ===================================================
11-10 13:19:09.482 16696 17209 I RobotCore: Type                                               Name                           Connection
11-10 13:19:09.482 16696 17209 I RobotCore: Servo                                              ball_arm                       USB DQ15X3OT; module 2; port 2
11-10 13:19:09.482 16696 17209 I RobotCore: REV Robotics USB Expansion Hub Portal              Expansion Hub Portal 1         USB DQ15X3OT
11-10 13:19:09.483 16696 17209 I RobotCore: Motor                                              right_drive                    USB DQ15X3OT; module 2; port 1
11-10 13:19:09.483 16696 17209 I RobotCore: Motor                                              arm_lift                       USB DQ15X3OT; module 2; port 3
11-10 13:19:09.483 16696 17209 I RobotCore: Servo                                              left_thumb                     USB DQ15X3OT; module 2; port 1
11-10 13:19:09.483 16696 17209 I RobotCore: REV Color/Range Sensor                             color_prox                     USB DQ15X3OT; module 2; bus 1; addr7=0x39
11-10 13:19:09.483 16696 17209 I RobotCore: Motor                                              left_drive                     USB DQ15X3OT; module 2; port 0
11-10 13:19:09.483 16696 17209 I RobotCore: Expansion Hub DC Motor Controller                  Expansion Hub 2                USB DQ15X3OT; module 2
11-10 13:19:09.483 16696 17209 I RobotCore: Expansion Hub Servo Controller                     Expansion Hub 2                USB DQ15X3OT; module 2
11-10 13:19:09.483 16696 17209 I RobotCore: Expansion Hub Voltage Sensor                       Expansion Hub 2                USB DQ15X3OT; module 2
11-10 13:19:09.484 16696 17209 I RobotCore: Expansion Hub Pwm Controller                       Expansion Hub 2                USB DQ15X3OT; module 2
11-10 13:19:09.484 16696 17209 I RobotCore: Expansion Hub Analog Input Controller              Expansion Hub 2                USB DQ15X3OT; module 2
11-10 13:19:09.484 16696 17209 I RobotCore: Expansion Hub Digital Channel Controller           Expansion Hub 2                USB DQ15X3OT; module 2
11-10 13:19:09.683 16696 17209 V LynxModule: retransmitting: mod=2 cmd=0x1030 msg#=124 ref#=0 
11-10 13:19:09.684 16696 17223 E LynxModule: unable to find originating command for packetid=0x9029 msg#=123 ref#=123
11-10 13:19:09.785 16696 17209 I RobotCore: Expansion Hub (HW: 20, Maj: 1, Min: 6, Eng: 0)     Expansion Hub 2                USB DQ15X3OT; module 2
11-10 13:19:09.786 16696 17209 I RobotCore: Servo                                              right_thumb                    USB DQ15X3OT; module 2; port 0
11-10 13:19:09.786 16696 17209 I FtcEventLoop: ======= INIT FINISH =======
11-10 13:19:09.786 16696 17209 V RobotCore: EventLoopManager state is RUNNING
11-10 13:19:09.786 16696 17209 V RobotCore: Robot Status: running, starting robot
11-10 13:19:09.788 16696 17209 V RobotCore: Robot Status: running
11-10 13:19:09.789 16696 17209 V ThreadPool: container(0x0793dc43: executorEventLoop) added id=1198 TID=0 count=1
11-10 13:19:09.790 16696 17209 V RobotCore: thread: ...terminating 'RobotSetupRunnable.run()'
11-10 13:19:09.792 16696 17242 V RobotCore: thread: 'opmode loop()' starting...
11-10 13:19:09.886 16696 17223 E LynxModule: unable to find originating command for packetid=0x9030 msg#=124 ref#=124
11-10 13:19:10.299 16696 17242 V ThreadPool: container(0x0ccdaba5: OpModeStuckCodeMonitor) added id=1199 TID=0 count=1
11-10 13:19:10.300 16696 17242 I RobotCore: Attempting to switch to op mode $Stop$Robot$
11-10 13:19:10.493 16696 17242 V LynxModule: retransmitting: mod=2 cmd=0x1009 msg#=125 ref#=0 
11-10 13:19:10.697 16696 17223 E LynxModule: unable to find originating command for packetid=0x9009 msg#=125 ref#=125
11-10 13:19:10.797 16696 17242 V LynxModule: retransmitting: mod=2 cmd=0x1010 msg#=126 ref#=0 
11-10 13:19:11.000 16696 17223 E LynxModule: unable to find originating command for packetid=0x9010 msg#=126 ref#=126
11-10 13:19:11.302 16696 17242 V LynxModule: retransmitting: mod=2 cmd=0x1010 msg#=128 ref#=0 
11-10 13:19:11.505 16696 17223 E LynxModule: unable to find originating command for packetid=0x9010 msg#=128 ref#=128
11-10 13:19:11.605 16696 17242 V LynxModule: retransmitting: mod=2 cmd=0x1009 msg#=129 ref#=0 
11-10 13:19:11.808 16696 17223 E LynxModule: unable to find originating command for packetid=0x9009 msg#=129 ref#=129
11-10 13:19:11.908 16696 17242 V LynxModule: retransmitting: mod=2 cmd=0x1010 msg#=130 ref#=0 
11-10 13:19:12.110 16696 17242 V LynxModule: retransmitting: mod=2 cmd=0x7f05 msg#=131 ref#=0 
11-10 13:19:12.110 16696 17223 E LynxModule: unable to find originating command for packetid=0x9010 msg#=130 ref#=130
11-10 13:19:12.187 16696 16696 I BatteryChecker: percent remaining: 14 is charging: false
11-10 13:19:12.187 16696 16696 I BatteryChecker: percent remaining: 14 is charging: false
11-10 13:19:12.187 16696 16696 I BatteryChecker: percent remaining: 14 is charging: false
11-10 13:19:12.187 16696 16696 I BatteryChecker: percent remaining: 14 is charging: false
11-10 13:19:12.187 16696 16696 I BatteryChecker: percent remaining: 14 is charging: false
11-10 13:19:12.188 16696 16696 I BatteryChecker: percent remaining: 14 is charging: false
11-10 13:19:12.312 16696 17223 E LynxModule: unable to find originating LynxRespondable for mod=2 msg#=131 ref#=131
11-10 13:19:12.412 16696 17242 V LynxModule: retransmitting: mod=2 cmd=0x1007 msg#=132 ref#=0 
11-10 13:19:12.515 16696 17242 I RobotCore: robot battery read duration: n=1, mean=302.759ms sd=NaNms
11-10 13:19:12.616 16696 17223 E LynxModule: unable to find originating command for packetid=0x9007 msg#=132 ref#=132
11-10 13:19:12.716 16696 17224 V LynxModule: retransmitting: mod=2 cmd=0x7f03 msg#=133 ref#=0 
11-10 13:19:12.919 16696 17223 E LynxModule: unable to find originating command for packetid=0xff03 msg#=133 ref#=133
11-10 13:19:13.121 16696 17242 V LynxModule: retransmitting: mod=2 cmd=0x7f05 msg#=134 ref#=0 
11-10 13:19:13.324 16696 17223 E LynxModule: unable to find originating LynxRespondable for mod=2 msg#=134 ref#=134
11-10 13:19:13.424 16696 17224 V LynxModule: retransmitting: mod=2 cmd=0x7f03 msg#=135 ref#=0 
11-10 13:19:13.628 16696 17223 E LynxModule: unable to find originating command for packetid=0xff03 msg#=135 ref#=135
11-10 13:19:13.829 16696 17242 V LynxModule: retransmitting: mod=2 cmd=0x7f05 msg#=136 ref#=0 
11-10 13:19:14.033 16696 17223 E LynxModule: unable to find originating LynxRespondable for mod=2 msg#=136 ref#=136
11-10 13:19:14.134 16696 17224 V LynxModule: retransmitting: mod=2 cmd=0x7f03 msg#=137 ref#=0 
11-10 13:19:14.337 16696 17223 E LynxModule: unable to find originating command for packetid=0xff03 msg#=137 ref#=137
11-10 13:19:14.539 16696 17242 V LynxModule: retransmitting: mod=2 cmd=0x7f05 msg#=138 ref#=0 
11-10 13:19:14.741 16696 17223 E LynxModule: unable to find originating LynxRespondable for mod=2 msg#=138 ref#=138
11-10 13:19:14.842 16696 17224 V LynxModule: retransmitting: mod=2 cmd=0x7f03 msg#=139 ref#=0 
11-10 13:19:15.045 16696 17223 E LynxModule: unable to find originating command for packetid=0xff03 msg#=139 ref#=139
11-10 13:19:15.247 16696 17242 V LynxModule: retransmitting: mod=2 cmd=0x7f05 msg#=140 ref#=0 
11-10 13:19:15.450 16696 17223 E LynxModule: unable to find originating LynxRespondable for mod=2 msg#=140 ref#=140
11-10 13:19:15.551 16696 17224 V LynxModule: retransmitting: mod=2 cmd=0x7f03 msg#=141 ref#=0 
11-10 13:19:15.754 16696 17223 E LynxModule: unable to find originating command for packetid=0xff03 msg#=141 ref#=141
11-10 13:19:15.956 16696 17242 V LynxModule: retransmitting: mod=2 cmd=0x7f05 msg#=142 ref#=0 
11-10 13:19:16.159 16696 17223 E LynxModule: unable to find originating LynxRespondable for mod=2 msg#=142 ref#=142
11-10 13:19:16.260 16696 17242 V LynxModule: retransmitting: mod=2 cmd=0x1007 msg#=143 ref#=0 
11-10 13:19:16.462 16696 17223 E LynxModule: unable to find originating command for packetid=0x9007 msg#=143 ref#=143
11-10 13:19:16.563 16696 17224 V LynxModule: retransmitting: mod=2 cmd=0x7f03 msg#=144 ref#=0 
11-10 13:19:16.766 16696 17223 E LynxModule: unable to find originating command for packetid=0xff03 msg#=144 ref#=144
11-10 13:19:16.968 16696 17242 V LynxModule: retransmitting: mod=2 cmd=0x7f05 msg#=145 ref#=0 
11-10 13:19:17.171 16696 17223 E LynxModule: unable to find originating LynxRespondable for mod=2 msg#=145 ref#=145
11-10 13:19:17.272 16696 17224 V LynxModule: retransmitting: mod=2 cmd=0x7f03 msg#=146 ref#=0 
11-10 13:19:17.475 16696 17223 E LynxModule: unable to find originating command for packetid=0xff03 msg#=146 ref#=146
11-10 13:19:17.677 16696 17242 V LynxModule: retransmitting: mod=2 cmd=0x7f05 msg#=147 ref#=0 
11-10 13:19:17.880 16696 17223 E LynxModule: unable to find originating LynxRespondable for mod=2 msg#=147 ref#=147
11-10 13:19:17.981 16696 17224 V LynxModule: retransmitting: mod=2 cmd=0x7f03 msg#=148 ref#=0 
11-10 13:19:18.184 16696 17223 E LynxModule: unable to find originating command for packetid=0xff03 msg#=148 ref#=148
11-10 13:19:19.195 16696 17224 V LynxModule: retransmitting: mod=2 cmd=0x7f03 msg#=152 ref#=0 
11-10 13:19:19.398 16696 17223 E LynxModule: unable to find originating command for packetid=0xff03 msg#=152 ref#=152
11-10 13:19:19.600 16696 17242 V LynxModule: retransmitting: mod=2 cmd=0x7f05 msg#=153 ref#=0 
11-10 13:19:19.803 16696 17223 E LynxModule: unable to find originating LynxRespondable for mod=2 msg#=153 ref#=153
11-10 13:19:19.904 16696 17242 V LynxModule: retransmitting: mod=2 cmd=0x1007 msg#=154 ref#=0 
11-10 13:19:20.107 16696 17223 E LynxModule: unable to find originating command for packetid=0x9007 msg#=154 ref#=154
11-10 13:19:20.208 16696 17224 V LynxModule: retransmitting: mod=2 cmd=0x7f03 msg#=155 ref#=0 
11-10 13:19:20.411 16696 17223 E LynxModule: unable to find originating command for packetid=0xff03 msg#=155 ref#=155
11-10 13:19:20.613 16696 17242 V LynxModule: retransmitting: mod=2 cmd=0x7f05 msg#=156 ref#=0 
11-10 13:19:20.815 16696 17223 E LynxModule: unable to find originating LynxRespondable for mod=2 msg#=156 ref#=156
11-10 13:19:20.917 16696 17224 V LynxModule: retransmitting: mod=2 cmd=0x7f03 msg#=157 ref#=0 
11-10 13:19:21.119 16696 17223 E LynxModule: unable to find originating command for packetid=0xff03 msg#=157 ref#=157
11-10 13:19:21.321 16696 17242 V LynxModule: retransmitting: mod=2 cmd=0x7f05 msg#=158 ref#=0 
11-10 13:19:21.525 16696 17223 E LynxModule: unable to find originating LynxRespondable for mod=2 msg#=158 ref#=158
11-10 13:19:21.626 16696 17224 V LynxModule: retransmitting: mod=2 cmd=0x7f03 msg#=159 ref#=0 
11-10 13:19:21.828 16696 17223 E LynxModule: unable to find originating command for packetid=0xff03 msg#=159 ref#=159
11-10 13:19:22.030 16696 17242 V LynxModule: retransmitting: mod=2 cmd=0x7f05 msg#=160 ref#=0 
11-10 13:19:22.233 16696 17223 E LynxModule: unable to find originating LynxRespondable for mod=2 msg#=160 ref#=160
11-10 13:19:22.334 16696 17224 V LynxModule: retransmitting: mod=2 cmd=0x7f03 msg#=161 ref#=0 
11-10 13:19:22.538 16696 17223 E LynxModule: unable to find originating command for packetid=0xff03 msg#=161 ref#=161
11-10 13:19:22.942 16696 17224 V LynxModule: retransmitting: mod=2 cmd=0x7f03 msg#=163 ref#=0 
11-10 13:19:23.145 16696 17223 E LynxModule: unable to find originating command for packetid=0xff03 msg#=163 ref#=163
11-10 13:19:23.347 16696 17242 V LynxModule: retransmitting: mod=2 cmd=0x7f05 msg#=164 ref#=0 
11-10 13:19:23.550 16696 17223 E LynxModule: unable to find originating LynxRespondable for mod=2 msg#=164 ref#=164
11-10 13:19:23.651 16696 17242 V LynxModule: retransmitting: mod=2 cmd=0x1007 msg#=165 ref#=0 
11-10 13:19:23.854 16696 17223 E LynxModule: unable to find originating command for packetid=0x9007 msg#=165 ref#=165
11-10 13:19:23.955 16696 17224 V LynxModule: retransmitting: mod=2 cmd=0x7f03 msg#=166 ref#=0 
11-10 13:19:24.158 16696 17223 E LynxModule: unable to find originating command for packetid=0xff03 msg#=166 ref#=166
11-10 13:19:24.360 16696 17242 V LynxModule: retransmitting: mod=2 cmd=0x7f05 msg#=167 ref#=0 
11-10 13:19:24.563 16696 17223 E LynxModule: unable to find originating LynxRespondable for mod=2 msg#=167 ref#=167
11-10 13:19:24.663 16696 17224 V LynxModule: retransmitting: mod=2 cmd=0x7f03 msg#=168 ref#=0 
11-10 13:19:24.866 16696 17223 E LynxModule: unable to find originating command for packetid=0xff03 msg#=168 ref#=168
11-10 13:19:25.068 16696 17242 V LynxModule: retransmitting: mod=2 cmd=0x7f05 msg#=169 ref#=0 
11-10 13:19:25.271 16696 17223 E LynxModule: unable to find originating LynxRespondable for mod=2 msg#=169 ref#=169
11-10 13:19:25.372 16696 17224 V LynxModule: retransmitting: mod=2 cmd=0x7f03 msg#=170 ref#=0 
11-10 13:19:25.575 16696 17223 E LynxModule: unable to find originating command for packetid=0xff03 msg#=170 ref#=170
11-10 13:19:25.979 16696 17224 V LynxModule: retransmitting: mod=2 cmd=0x7f03 msg#=172 ref#=0 
11-10 13:19:26.182 16696 17223 E LynxModule: unable to find originating command for packetid=0xff03 msg#=172 ref#=172
11-10 13:19:26.383 16696 17242 V LynxModule: retransmitting: mod=2 cmd=0x7f05 msg#=173 ref#=0 
11-10 13:19:26.587 16696 17223 E LynxModule: unable to find originating LynxRespondable for mod=2 msg#=173 ref#=173
11-10 13:19:26.688 16696 17224 V LynxModule: retransmitting: mod=2 cmd=0x7f03 msg#=174 ref#=0 
11-10 13:19:26.891 16696 17223 E LynxModule: unable to find originating command for packetid=0xff03 msg#=174 ref#=174
11-10 13:19:27.293 16696 17224 V LynxModule: retransmitting: mod=2 cmd=0x7f03 msg#=176 ref#=0 
11-10 13:19:27.497 16696 17223 E LynxModule: unable to find originating command for packetid=0xff03 msg#=176 ref#=176
11-10 13:19:27.598 16696 17242 V LynxModule: retransmitting: mod=2 cmd=0x1007 msg#=177 ref#=0 
11-10 13:19:27.800 16696 17223 E LynxModule: unable to find originating command for packetid=0x9007 msg#=177 ref#=177
11-10 13:19:28.305 16696 17242 V LynxModule: retransmitting: mod=2 cmd=0x7f05 msg#=178 ref#=0 
11-10 13:19:28.509 16696 17223 E LynxModule: unable to find originating LynxRespondable for mod=2 msg#=178 ref#=178
11-10 13:19:28.611 16696 17224 V LynxModule: retransmitting: mod=2 cmd=0x7f03 msg#=179 ref#=0 
11-10 13:19:28.611 16696 17224 F Assert  : assertion failed
11-10 13:19:28.612 16696 17224 E Assert  : java.lang.RuntimeException: assertion failed
11-10 13:19:28.614 16696 17224 E Assert  : 	at org.firstinspires.ftc.robotcore.internal.system.Assert.assertFailed(Assert.java:127)
11-10 13:19:28.614 16696 17224 E Assert  : 	at org.firstinspires.ftc.robotcore.internal.system.Assert.assertTrue(Assert.java:52)
11-10 13:19:28.615 16696 17224 E Assert  : 	at com.qualcomm.hardware.lynx.LynxUsbDeviceImpl.transmit(LynxUsbDeviceImpl.java:743)
11-10 13:19:28.616 16696 17224 E Assert  : 	at com.qualcomm.hardware.lynx.LynxUsbDeviceDelegate.transmit(LynxUsbDeviceDelegate.java:186)
11-10 13:19:28.616 16696 17224 E Assert  : 	at com.qualcomm.hardware.lynx.LynxModule.retransmit(LynxModule.java:1161)
11-10 13:19:28.616 16696 17224 E Assert  : 	at com.qualcomm.hardware.lynx.commands.LynxRespondable.awaitAndRetransmit(LynxRespondable.java:364)
11-10 13:19:28.617 16696 17224 E Assert  : 	at com.qualcomm.hardware.lynx.commands.LynxRespondable.awaitAckResponseOrNack(LynxRespondable.java:372)
11-10 13:19:28.617 16696 17224 E Assert  : 	at com.qualcomm.hardware.lynx.commands.LynxRespondable.sendReceive(LynxRespondable.java:253)
11-10 13:19:28.618 16696 17224 E Assert  : 	at com.qualcomm.hardware.lynx.LynxModule.sendGetModuleStatusAndProcessResponse(LynxModule.java:425)
11-10 13:19:28.618 16696 17224 E Assert  : 	at com.qualcomm.hardware.lynx.LynxModule$2.run(LynxModule.java:397)
11-10 13:19:28.618 16696 17224 E Assert  : 	at java.util.concurrent.Executors$RunnableAdapter.call(Executors.java:423)
11-10 13:19:28.618 16696 17224 E Assert  : 	at java.util.concurrent.FutureTask.run(FutureTask.java:237)
11-10 13:19:28.619 16696 17224 E Assert  : 	at java.util.concurrent.ScheduledThreadPoolExecutor$ScheduledFutureTask.run(ScheduledThreadPoolExecutor.java:269)
11-10 13:19:28.619 16696 17224 E Assert  : 	at java.util.concurrent.ThreadPoolExecutor.runWorker(ThreadPoolExecutor.java:1113)
11-10 13:19:28.619 16696 17224 E Assert  : 	at java.util.concurrent.ThreadPoolExecutor$Worker.run(ThreadPoolExecutor.java:588)
11-10 13:19:28.620 16696 17224 E Assert  : 	at com.qualcomm.robotcore.util.ThreadPool$ThreadFactoryImpl$1.run(ThreadPool.java:764)
11-10 13:19:28.620 16696 17224 E Assert  : 	at java.lang.Thread.run(Thread.java:818)
11-10 13:19:28.620 16696 17224 E LynxModule: exception thrown during lynx communication
11-10 13:19:28.621 16696 17224 E LynxModule: java.lang.NullPointerException: Attempt to invoke virtual method 'byte[] com.qualcomm.hardware.lynx.commands.LynxDatagram.toByteArray()' on a null object reference
11-10 13:19:28.621 16696 17224 E LynxModule: 	at com.qualcomm.hardware.lynx.LynxUsbDeviceImpl.transmit(LynxUsbDeviceImpl.java:745)
11-10 13:19:28.622 16696 17224 E LynxModule: 	at com.qualcomm.hardware.lynx.LynxUsbDeviceDelegate.transmit(LynxUsbDeviceDelegate.java:186)
11-10 13:19:28.622 16696 17224 E LynxModule: 	at com.qualcomm.hardware.lynx.LynxModule.retransmit(LynxModule.java:1161)
11-10 13:19:28.622 16696 17224 E LynxModule: 	at com.qualcomm.hardware.lynx.commands.LynxRespondable.awaitAndRetransmit(LynxRespondable.java:364)
11-10 13:19:28.623 16696 17224 E LynxModule: 	at com.qualcomm.hardware.lynx.commands.LynxRespondable.awaitAckResponseOrNack(LynxRespondable.java:372)
11-10 13:19:28.623 16696 17224 E LynxModule: 	at com.qualcomm.hardware.lynx.commands.LynxRespondable.sendReceive(LynxRespondable.java:253)
11-10 13:19:28.623 16696 17224 E LynxModule: 	at com.qualcomm.hardware.lynx.LynxModule.sendGetModuleStatusAndProcessResponse(LynxModule.java:425)
11-10 13:19:28.623 16696 17224 E LynxModule: 	at com.qualcomm.hardware.lynx.LynxModule$2.run(LynxModule.java:397)
11-10 13:19:28.625 16696 17224 E LynxModule: 	at java.util.concurrent.Executors$RunnableAdapter.call(Executors.java:423)
11-10 13:19:28.625 16696 17224 E LynxModule: 	at java.util.concurrent.FutureTask.run(FutureTask.java:237)
11-10 13:19:28.626 16696 17224 E LynxModule: 	at java.util.concurrent.ScheduledThreadPoolExecutor$ScheduledFutureTask.run(ScheduledThreadPoolExecutor.java:269)
11-10 13:19:28.626 16696 17224 E LynxModule: 	at java.util.concurrent.ThreadPoolExecutor.runWorker(ThreadPoolExecutor.java:1113)
11-10 13:19:28.628 16696 17224 E LynxModule: 	at java.util.concurrent.ThreadPoolExecutor$Worker.run(ThreadPoolExecutor.java:588)
11-10 13:19:28.628 16696 17224 E LynxModule: 	at com.qualcomm.robotcore.util.ThreadPool$ThreadFactoryImpl$1.run(ThreadPool.java:764)
11-10 13:19:28.629 16696 17224 E LynxModule: 	at java.lang.Thread.run(Thread.java:818)
11-10 13:19:29.013 16696 17242 V LynxModule: retransmitting: mod=2 cmd=0x7f05 msg#=180 ref#=0 
11-10 13:19:29.216 16696 17223 E LynxModule: unable to find originating LynxRespondable for mod=2 msg#=180 ref#=180
11-10 13:19:29.317 16696 17224 V LynxModule: retransmitting: mod=2 cmd=0x7f03 msg#=181 ref#=0 
11-10 13:19:29.519 16696 17223 E LynxModule: unable to find originating command for packetid=0xff03 msg#=181 ref#=181
11-10 13:19:29.635 16696 16696 V RCActivity: onPause()
11-10 13:19:29.647 16696 16696 V Console : onCreate()
11-10 13:19:29.792 16696 16696 V Console : onResume()
11-10 13:19:29.922 16696 17224 V LynxModule: retransmitting: mod=2 cmd=0x7f03 msg#=183 ref#=0 
11-10 13:19:30.113 16696 17300 E libEGL  : validate_display:255 error 3008 (EGL_BAD_DISPLAY)
11-10 13:19:30.124 16696 17223 E LynxModule: unable to find originating command for packetid=0xff03 msg#=183 ref#=183
11-10 13:19:30.154 16696 17300 W VideoCapabilities: Unrecognized profile 2130706433 for video/avc
11-10 13:19:30.166 16696 17300 W VideoCapabilities: Unrecognized profile/level 0/3 for video/mpeg2
11-10 13:19:30.175 16696 17303 V SessionCookie: added SessionCookie: cookie=c411d0b3-70ba-4851-b5b2-c0de8a1a9189 uri='/'
11-10 13:19:30.175 16696 17303 E SessionCookie: session cookie unexpectedly null uri=/
11-10 13:19:30.192 16696 17300 I VideoCapabilities: Unsupported profile 4 for video/mp4v-es
11-10 13:19:30.325 16696 17242 V LynxModule: retransmitting: mod=2 cmd=0x7f05 msg#=184 ref#=0 
11-10 13:19:30.361 16696 16696 V RCActivity: onStop()
11-10 13:19:30.527 16696 17223 E LynxModule: unable to find originating LynxRespondable for mod=2 msg#=184 ref#=184
11-10 13:19:30.628 16696 17224 V LynxModule: retransmitting: mod=2 cmd=0x7f03 msg#=185 ref#=0 
11-10 13:19:30.829 16696 17223 E LynxModule: unable to find originating command for packetid=0xff03 msg#=185 ref#=185
11-10 13:19:31.031 16696 17242 V LynxModule: retransmitting: mod=2 cmd=0x7f05 msg#=186 ref#=0 
11-10 13:19:31.040 16696 17308 V ProgrammingWebHandlers: serve uri=/css/colors.less
11-10 13:19:31.208 16696 16696 D Console : log(/js/less.min.js,13): Rendered http://192.168.49.1:8080/css/frame.less successfully.
11-10 13:19:31.208 16696 16696 D Console : log(/js/less.min.js,13): CSS for http://192.168.49.1:8080/css/frame.less generated in 408ms
11-10 13:19:31.209 16696 16696 D Console : log(/js/less.min.js,13): Less has finished. CSS generated in 408ms
11-10 13:19:31.233 16696 17223 E LynxModule: unable to find originating LynxRespondable for mod=2 msg#=186 ref#=186
11-10 13:19:31.325 16696 16696 D Console : log(/,168): navigating to '/connection.html'
11-10 13:19:31.333 16696 17242 V LynxModule: retransmitting: mod=2 cmd=0x1007 msg#=187 ref#=0 
11-10 13:19:31.337 16696 16696 D Console : log(/,311): finished loading
11-10 13:19:31.535 16696 17223 E LynxModule: unable to find originating command for packetid=0x9007 msg#=187 ref#=187
11-10 13:19:31.636 16696 17224 V LynxModule: retransmitting: mod=2 cmd=0x7f03 msg#=188 ref#=0 
11-10 13:19:31.744 16696 16696 D Console : log(/connection.html,34): refreshSeverStatus(connected)
11-10 13:19:31.744 16696 16696 D Console : log(/js/util.js,99): width=360 height=640 scale=1.0285714285714285
11-10 13:19:31.798 16696 17308 V ProgrammingWebHandlers: serve uri=/css/colors.less
11-10 13:19:31.838 16696 17223 E LynxModule: unable to find originating command for packetid=0xff03 msg#=188 ref#=188
11-10 13:19:31.873 16696 16696 D Console : log(/js/less.min.js,13): Rendered http://192.168.49.1:8080/css/connection.less successfully.
11-10 13:19:31.875 16696 16696 D Console : log(/js/less.min.js,13): CSS for http://192.168.49.1:8080/css/connection.less generated in 198ms
11-10 13:19:31.875 16696 16696 D Console : log(/js/less.min.js,13): Less has finished. CSS generated in 199ms
11-10 13:19:32.039 16696 17242 V LynxModule: retransmitting: mod=2 cmd=0x7f05 msg#=189 ref#=0 
11-10 13:19:32.242 16696 17223 E LynxModule: unable to find originating LynxRespondable for mod=2 msg#=189 ref#=189
11-10 13:19:32.343 16696 17224 V LynxModule: retransmitting: mod=2 cmd=0x7f03 msg#=190 ref#=0 
11-10 13:19:32.545 16696 17223 E LynxModule: unable to find originating command for packetid=0xff03 msg#=190 ref#=190
11-10 13:19:33.354 16696 17242 V LynxModule: retransmitting: mod=2 cmd=0x7f05 msg#=193 ref#=0 
11-10 13:19:33.356 16696 17242 F Assert  : assertion failed
11-10 13:19:33.356 16696 17242 E Assert  : java.lang.RuntimeException: assertion failed
11-10 13:19:33.357 16696 17242 E Assert  : 	at org.firstinspires.ftc.robotcore.internal.system.Assert.assertFailed(Assert.java:127)
11-10 13:19:33.358 16696 17242 E Assert  : 	at org.firstinspires.ftc.robotcore.internal.system.Assert.assertTrue(Assert.java:52)
11-10 13:19:33.359 16696 17242 E Assert  : 	at com.qualcomm.hardware.lynx.LynxUsbDeviceImpl.transmit(LynxUsbDeviceImpl.java:743)
11-10 13:19:33.359 16696 17242 E Assert  : 	at com.qualcomm.hardware.lynx.LynxUsbDeviceDelegate.transmit(LynxUsbDeviceDelegate.java:186)
11-10 13:19:33.359 16696 17242 E Assert  : 	at com.qualcomm.hardware.lynx.LynxModule.retransmit(LynxModule.java:1161)
11-10 13:19:33.359 16696 17242 E Assert  : 	at com.qualcomm.hardware.lynx.commands.LynxRespondable.awaitAndRetransmit(LynxRespondable.java:364)
11-10 13:19:33.362 16696 17242 E Assert  : 	at com.qualcomm.hardware.lynx.commands.LynxRespondable.awaitAckResponseOrNack(LynxRespondable.java:376)
11-10 13:19:33.362 16696 17242 E Assert  : 	at com.qualcomm.hardware.lynx.commands.LynxRespondable.send(LynxRespondable.java:238)
11-10 13:19:33.362 16696 17242 E Assert  : 	at com.qualcomm.hardware.lynx.LynxModule.failSafe(LynxModule.java:1032)
11-10 13:19:33.362 16696 17242 E Assert  : 	at com.qualcomm.hardware.lynx.LynxUsbDeviceImpl.failSafe(LynxUsbDeviceImpl.java:431)
11-10 13:19:33.363 16696 17242 E Assert  : 	at com.qualcomm.hardware.lynx.LynxUsbDeviceDelegate.failSafe(LynxUsbDeviceDelegate.java:146)
11-10 13:19:33.363 16696 17242 E Assert  : 	at org.firstinspires.ftc.robotcore.internal.opmode.OpModeManagerImpl$DefaultOpMode.staySafe(OpModeManagerImpl.java:654)
11-10 13:19:33.364 16696 17242 E Assert  : 	at org.firstinspires.ftc.robotcore.internal.opmode.OpModeManagerImpl$DefaultOpMode.init_loop(OpModeManagerImpl.java:596)
11-10 13:19:33.364 16696 17242 E Assert  : 	at org.firstinspires.ftc.robotcore.internal.opmode.OpModeManagerImpl$4.run(OpModeManagerImpl.java:517)
11-10 13:19:33.364 16696 17242 E Assert  : 	at org.firstinspires.ftc.robotcore.internal.opmode.OpModeManagerImpl.detectStuck(OpModeManagerImpl.java:391)
11-10 13:19:33.365 16696 17242 E Assert  : 	at org.firstinspires.ftc.robotcore.internal.opmode.OpModeManagerImpl.detectStuck(OpModeManagerImpl.java:385)
11-10 13:19:33.365 16696 17242 E Assert  : 	at org.firstinspires.ftc.robotcore.internal.opmode.OpModeManagerImpl.callActiveOpModeInitLoop(OpModeManagerImpl.java:515)
11-10 13:19:33.365 16696 17242 E Assert  : 	at org.firstinspires.ftc.robotcore.internal.opmode.OpModeManagerImpl.runActiveOpMode(OpModeManagerImpl.java:332)
11-10 13:19:33.366 16696 17242 E Assert  : 	at com.qualcomm.ftccommon.FtcEventLoop.loop(FtcEventLoop.java:209)
11-10 13:19:33.366 16696 17242 E Assert  : 	at com.qualcomm.robotcore.eventloop.EventLoopManager$EventLoopRunnable$1.run(EventLoopManager.java:298)
11-10 13:19:33.366 16696 17242 E Assert  : 	at com.qualcomm.robotcore.util.ThreadPool.logThreadLifeCycle(ThreadPool.java:709)
11-10 13:19:33.366 16696 17242 E Assert  : 	at com.qualcomm.robotcore.eventloop.EventLoopManager$EventLoopRunnable.run(EventLoopManager.java:241)
11-10 13:19:33.367 16696 17242 E Assert  : 	at com.qualcomm.robotcore.eventloop.EventLoopManager$1.run(EventLoopManager.java:562)
11-10 13:19:33.368 16696 17242 E Assert  : 	at java.util.concurrent.ThreadPoolExecutor.runWorker(ThreadPoolExecutor.java:1113)
11-10 13:19:33.368 16696 17242 E Assert  : 	at java.util.concurrent.ThreadPoolExecutor$Worker.run(ThreadPoolExecutor.java:588)
11-10 13:19:33.368 16696 17242 E Assert  : 	at com.qualcomm.robotcore.util.ThreadPool$ThreadFactoryImpl$1.run(ThreadPool.java:764)
11-10 13:19:33.369 16696 17242 E Assert  : 	at java.lang.Thread.run(Thread.java:818)
11-10 13:19:33.369 16696 17242 E EventLoopManager: Event loop threw an exception
11-10 13:19:33.370 16696 17242 E EventLoopManager: java.lang.NullPointerException: Attempt to invoke virtual method 'byte[] com.qualcomm.hardware.lynx.commands.LynxDatagram.toByteArray()' on a null object reference
11-10 13:19:33.371 16696 17242 E EventLoopManager: 	at com.qualcomm.hardware.lynx.LynxUsbDeviceImpl.transmit(LynxUsbDeviceImpl.java:745)
11-10 13:19:33.371 16696 17242 E EventLoopManager: 	at com.qualcomm.hardware.lynx.LynxUsbDeviceDelegate.transmit(LynxUsbDeviceDelegate.java:186)
11-10 13:19:33.371 16696 17242 E EventLoopManager: 	at com.qualcomm.hardware.lynx.LynxModule.retransmit(LynxModule.java:1161)
11-10 13:19:33.371 16696 17242 E EventLoopManager: 	at com.qualcomm.hardware.lynx.commands.LynxRespondable.awaitAndRetransmit(LynxRespondable.java:364)
11-10 13:19:33.372 16696 17242 E EventLoopManager: 	at com.qualcomm.hardware.lynx.commands.LynxRespondable.awaitAckResponseOrNack(LynxRespondable.java:376)
11-10 13:19:33.372 16696 17242 E EventLoopManager: 	at com.qualcomm.hardware.lynx.commands.LynxRespondable.send(LynxRespondable.java:238)
